12:58:35 **** Incremental Build of configuration Debug for project fw_acquisition_data ****
make -j12 all 
arm-none-eabi-gcc "../Core/Src/main.c" -mcpu=cortex-m4 -std=gnu11 -g3 -DDEBUG -DUSE_HAL_DRIVER -DSTM32F401xE -c -I../FATFS/Target -I../FATFS/App -I../Core/Inc -I../Drivers/STM32F4xx_HAL_Driver/Inc -I../Drivers/STM32F4xx_HAL_Driver/Inc/Legacy -I../Middlewares/Third_Party/FatFs/src -I../Drivers/CMSIS/Device/ST/STM32F4xx/Include -I../Drivers/CMSIS/Include -I../MEMS/Target -I../Drivers/BSP/Components/lsm6dsv16x -I../MEMS/App -I../Drivers/BSP/STM32F4xx_Nucleo -I../Drivers/BSP/Components/lis2duxs12 -I../Drivers/BSP/Components/lis2mdl -I../Drivers/BSP/Components/lsm6dso16is -I../Drivers/BSP/Components/sht40ad1b -I../Drivers/BSP/Components/lps22df -I../Drivers/BSP/Components/stts22h -I../Drivers/BSP/IKS4A1 -I../Drivers/BSP/Components/Common -O0 -ffunction-sections -fdata-sections -Wall -fstack-usage -fcyclomatic-complexity -MMD -MP -MF"Core/Src/main.d" -MT"Core/Src/main.o" --specs=nano.specs -mfpu=fpv4-sp-d16 -mfloat-abi=hard -mthumb -o "Core/Src/main.o"
arm-none-eabi-gcc -o "fw_acquisition_data.elf" @"objects.list"   -mcpu=cortex-m4 -T"C:\Users\lucas.silva.JASSY\Desktop\git_lucas\mba_dsa\fw_acquisition_data\STM32F401RETX_FLASH.ld" --specs=nosys.specs -Wl,-Map="fw_acquisition_data.map" -Wl,--gc-sections -static --specs=nano.specs -mfpu=fpv4-sp-d16 -mfloat-abi=hard -mthumb -Wl,--start-group -lc -lm -Wl,--end-group
Finished building target: fw_acquisition_data.elf
 
arm-none-eabi-size  fw_acquisition_data.elf 
arm-none-eabi-objdump -h -S fw_acquisition_data.elf  > "fw_acquisition_data.list"
   text	   data	    bss	    dec	    hex	filename
  94640	    644	  87908	 183192	  2cb98	fw_acquisition_data.elf
Finished building: default.size.stdout
 
Finished building: fw_acquisition_data.list
 

12:58:39 Build Finished. 0 errors, 0 warnings. (took 3s.336ms)

