12:46:55 **** Clean-only build of configuration Debug for project fw_acquisition_data ****
make -j12 clean 
rm -rf ./Middlewares/Third_Party/FatFs/src/option/ccsbcs.cyclo ./Middlewares/Third_Party/FatFs/src/option/ccsbcs.d ./Middlewares/Third_Party/FatFs/src/option/ccsbcs.o ./Middlewares/Third_Party/FatFs/src/option/ccsbcs.su ./Middlewares/Third_Party/FatFs/src/option/syscall.cyclo ./Middlewares/Third_Party/FatFs/src/option/syscall.d ./Middlewares/Third_Party/FatFs/src/option/syscall.o ./Middlewares/Third_Party/FatFs/src/option/syscall.su
rm -rf ./Middlewares/Third_Party/FatFs/src/diskio.cyclo ./Middlewares/Third_Party/FatFs/src/diskio.d ./Middlewares/Third_Party/FatFs/src/diskio.o ./Middlewares/Third_Party/FatFs/src/diskio.su ./Middlewares/Third_Party/FatFs/src/ff.cyclo ./Middlewares/Third_Party/FatFs/src/ff.d ./Middlewares/Third_Party/FatFs/src/ff.o ./Middlewares/Third_Party/FatFs/src/ff.su ./Middlewares/Third_Party/FatFs/src/ff_gen_drv.cyclo ./Middlewares/Third_Party/FatFs/src/ff_gen_drv.d ./Middlewares/Third_Party/FatFs/src/ff_gen_drv.o ./Middlewares/Third_Party/FatFs/src/ff_gen_drv.su
rm -rf ./MEMS/App/app_mems.cyclo ./MEMS/App/app_mems.d ./MEMS/App/app_mems.o ./MEMS/App/app_mems.su
rm -rf ./FATFS/Target/user_diskio.cyclo ./FATFS/Target/user_diskio.d ./FATFS/Target/user_diskio.o ./FATFS/Target/user_diskio.su
rm -rf ./FATFS/App/fatfs.cyclo ./FATFS/App/fatfs.d ./FATFS/App/fatfs.o ./FATFS/App/fatfs.su
rm -rf ./Drivers/STM32F4xx_HAL_Driver/Src/stm32f4xx_hal.cyclo ./Drivers/STM32F4xx_HAL_Driver/Src/stm32f4xx_hal.d ./Drivers/STM32F4xx_HAL_Driver/Src/stm32f4xx_hal.o ./Drivers/STM32F4xx_HAL_Driver/Src/stm32f4xx_hal.su ./Drivers/STM32F4xx_HAL_Driver/Src/stm32f4xx_hal_cortex.cyclo ./Drivers/STM32F4xx_HAL_Driver/Src/stm32f4xx_hal_cortex.d ./Drivers/STM32F4xx_HAL_Driver/Src/stm32f4xx_hal_cortex.o ./Drivers/STM32F4xx_HAL_Driver/Src/stm32f4xx_hal_cortex.su ./Drivers/STM32F4xx_HAL_Driver/Src/stm32f4xx_hal_dma.cyclo ./Drivers/STM32F4xx_HAL_Driver/Src/stm32f4xx_hal_dma.d ./Drivers/STM32F4xx_HAL_Driver/Src/stm32f4xx_hal_dma.o ./Drivers/STM32F4xx_HAL_Driver/Src/stm32f4xx_hal_dma.su ./Drivers/STM32F4xx_HAL_Driver/Src/stm32f4xx_hal_dma_ex.cyclo ./Drivers/STM32F4xx_HAL_Driver/Src/stm32f4xx_hal_dma_ex.d ./Drivers/STM32F4xx_HAL_Driver/Src/stm32f4xx_hal_dma_ex.o ./Drivers/STM32F4xx_HAL_Driver/Src/stm32f4xx_hal_dma_ex.su ./Drivers/STM32F4xx_HAL_Driver/Src/stm32f4xx_hal_exti.cyclo ./Drivers/STM32F4xx_HAL_Driver/Src/stm32f4xx_hal_exti.d ./Drivers/STM32F4xx_HAL_Driver/Src/stm32f4xx_hal_exti.o ./Drivers/STM32F4xx_HAL_Driver/Src/stm32f4xx_hal_exti.su ./Drivers/STM32F4xx_HAL_Driver/Src/stm32f4xx_hal_flash.cyclo ./Drivers/STM32F4xx_HAL_Driver/Src/stm32f4xx_hal_flash.d ./Drivers/STM32F4xx_HAL_Driver/Src/stm32f4xx_hal_flash.o ./Drivers/STM32F4xx_HAL_Driver/Src/stm32f4xx_hal_flash.su ./Drivers/STM32F4xx_HAL_Driver/Src/stm32f4xx_hal_flash_ex.cyclo ./Drivers/STM32F4xx_HAL_Driver/Src/stm32f4xx_hal_flash_ex.d ./Drivers/STM32F4xx_HAL_Driver/Src/stm32f4xx_hal_flash_ex.o ./Drivers/STM32F4xx_HAL_Driver/Src/stm32f4xx_hal_flash_ex.su ./Drivers/STM32F4xx_HAL_Driver/Src/stm32f4xx_hal_flash_ramfunc.cyclo ./Drivers/STM32F4xx_HAL_Driver/Src/stm32f4xx_hal_flash_ramfunc.d ./Drivers/STM32F4xx_HAL_Driver/Src/stm32f4xx_hal_flash_ramfunc.o ./Drivers/STM32F4xx_HAL_Driver/Src/stm32f4xx_hal_flash_ramfunc.su ./Drivers/STM32F4xx_HAL_Driver/Src/stm32f4xx_hal_gpio.cyclo ./Drivers/STM32F4xx_HAL_Driver/Src/stm32f4xx_hal_gpio.d ./Drivers/STM32F4xx_HAL_Driver/Src/stm32f4xx_hal_gpio.o ./Drivers/STM32F4xx_HAL_Driver/Src/stm32f4xx_hal_gpio.su ./Drivers/STM32F4xx_HAL_Driver/Src/stm32f4xx_hal_i2c.cyclo ./Drivers/STM32F4xx_HAL_Driver/Src/stm32f4xx_hal_i2c.d ./Drivers/STM32F4xx_HAL_Driver/Src/stm32f4xx_hal_i2c.o ./Drivers/STM32F4xx_HAL_Driver/Src/stm32f4xx_hal_i2c.su ./Drivers/STM32F4xx_HAL_Driver/Src/stm32f4xx_hal_i2c_ex.cyclo ./Drivers/STM32F4xx_HAL_Driver/Src/stm32f4xx_hal_i2c_ex.d ./Drivers/STM32F4xx_HAL_Driver/Src/stm32f4xx_hal_i2c_ex.o ./Drivers/STM32F4xx_HAL_Driver/Src/stm32f4xx_hal_i2c_ex.su ./Drivers/STM32F4xx_HAL_Driver/Src/stm32f4xx_hal_pwr.cyclo ./Drivers/STM32F4xx_HAL_Driver/Src/stm32f4xx_hal_pwr.d ./Drivers/STM32F4xx_HAL_Driver/Src/stm32f4xx_hal_pwr.o ./Drivers/STM32F4xx_HAL_Driver/Src/stm32f4xx_hal_pwr.su ./Drivers/STM32F4xx_HAL_Driver/Src/stm32f4xx_hal_pwr_ex.cyclo ./Drivers/STM32F4xx_HAL_Driver/Src/stm32f4xx_hal_pwr_ex.d ./Drivers/STM32F4xx_HAL_Driver/Src/stm32f4xx_hal_pwr_ex.o ./Drivers/STM32F4xx_HAL_Driver/Src/stm32f4xx_hal_pwr_ex.su ./Drivers/STM32F4xx_HAL_Driver/Src/stm32f4xx_hal_rcc.cyclo ./Drivers/STM32F4xx_HAL_Driver/Src/stm32f4xx_hal_rcc.d ./Drivers/STM32F4xx_HAL_Driver/Src/stm32f4xx_hal_rcc.o ./Drivers/STM32F4xx_HAL_Driver/Src/stm32f4xx_hal_rcc.su ./Drivers/STM32F4xx_HAL_Driver/Src/stm32f4xx_hal_rcc_ex.cyclo ./Drivers/STM32F4xx_HAL_Driver/Src/stm32f4xx_hal_rcc_ex.d ./Drivers/STM32F4xx_HAL_Driver/Src/stm32f4xx_hal_rcc_ex.o ./Drivers/STM32F4xx_HAL_Driver/Src/stm32f4xx_hal_rcc_ex.su ./Drivers/STM32F4xx_HAL_Driver/Src/stm32f4xx_hal_spi.cyclo ./Drivers/STM32F4xx_HAL_Driver/Src/stm32f4xx_hal_spi.d ./Drivers/STM32F4xx_HAL_Driver/Src/stm32f4xx_hal_spi.o ./Drivers/STM32F4xx_HAL_Driver/Src/stm32f4xx_hal_spi.su ./Drivers/STM32F4xx_HAL_Driver/Src/stm32f4xx_hal_tim.cyclo ./Drivers/STM32F4xx_HAL_Driver/Src/stm32f4xx_hal_tim.d ./Drivers/STM32F4xx_HAL_Driver/Src/stm32f4xx_hal_tim.o ./Drivers/STM32F4xx_HAL_Driver/Src/stm32f4xx_hal_tim.su ./Drivers/STM32F4xx_HAL_Driver/Src/stm32f4xx_hal_tim_ex.cyclo ./Drivers/STM32F4xx_HAL_Driver/Src/stm32f4xx_hal_tim_ex.d ./Drivers/STM32F4xx_HAL_Driver/Src/stm32f4xx_hal_tim_ex.o ./Drivers/STM32F4xx_HAL_Driver/Src/stm32f4xx_hal_tim_ex.su ./Drivers/STM32F4xx_HAL_Driver/Src/stm32f4xx_hal_uart.cyclo ./Drivers/STM32F4xx_HAL_Driver/Src/stm32f4xx_hal_uart.d ./Drivers/STM32F4xx_HAL_Driver/Src/stm32f4xx_hal_uart.o ./Drivers/STM32F4xx_HAL_Driver/Src/stm32f4xx_hal_uart.su
rm -rf ./Drivers/BSP/STM32F4xx_Nucleo/stm32f4xx_nucleo.cyclo ./Drivers/BSP/STM32F4xx_Nucleo/stm32f4xx_nucleo.d ./Drivers/BSP/STM32F4xx_Nucleo/stm32f4xx_nucleo.o ./Drivers/BSP/STM32F4xx_Nucleo/stm32f4xx_nucleo.su
rm -rf ./Drivers/BSP/IKS4A1/iks4a1_env_sensors.cyclo ./Drivers/BSP/IKS4A1/iks4a1_env_sensors.d ./Drivers/BSP/IKS4A1/iks4a1_env_sensors.o ./Drivers/BSP/IKS4A1/iks4a1_env_sensors.su ./Drivers/BSP/IKS4A1/iks4a1_env_sensors_ex.cyclo ./Drivers/BSP/IKS4A1/iks4a1_env_sensors_ex.d ./Drivers/BSP/IKS4A1/iks4a1_env_sensors_ex.o ./Drivers/BSP/IKS4A1/iks4a1_env_sensors_ex.su ./Drivers/BSP/IKS4A1/iks4a1_motion_sensors.cyclo ./Drivers/BSP/IKS4A1/iks4a1_motion_sensors.d ./Drivers/BSP/IKS4A1/iks4a1_motion_sensors.o ./Drivers/BSP/IKS4A1/iks4a1_motion_sensors.su ./Drivers/BSP/IKS4A1/iks4a1_motion_sensors_ex.cyclo ./Drivers/BSP/IKS4A1/iks4a1_motion_sensors_ex.d ./Drivers/BSP/IKS4A1/iks4a1_motion_sensors_ex.o ./Drivers/BSP/IKS4A1/iks4a1_motion_sensors_ex.su
rm -rf ./Drivers/BSP/Components/stts22h/stts22h.cyclo ./Drivers/BSP/Components/stts22h/stts22h.d ./Drivers/BSP/Components/stts22h/stts22h.o ./Drivers/BSP/Components/stts22h/stts22h.su ./Drivers/BSP/Components/stts22h/stts22h_reg.cyclo ./Drivers/BSP/Components/stts22h/stts22h_reg.d ./Drivers/BSP/Components/stts22h/stts22h_reg.o ./Drivers/BSP/Components/stts22h/stts22h_reg.su
rm -rf ./Drivers/BSP/Components/sht40ad1b/sht40ad1b.cyclo ./Drivers/BSP/Components/sht40ad1b/sht40ad1b.d ./Drivers/BSP/Components/sht40ad1b/sht40ad1b.o ./Drivers/BSP/Components/sht40ad1b/sht40ad1b.su ./Drivers/BSP/Components/sht40ad1b/sht40ad1b_reg.cyclo ./Drivers/BSP/Components/sht40ad1b/sht40ad1b_reg.d ./Drivers/BSP/Components/sht40ad1b/sht40ad1b_reg.o ./Drivers/BSP/Components/sht40ad1b/sht40ad1b_reg.su
rm -rf ./Drivers/BSP/Components/lsm6dsv16x/lsm6dsv16x.cyclo ./Drivers/BSP/Components/lsm6dsv16x/lsm6dsv16x.d ./Drivers/BSP/Components/lsm6dsv16x/lsm6dsv16x.o ./Drivers/BSP/Components/lsm6dsv16x/lsm6dsv16x.su ./Drivers/BSP/Components/lsm6dsv16x/lsm6dsv16x_reg.cyclo ./Drivers/BSP/Components/lsm6dsv16x/lsm6dsv16x_reg.d ./Drivers/BSP/Components/lsm6dsv16x/lsm6dsv16x_reg.o ./Drivers/BSP/Components/lsm6dsv16x/lsm6dsv16x_reg.su
rm -rf ./Drivers/BSP/Components/lsm6dso16is/lsm6dso16is.cyclo ./Drivers/BSP/Components/lsm6dso16is/lsm6dso16is.d ./Drivers/BSP/Components/lsm6dso16is/lsm6dso16is.o ./Drivers/BSP/Components/lsm6dso16is/lsm6dso16is.su ./Drivers/BSP/Components/lsm6dso16is/lsm6dso16is_reg.cyclo ./Drivers/BSP/Components/lsm6dso16is/lsm6dso16is_reg.d ./Drivers/BSP/Components/lsm6dso16is/lsm6dso16is_reg.o ./Drivers/BSP/Components/lsm6dso16is/lsm6dso16is_reg.su
rm -rf ./Drivers/BSP/Components/lps22df/lps22df.cyclo ./Drivers/BSP/Components/lps22df/lps22df.d ./Drivers/BSP/Components/lps22df/lps22df.o ./Drivers/BSP/Components/lps22df/lps22df.su ./Drivers/BSP/Components/lps22df/lps22df_reg.cyclo ./Drivers/BSP/Components/lps22df/lps22df_reg.d ./Drivers/BSP/Components/lps22df/lps22df_reg.o ./Drivers/BSP/Components/lps22df/lps22df_reg.su
rm -rf ./Drivers/BSP/Components/lis2mdl/lis2mdl.cyclo ./Drivers/BSP/Components/lis2mdl/lis2mdl.d ./Drivers/BSP/Components/lis2mdl/lis2mdl.o ./Drivers/BSP/Components/lis2mdl/lis2mdl.su ./Drivers/BSP/Components/lis2mdl/lis2mdl_reg.cyclo ./Drivers/BSP/Components/lis2mdl/lis2mdl_reg.d ./Drivers/BSP/Components/lis2mdl/lis2mdl_reg.o ./Drivers/BSP/Components/lis2mdl/lis2mdl_reg.su
rm -rf ./Drivers/BSP/Components/lis2duxs12/lis2duxs12.cyclo ./Drivers/BSP/Components/lis2duxs12/lis2duxs12.d ./Drivers/BSP/Components/lis2duxs12/lis2duxs12.o ./Drivers/BSP/Components/lis2duxs12/lis2duxs12.su ./Drivers/BSP/Components/lis2duxs12/lis2duxs12_reg.cyclo ./Drivers/BSP/Components/lis2duxs12/lis2duxs12_reg.d ./Drivers/BSP/Components/lis2duxs12/lis2duxs12_reg.o ./Drivers/BSP/Components/lis2duxs12/lis2duxs12_reg.su
rm -rf ./Core/Startup/startup_stm32f401retx.d ./Core/Startup/startup_stm32f401retx.o
rm -rf ./Core/Src/main.cyclo ./Core/Src/main.d ./Core/Src/main.o ./Core/Src/main.su ./Core/Src/sd_benchmark.cyclo ./Core/Src/sd_benchmark.d ./Core/Src/sd_benchmark.o ./Core/Src/sd_benchmark.su ./Core/Src/sd_diskio_spi.cyclo ./Core/Src/sd_diskio_spi.d ./Core/Src/sd_diskio_spi.o ./Core/Src/sd_diskio_spi.su ./Core/Src/sd_functions.cyclo ./Core/Src/sd_functions.d ./Core/Src/sd_functions.o ./Core/Src/sd_functions.su ./Core/Src/sd_spi.cyclo ./Core/Src/sd_spi.d ./Core/Src/sd_spi.o ./Core/Src/sd_spi.su ./Core/Src/stm32f4xx_hal_msp.cyclo ./Core/Src/stm32f4xx_hal_msp.d ./Core/Src/stm32f4xx_hal_msp.o ./Core/Src/stm32f4xx_hal_msp.su ./Core/Src/stm32f4xx_it.cyclo ./Core/Src/stm32f4xx_it.d ./Core/Src/stm32f4xx_it.o ./Core/Src/stm32f4xx_it.su ./Core/Src/stm32f4xx_nucleo_bus.cyclo ./Core/Src/stm32f4xx_nucleo_bus.d ./Core/Src/stm32f4xx_nucleo_bus.o ./Core/Src/stm32f4xx_nucleo_bus.su ./Core/Src/syscalls.cyclo ./Core/Src/syscalls.d ./Core/Src/syscalls.o ./Core/Src/syscalls.su ./Core/Src/sysmem.cyclo ./Core/Src/sysmem.d ./Core/Src/sysmem.o ./Core/Src/sysmem.su ./Core/Src/system_stm32f4xx.cyclo ./Core/Src/system_stm32f4xx.d ./Core/Src/system_stm32f4xx.o ./Core/Src/system_stm32f4xx.su
rm -rf default.size.stdout fw_acquisition_data.elf fw_acquisition_data.list fw_acquisition_data.map
 
12:46:57 **** Build of configuration Debug for project fw_acquisition_data ****
make -j12 all 
arm-none-eabi-gcc "../Middlewares/Third_Party/FatFs/src/option/ccsbcs.c" -mcpu=cortex-m4 -std=gnu11 -g3 -DDEBUG -DUSE_HAL_DRIVER -DSTM32F401xE -c -I../FATFS/Target -I../FATFS/App -I../Core/Inc -I../Drivers/STM32F4xx_HAL_Driver/Inc -I../Drivers/STM32F4xx_HAL_Driver/Inc/Legacy -I../Middlewares/Third_Party/FatFs/src -I../Drivers/CMSIS/Device/ST/STM32F4xx/Include -I../Drivers/CMSIS/Include -I../MEMS/Target -I../Drivers/BSP/Components/lsm6dsv16x -I../MEMS/App -I../Drivers/BSP/STM32F4xx_Nucleo -I../Drivers/BSP/Components/lis2duxs12 -I../Drivers/BSP/Components/lis2mdl -I../Drivers/BSP/Components/lsm6dso16is -I../Drivers/BSP/Components/sht40ad1b -I../Drivers/BSP/Components/lps22df -I../Drivers/BSP/Components/stts22h -I../Drivers/BSP/IKS4A1 -I../Drivers/BSP/Components/Common -O0 -ffunction-sections -fdata-sections -Wall -fstack-usage -fcyclomatic-complexity -MMD -MP -MF"Middlewares/Third_Party/FatFs/src/option/ccsbcs.d" -MT"Middlewares/Third_Party/FatFs/src/option/ccsbcs.o" --specs=nano.specs -mfpu=fpv4-sp-d16 -mfloat-abi=hard -mthumb -o "Middlewares/Third_Party/FatFs/src/option/ccsbcs.o"
arm-none-eabi-gcc "../Middlewares/Third_Party/FatFs/src/option/syscall.c" -mcpu=cortex-m4 -std=gnu11 -g3 -DDEBUG -DUSE_HAL_DRIVER -DSTM32F401xE -c -I../FATFS/Target -I../FATFS/App -I../Core/Inc -I../Drivers/STM32F4xx_HAL_Driver/Inc -I../Drivers/STM32F4xx_HAL_Driver/Inc/Legacy -I../Middlewares/Third_Party/FatFs/src -I../Drivers/CMSIS/Device/ST/STM32F4xx/Include -I../Drivers/CMSIS/Include -I../MEMS/Target -I../Drivers/BSP/Components/lsm6dsv16x -I../MEMS/App -I../Drivers/BSP/STM32F4xx_Nucleo -I../Drivers/BSP/Components/lis2duxs12 -I../Drivers/BSP/Components/lis2mdl -I../Drivers/BSP/Components/lsm6dso16is -I../Drivers/BSP/Components/sht40ad1b -I../Drivers/BSP/Components/lps22df -I../Drivers/BSP/Components/stts22h -I../Drivers/BSP/IKS4A1 -I../Drivers/BSP/Components/Common -O0 -ffunction-sections -fdata-sections -Wall -fstack-usage -fcyclomatic-complexity -MMD -MP -MF"Middlewares/Third_Party/FatFs/src/option/syscall.d" -MT"Middlewares/Third_Party/FatFs/src/option/syscall.o" --specs=nano.specs -mfpu=fpv4-sp-d16 -mfloat-abi=hard -mthumb -o "Middlewares/Third_Party/FatFs/src/option/syscall.o"
arm-none-eabi-gcc "../Middlewares/Third_Party/FatFs/src/diskio.c" -mcpu=cortex-m4 -std=gnu11 -g3 -DDEBUG -DUSE_HAL_DRIVER -DSTM32F401xE -c -I../FATFS/Target -I../FATFS/App -I../Core/Inc -I../Drivers/STM32F4xx_HAL_Driver/Inc -I../Drivers/STM32F4xx_HAL_Driver/Inc/Legacy -I../Middlewares/Third_Party/FatFs/src -I../Drivers/CMSIS/Device/ST/STM32F4xx/Include -I../Drivers/CMSIS/Include -I../MEMS/Target -I../Drivers/BSP/Components/lsm6dsv16x -I../MEMS/App -I../Drivers/BSP/STM32F4xx_Nucleo -I../Drivers/BSP/Components/lis2duxs12 -I../Drivers/BSP/Components/lis2mdl -I../Drivers/BSP/Components/lsm6dso16is -I../Drivers/BSP/Components/sht40ad1b -I../Drivers/BSP/Components/lps22df -I../Drivers/BSP/Components/stts22h -I../Drivers/BSP/IKS4A1 -I../Drivers/BSP/Components/Common -O0 -ffunction-sections -fdata-sections -Wall -fstack-usage -fcyclomatic-complexity -MMD -MP -MF"Middlewares/Third_Party/FatFs/src/diskio.d" -MT"Middlewares/Third_Party/FatFs/src/diskio.o" --specs=nano.specs -mfpu=fpv4-sp-d16 -mfloat-abi=hard -mthumb -o "Middlewares/Third_Party/FatFs/src/diskio.o"
arm-none-eabi-gcc "../Middlewares/Third_Party/FatFs/src/ff.c" -mcpu=cortex-m4 -std=gnu11 -g3 -DDEBUG -DUSE_HAL_DRIVER -DSTM32F401xE -c -I../FATFS/Target -I../FATFS/App -I../Core/Inc -I../Drivers/STM32F4xx_HAL_Driver/Inc -I../Drivers/STM32F4xx_HAL_Driver/Inc/Legacy -I../Middlewares/Third_Party/FatFs/src -I../Drivers/CMSIS/Device/ST/STM32F4xx/Include -I../Drivers/CMSIS/Include -I../MEMS/Target -I../Drivers/BSP/Components/lsm6dsv16x -I../MEMS/App -I../Drivers/BSP/STM32F4xx_Nucleo -I../Drivers/BSP/Components/lis2duxs12 -I../Drivers/BSP/Components/lis2mdl -I../Drivers/BSP/Components/lsm6dso16is -I../Drivers/BSP/Components/sht40ad1b -I../Drivers/BSP/Components/lps22df -I../Drivers/BSP/Components/stts22h -I../Drivers/BSP/IKS4A1 -I../Drivers/BSP/Components/Common -O0 -ffunction-sections -fdata-sections -Wall -fstack-usage -fcyclomatic-complexity -MMD -MP -MF"Middlewares/Third_Party/FatFs/src/ff.d" -MT"Middlewares/Third_Party/FatFs/src/ff.o" --specs=nano.specs -mfpu=fpv4-sp-d16 -mfloat-abi=hard -mthumb -o "Middlewares/Third_Party/FatFs/src/ff.o"
arm-none-eabi-gcc "../Middlewares/Third_Party/FatFs/src/ff_gen_drv.c" -mcpu=cortex-m4 -std=gnu11 -g3 -DDEBUG -DUSE_HAL_DRIVER -DSTM32F401xE -c -I../FATFS/Target -I../FATFS/App -I../Core/Inc -I../Drivers/STM32F4xx_HAL_Driver/Inc -I../Drivers/STM32F4xx_HAL_Driver/Inc/Legacy -I../Middlewares/Third_Party/FatFs/src -I../Drivers/CMSIS/Device/ST/STM32F4xx/Include -I../Drivers/CMSIS/Include -I../MEMS/Target -I../Drivers/BSP/Components/lsm6dsv16x -I../MEMS/App -I../Drivers/BSP/STM32F4xx_Nucleo -I../Drivers/BSP/Components/lis2duxs12 -I../Drivers/BSP/Components/lis2mdl -I../Drivers/BSP/Components/lsm6dso16is -I../Drivers/BSP/Components/sht40ad1b -I../Drivers/BSP/Components/lps22df -I../Drivers/BSP/Components/stts22h -I../Drivers/BSP/IKS4A1 -I../Drivers/BSP/Components/Common -O0 -ffunction-sections -fdata-sections -Wall -fstack-usage -fcyclomatic-complexity -MMD -MP -MF"Middlewares/Third_Party/FatFs/src/ff_gen_drv.d" -MT"Middlewares/Third_Party/FatFs/src/ff_gen_drv.o" --specs=nano.specs -mfpu=fpv4-sp-d16 -mfloat-abi=hard -mthumb -o "Middlewares/Third_Party/FatFs/src/ff_gen_drv.o"
arm-none-eabi-gcc "../MEMS/App/app_mems.c" -mcpu=cortex-m4 -std=gnu11 -g3 -DDEBUG -DUSE_HAL_DRIVER -DSTM32F401xE -c -I../FATFS/Target -I../FATFS/App -I../Core/Inc -I../Drivers/STM32F4xx_HAL_Driver/Inc -I../Drivers/STM32F4xx_HAL_Driver/Inc/Legacy -I../Middlewares/Third_Party/FatFs/src -I../Drivers/CMSIS/Device/ST/STM32F4xx/Include -I../Drivers/CMSIS/Include -I../MEMS/Target -I../Drivers/BSP/Components/lsm6dsv16x -I../MEMS/App -I../Drivers/BSP/STM32F4xx_Nucleo -I../Drivers/BSP/Components/lis2duxs12 -I../Drivers/BSP/Components/lis2mdl -I../Drivers/BSP/Components/lsm6dso16is -I../Drivers/BSP/Components/sht40ad1b -I../Drivers/BSP/Components/lps22df -I../Drivers/BSP/Components/stts22h -I../Drivers/BSP/IKS4A1 -I../Drivers/BSP/Components/Common -O0 -ffunction-sections -fdata-sections -Wall -fstack-usage -fcyclomatic-complexity -MMD -MP -MF"MEMS/App/app_mems.d" -MT"MEMS/App/app_mems.o" --specs=nano.specs -mfpu=fpv4-sp-d16 -mfloat-abi=hard -mthumb -o "MEMS/App/app_mems.o"
arm-none-eabi-gcc "../FATFS/Target/user_diskio.c" -mcpu=cortex-m4 -std=gnu11 -g3 -DDEBUG -DUSE_HAL_DRIVER -DSTM32F401xE -c -I../FATFS/Target -I../FATFS/App -I../Core/Inc -I../Drivers/STM32F4xx_HAL_Driver/Inc -I../Drivers/STM32F4xx_HAL_Driver/Inc/Legacy -I../Middlewares/Third_Party/FatFs/src -I../Drivers/CMSIS/Device/ST/STM32F4xx/Include -I../Drivers/CMSIS/Include -I../MEMS/Target -I../Drivers/BSP/Components/lsm6dsv16x -I../MEMS/App -I../Drivers/BSP/STM32F4xx_Nucleo -I../Drivers/BSP/Components/lis2duxs12 -I../Drivers/BSP/Components/lis2mdl -I../Drivers/BSP/Components/lsm6dso16is -I../Drivers/BSP/Components/sht40ad1b -I../Drivers/BSP/Components/lps22df -I../Drivers/BSP/Components/stts22h -I../Drivers/BSP/IKS4A1 -I../Drivers/BSP/Components/Common -O0 -ffunction-sections -fdata-sections -Wall -fstack-usage -fcyclomatic-complexity -MMD -MP -MF"FATFS/Target/user_diskio.d" -MT"FATFS/Target/user_diskio.o" --specs=nano.specs -mfpu=fpv4-sp-d16 -mfloat-abi=hard -mthumb -o "FATFS/Target/user_diskio.o"
arm-none-eabi-gcc "../FATFS/App/fatfs.c" -mcpu=cortex-m4 -std=gnu11 -g3 -DDEBUG -DUSE_HAL_DRIVER -DSTM32F401xE -c -I../FATFS/Target -I../FATFS/App -I../Core/Inc -I../Drivers/STM32F4xx_HAL_Driver/Inc -I../Drivers/STM32F4xx_HAL_Driver/Inc/Legacy -I../Middlewares/Third_Party/FatFs/src -I../Drivers/CMSIS/Device/ST/STM32F4xx/Include -I../Drivers/CMSIS/Include -I../MEMS/Target -I../Drivers/BSP/Components/lsm6dsv16x -I../MEMS/App -I../Drivers/BSP/STM32F4xx_Nucleo -I../Drivers/BSP/Components/lis2duxs12 -I../Drivers/BSP/Components/lis2mdl -I../Drivers/BSP/Components/lsm6dso16is -I../Drivers/BSP/Components/sht40ad1b -I../Drivers/BSP/Components/lps22df -I../Drivers/BSP/Components/stts22h -I../Drivers/BSP/IKS4A1 -I../Drivers/BSP/Components/Common -O0 -ffunction-sections -fdata-sections -Wall -fstack-usage -fcyclomatic-complexity -MMD -MP -MF"FATFS/App/fatfs.d" -MT"FATFS/App/fatfs.o" --specs=nano.specs -mfpu=fpv4-sp-d16 -mfloat-abi=hard -mthumb -o "FATFS/App/fatfs.o"
arm-none-eabi-gcc "../Drivers/STM32F4xx_HAL_Driver/Src/stm32f4xx_hal.c" -mcpu=cortex-m4 -std=gnu11 -g3 -DDEBUG -DUSE_HAL_DRIVER -DSTM32F401xE -c -I../FATFS/Target -I../FATFS/App -I../Core/Inc -I../Drivers/STM32F4xx_HAL_Driver/Inc -I../Drivers/STM32F4xx_HAL_Driver/Inc/Legacy -I../Middlewares/Third_Party/FatFs/src -I../Drivers/CMSIS/Device/ST/STM32F4xx/Include -I../Drivers/CMSIS/Include -I../MEMS/Target -I../Drivers/BSP/Components/lsm6dsv16x -I../MEMS/App -I../Drivers/BSP/STM32F4xx_Nucleo -I../Drivers/BSP/Components/lis2duxs12 -I../Drivers/BSP/Components/lis2mdl -I../Drivers/BSP/Components/lsm6dso16is -I../Drivers/BSP/Components/sht40ad1b -I../Drivers/BSP/Components/lps22df -I../Drivers/BSP/Components/stts22h -I../Drivers/BSP/IKS4A1 -I../Drivers/BSP/Components/Common -O0 -ffunction-sections -fdata-sections -Wall -fstack-usage -fcyclomatic-complexity -MMD -MP -MF"Drivers/STM32F4xx_HAL_Driver/Src/stm32f4xx_hal.d" -MT"Drivers/STM32F4xx_HAL_Driver/Src/stm32f4xx_hal.o" --specs=nano.specs -mfpu=fpv4-sp-d16 -mfloat-abi=hard -mthumb -o "Drivers/STM32F4xx_HAL_Driver/Src/stm32f4xx_hal.o"
arm-none-eabi-gcc "../Drivers/STM32F4xx_HAL_Driver/Src/stm32f4xx_hal_cortex.c" -mcpu=cortex-m4 -std=gnu11 -g3 -DDEBUG -DUSE_HAL_DRIVER -DSTM32F401xE -c -I../FATFS/Target -I../FATFS/App -I../Core/Inc -I../Drivers/STM32F4xx_HAL_Driver/Inc -I../Drivers/STM32F4xx_HAL_Driver/Inc/Legacy -I../Middlewares/Third_Party/FatFs/src -I../Drivers/CMSIS/Device/ST/STM32F4xx/Include -I../Drivers/CMSIS/Include -I../MEMS/Target -I../Drivers/BSP/Components/lsm6dsv16x -I../MEMS/App -I../Drivers/BSP/STM32F4xx_Nucleo -I../Drivers/BSP/Components/lis2duxs12 -I../Drivers/BSP/Components/lis2mdl -I../Drivers/BSP/Components/lsm6dso16is -I../Drivers/BSP/Components/sht40ad1b -I../Drivers/BSP/Components/lps22df -I../Drivers/BSP/Components/stts22h -I../Drivers/BSP/IKS4A1 -I../Drivers/BSP/Components/Common -O0 -ffunction-sections -fdata-sections -Wall -fstack-usage -fcyclomatic-complexity -MMD -MP -MF"Drivers/STM32F4xx_HAL_Driver/Src/stm32f4xx_hal_cortex.d" -MT"Drivers/STM32F4xx_HAL_Driver/Src/stm32f4xx_hal_cortex.o" --specs=nano.specs -mfpu=fpv4-sp-d16 -mfloat-abi=hard -mthumb -o "Drivers/STM32F4xx_HAL_Driver/Src/stm32f4xx_hal_cortex.o"
arm-none-eabi-gcc "../Drivers/STM32F4xx_HAL_Driver/Src/stm32f4xx_hal_dma.c" -mcpu=cortex-m4 -std=gnu11 -g3 -DDEBUG -DUSE_HAL_DRIVER -DSTM32F401xE -c -I../FATFS/Target -I../FATFS/App -I../Core/Inc -I../Drivers/STM32F4xx_HAL_Driver/Inc -I../Drivers/STM32F4xx_HAL_Driver/Inc/Legacy -I../Middlewares/Third_Party/FatFs/src -I../Drivers/CMSIS/Device/ST/STM32F4xx/Include -I../Drivers/CMSIS/Include -I../MEMS/Target -I../Drivers/BSP/Components/lsm6dsv16x -I../MEMS/App -I../Drivers/BSP/STM32F4xx_Nucleo -I../Drivers/BSP/Components/lis2duxs12 -I../Drivers/BSP/Components/lis2mdl -I../Drivers/BSP/Components/lsm6dso16is -I../Drivers/BSP/Components/sht40ad1b -I../Drivers/BSP/Components/lps22df -I../Drivers/BSP/Components/stts22h -I../Drivers/BSP/IKS4A1 -I../Drivers/BSP/Components/Common -O0 -ffunction-sections -fdata-sections -Wall -fstack-usage -fcyclomatic-complexity -MMD -MP -MF"Drivers/STM32F4xx_HAL_Driver/Src/stm32f4xx_hal_dma.d" -MT"Drivers/STM32F4xx_HAL_Driver/Src/stm32f4xx_hal_dma.o" --specs=nano.specs -mfpu=fpv4-sp-d16 -mfloat-abi=hard -mthumb -o "Drivers/STM32F4xx_HAL_Driver/Src/stm32f4xx_hal_dma.o"
arm-none-eabi-gcc "../Drivers/STM32F4xx_HAL_Driver/Src/stm32f4xx_hal_dma_ex.c" -mcpu=cortex-m4 -std=gnu11 -g3 -DDEBUG -DUSE_HAL_DRIVER -DSTM32F401xE -c -I../FATFS/Target -I../FATFS/App -I../Core/Inc -I../Drivers/STM32F4xx_HAL_Driver/Inc -I../Drivers/STM32F4xx_HAL_Driver/Inc/Legacy -I../Middlewares/Third_Party/FatFs/src -I../Drivers/CMSIS/Device/ST/STM32F4xx/Include -I../Drivers/CMSIS/Include -I../MEMS/Target -I../Drivers/BSP/Components/lsm6dsv16x -I../MEMS/App -I../Drivers/BSP/STM32F4xx_Nucleo -I../Drivers/BSP/Components/lis2duxs12 -I../Drivers/BSP/Components/lis2mdl -I../Drivers/BSP/Components/lsm6dso16is -I../Drivers/BSP/Components/sht40ad1b -I../Drivers/BSP/Components/lps22df -I../Drivers/BSP/Components/stts22h -I../Drivers/BSP/IKS4A1 -I../Drivers/BSP/Components/Common -O0 -ffunction-sections -fdata-sections -Wall -fstack-usage -fcyclomatic-complexity -MMD -MP -MF"Drivers/STM32F4xx_HAL_Driver/Src/stm32f4xx_hal_dma_ex.d" -MT"Drivers/STM32F4xx_HAL_Driver/Src/stm32f4xx_hal_dma_ex.o" --specs=nano.specs -mfpu=fpv4-sp-d16 -mfloat-abi=hard -mthumb -o "Drivers/STM32F4xx_HAL_Driver/Src/stm32f4xx_hal_dma_ex.o"
../Middlewares/Third_Party/FatFs/src/ff.c: In function 'f_setlabel':
../Middlewares/Third_Party/FatFs/src/ff.c:5032:9: warning: this 'for' clause does not guard... [-Wmisleading-indentation]
 5032 |         for (slen = 0; (UINT)label[slen] >= ' '; slen++) ;      /* Get name length */
      |         ^~~
../Middlewares/Third_Party/FatFs/src/ff.c:5052:9: note: ...this statement, but the latter is misleadingly indented as if it were guarded by the 'for'
 5052 |         {       /* On the FAT12/16/32 volume */
      |         ^
arm-none-eabi-gcc "../Drivers/STM32F4xx_HAL_Driver/Src/stm32f4xx_hal_exti.c" -mcpu=cortex-m4 -std=gnu11 -g3 -DDEBUG -DUSE_HAL_DRIVER -DSTM32F401xE -c -I../FATFS/Target -I../FATFS/App -I../Core/Inc -I../Drivers/STM32F4xx_HAL_Driver/Inc -I../Drivers/STM32F4xx_HAL_Driver/Inc/Legacy -I../Middlewares/Third_Party/FatFs/src -I../Drivers/CMSIS/Device/ST/STM32F4xx/Include -I../Drivers/CMSIS/Include -I../MEMS/Target -I../Drivers/BSP/Components/lsm6dsv16x -I../MEMS/App -I../Drivers/BSP/STM32F4xx_Nucleo -I../Drivers/BSP/Components/lis2duxs12 -I../Drivers/BSP/Components/lis2mdl -I../Drivers/BSP/Components/lsm6dso16is -I../Drivers/BSP/Components/sht40ad1b -I../Drivers/BSP/Components/lps22df -I../Drivers/BSP/Components/stts22h -I../Drivers/BSP/IKS4A1 -I../Drivers/BSP/Components/Common -O0 -ffunction-sections -fdata-sections -Wall -fstack-usage -fcyclomatic-complexity -MMD -MP -MF"Drivers/STM32F4xx_HAL_Driver/Src/stm32f4xx_hal_exti.d" -MT"Drivers/STM32F4xx_HAL_Driver/Src/stm32f4xx_hal_exti.o" --specs=nano.specs -mfpu=fpv4-sp-d16 -mfloat-abi=hard -mthumb -o "Drivers/STM32F4xx_HAL_Driver/Src/stm32f4xx_hal_exti.o"
arm-none-eabi-gcc "../Drivers/STM32F4xx_HAL_Driver/Src/stm32f4xx_hal_flash.c" -mcpu=cortex-m4 -std=gnu11 -g3 -DDEBUG -DUSE_HAL_DRIVER -DSTM32F401xE -c -I../FATFS/Target -I../FATFS/App -I../Core/Inc -I../Drivers/STM32F4xx_HAL_Driver/Inc -I../Drivers/STM32F4xx_HAL_Driver/Inc/Legacy -I../Middlewares/Third_Party/FatFs/src -I../Drivers/CMSIS/Device/ST/STM32F4xx/Include -I../Drivers/CMSIS/Include -I../MEMS/Target -I../Drivers/BSP/Components/lsm6dsv16x -I../MEMS/App -I../Drivers/BSP/STM32F4xx_Nucleo -I../Drivers/BSP/Components/lis2duxs12 -I../Drivers/BSP/Components/lis2mdl -I../Drivers/BSP/Components/lsm6dso16is -I../Drivers/BSP/Components/sht40ad1b -I../Drivers/BSP/Components/lps22df -I../Drivers/BSP/Components/stts22h -I../Drivers/BSP/IKS4A1 -I../Drivers/BSP/Components/Common -O0 -ffunction-sections -fdata-sections -Wall -fstack-usage -fcyclomatic-complexity -MMD -MP -MF"Drivers/STM32F4xx_HAL_Driver/Src/stm32f4xx_hal_flash.d" -MT"Drivers/STM32F4xx_HAL_Driver/Src/stm32f4xx_hal_flash.o" --specs=nano.specs -mfpu=fpv4-sp-d16 -mfloat-abi=hard -mthumb -o "Drivers/STM32F4xx_HAL_Driver/Src/stm32f4xx_hal_flash.o"
arm-none-eabi-gcc "../Drivers/STM32F4xx_HAL_Driver/Src/stm32f4xx_hal_flash_ex.c" -mcpu=cortex-m4 -std=gnu11 -g3 -DDEBUG -DUSE_HAL_DRIVER -DSTM32F401xE -c -I../FATFS/Target -I../FATFS/App -I../Core/Inc -I../Drivers/STM32F4xx_HAL_Driver/Inc -I../Drivers/STM32F4xx_HAL_Driver/Inc/Legacy -I../Middlewares/Third_Party/FatFs/src -I../Drivers/CMSIS/Device/ST/STM32F4xx/Include -I../Drivers/CMSIS/Include -I../MEMS/Target -I../Drivers/BSP/Components/lsm6dsv16x -I../MEMS/App -I../Drivers/BSP/STM32F4xx_Nucleo -I../Drivers/BSP/Components/lis2duxs12 -I../Drivers/BSP/Components/lis2mdl -I../Drivers/BSP/Components/lsm6dso16is -I../Drivers/BSP/Components/sht40ad1b -I../Drivers/BSP/Components/lps22df -I../Drivers/BSP/Components/stts22h -I../Drivers/BSP/IKS4A1 -I../Drivers/BSP/Components/Common -O0 -ffunction-sections -fdata-sections -Wall -fstack-usage -fcyclomatic-complexity -MMD -MP -MF"Drivers/STM32F4xx_HAL_Driver/Src/stm32f4xx_hal_flash_ex.d" -MT"Drivers/STM32F4xx_HAL_Driver/Src/stm32f4xx_hal_flash_ex.o" --specs=nano.specs -mfpu=fpv4-sp-d16 -mfloat-abi=hard -mthumb -o "Drivers/STM32F4xx_HAL_Driver/Src/stm32f4xx_hal_flash_ex.o"
arm-none-eabi-gcc "../Drivers/STM32F4xx_HAL_Driver/Src/stm32f4xx_hal_flash_ramfunc.c" -mcpu=cortex-m4 -std=gnu11 -g3 -DDEBUG -DUSE_HAL_DRIVER -DSTM32F401xE -c -I../FATFS/Target -I../FATFS/App -I../Core/Inc -I../Drivers/STM32F4xx_HAL_Driver/Inc -I../Drivers/STM32F4xx_HAL_Driver/Inc/Legacy -I../Middlewares/Third_Party/FatFs/src -I../Drivers/CMSIS/Device/ST/STM32F4xx/Include -I../Drivers/CMSIS/Include -I../MEMS/Target -I../Drivers/BSP/Components/lsm6dsv16x -I../MEMS/App -I../Drivers/BSP/STM32F4xx_Nucleo -I../Drivers/BSP/Components/lis2duxs12 -I../Drivers/BSP/Components/lis2mdl -I../Drivers/BSP/Components/lsm6dso16is -I../Drivers/BSP/Components/sht40ad1b -I../Drivers/BSP/Components/lps22df -I../Drivers/BSP/Components/stts22h -I../Drivers/BSP/IKS4A1 -I../Drivers/BSP/Components/Common -O0 -ffunction-sections -fdata-sections -Wall -fstack-usage -fcyclomatic-complexity -MMD -MP -MF"Drivers/STM32F4xx_HAL_Driver/Src/stm32f4xx_hal_flash_ramfunc.d" -MT"Drivers/STM32F4xx_HAL_Driver/Src/stm32f4xx_hal_flash_ramfunc.o" --specs=nano.specs -mfpu=fpv4-sp-d16 -mfloat-abi=hard -mthumb -o "Drivers/STM32F4xx_HAL_Driver/Src/stm32f4xx_hal_flash_ramfunc.o"
arm-none-eabi-gcc "../Drivers/STM32F4xx_HAL_Driver/Src/stm32f4xx_hal_gpio.c" -mcpu=cortex-m4 -std=gnu11 -g3 -DDEBUG -DUSE_HAL_DRIVER -DSTM32F401xE -c -I../FATFS/Target -I../FATFS/App -I../Core/Inc -I../Drivers/STM32F4xx_HAL_Driver/Inc -I../Drivers/STM32F4xx_HAL_Driver/Inc/Legacy -I../Middlewares/Third_Party/FatFs/src -I../Drivers/CMSIS/Device/ST/STM32F4xx/Include -I../Drivers/CMSIS/Include -I../MEMS/Target -I../Drivers/BSP/Components/lsm6dsv16x -I../MEMS/App -I../Drivers/BSP/STM32F4xx_Nucleo -I../Drivers/BSP/Components/lis2duxs12 -I../Drivers/BSP/Components/lis2mdl -I../Drivers/BSP/Components/lsm6dso16is -I../Drivers/BSP/Components/sht40ad1b -I../Drivers/BSP/Components/lps22df -I../Drivers/BSP/Components/stts22h -I../Drivers/BSP/IKS4A1 -I../Drivers/BSP/Components/Common -O0 -ffunction-sections -fdata-sections -Wall -fstack-usage -fcyclomatic-complexity -MMD -MP -MF"Drivers/STM32F4xx_HAL_Driver/Src/stm32f4xx_hal_gpio.d" -MT"Drivers/STM32F4xx_HAL_Driver/Src/stm32f4xx_hal_gpio.o" --specs=nano.specs -mfpu=fpv4-sp-d16 -mfloat-abi=hard -mthumb -o "Drivers/STM32F4xx_HAL_Driver/Src/stm32f4xx_hal_gpio.o"
arm-none-eabi-gcc "../Drivers/STM32F4xx_HAL_Driver/Src/stm32f4xx_hal_i2c.c" -mcpu=cortex-m4 -std=gnu11 -g3 -DDEBUG -DUSE_HAL_DRIVER -DSTM32F401xE -c -I../FATFS/Target -I../FATFS/App -I../Core/Inc -I../Drivers/STM32F4xx_HAL_Driver/Inc -I../Drivers/STM32F4xx_HAL_Driver/Inc/Legacy -I../Middlewares/Third_Party/FatFs/src -I../Drivers/CMSIS/Device/ST/STM32F4xx/Include -I../Drivers/CMSIS/Include -I../MEMS/Target -I../Drivers/BSP/Components/lsm6dsv16x -I../MEMS/App -I../Drivers/BSP/STM32F4xx_Nucleo -I../Drivers/BSP/Components/lis2duxs12 -I../Drivers/BSP/Components/lis2mdl -I../Drivers/BSP/Components/lsm6dso16is -I../Drivers/BSP/Components/sht40ad1b -I../Drivers/BSP/Components/lps22df -I../Drivers/BSP/Components/stts22h -I../Drivers/BSP/IKS4A1 -I../Drivers/BSP/Components/Common -O0 -ffunction-sections -fdata-sections -Wall -fstack-usage -fcyclomatic-complexity -MMD -MP -MF"Drivers/STM32F4xx_HAL_Driver/Src/stm32f4xx_hal_i2c.d" -MT"Drivers/STM32F4xx_HAL_Driver/Src/stm32f4xx_hal_i2c.o" --specs=nano.specs -mfpu=fpv4-sp-d16 -mfloat-abi=hard -mthumb -o "Drivers/STM32F4xx_HAL_Driver/Src/stm32f4xx_hal_i2c.o"
arm-none-eabi-gcc "../Drivers/STM32F4xx_HAL_Driver/Src/stm32f4xx_hal_i2c_ex.c" -mcpu=cortex-m4 -std=gnu11 -g3 -DDEBUG -DUSE_HAL_DRIVER -DSTM32F401xE -c -I../FATFS/Target -I../FATFS/App -I../Core/Inc -I../Drivers/STM32F4xx_HAL_Driver/Inc -I../Drivers/STM32F4xx_HAL_Driver/Inc/Legacy -I../Middlewares/Third_Party/FatFs/src -I../Drivers/CMSIS/Device/ST/STM32F4xx/Include -I../Drivers/CMSIS/Include -I../MEMS/Target -I../Drivers/BSP/Components/lsm6dsv16x -I../MEMS/App -I../Drivers/BSP/STM32F4xx_Nucleo -I../Drivers/BSP/Components/lis2duxs12 -I../Drivers/BSP/Components/lis2mdl -I../Drivers/BSP/Components/lsm6dso16is -I../Drivers/BSP/Components/sht40ad1b -I../Drivers/BSP/Components/lps22df -I../Drivers/BSP/Components/stts22h -I../Drivers/BSP/IKS4A1 -I../Drivers/BSP/Components/Common -O0 -ffunction-sections -fdata-sections -Wall -fstack-usage -fcyclomatic-complexity -MMD -MP -MF"Drivers/STM32F4xx_HAL_Driver/Src/stm32f4xx_hal_i2c_ex.d" -MT"Drivers/STM32F4xx_HAL_Driver/Src/stm32f4xx_hal_i2c_ex.o" --specs=nano.specs -mfpu=fpv4-sp-d16 -mfloat-abi=hard -mthumb -o "Drivers/STM32F4xx_HAL_Driver/Src/stm32f4xx_hal_i2c_ex.o"
arm-none-eabi-gcc "../Drivers/STM32F4xx_HAL_Driver/Src/stm32f4xx_hal_pwr.c" -mcpu=cortex-m4 -std=gnu11 -g3 -DDEBUG -DUSE_HAL_DRIVER -DSTM32F401xE -c -I../FATFS/Target -I../FATFS/App -I../Core/Inc -I../Drivers/STM32F4xx_HAL_Driver/Inc -I../Drivers/STM32F4xx_HAL_Driver/Inc/Legacy -I../Middlewares/Third_Party/FatFs/src -I../Drivers/CMSIS/Device/ST/STM32F4xx/Include -I../Drivers/CMSIS/Include -I../MEMS/Target -I../Drivers/BSP/Components/lsm6dsv16x -I../MEMS/App -I../Drivers/BSP/STM32F4xx_Nucleo -I../Drivers/BSP/Components/lis2duxs12 -I../Drivers/BSP/Components/lis2mdl -I../Drivers/BSP/Components/lsm6dso16is -I../Drivers/BSP/Components/sht40ad1b -I../Drivers/BSP/Components/lps22df -I../Drivers/BSP/Components/stts22h -I../Drivers/BSP/IKS4A1 -I../Drivers/BSP/Components/Common -O0 -ffunction-sections -fdata-sections -Wall -fstack-usage -fcyclomatic-complexity -MMD -MP -MF"Drivers/STM32F4xx_HAL_Driver/Src/stm32f4xx_hal_pwr.d" -MT"Drivers/STM32F4xx_HAL_Driver/Src/stm32f4xx_hal_pwr.o" --specs=nano.specs -mfpu=fpv4-sp-d16 -mfloat-abi=hard -mthumb -o "Drivers/STM32F4xx_HAL_Driver/Src/stm32f4xx_hal_pwr.o"
arm-none-eabi-gcc "../Drivers/STM32F4xx_HAL_Driver/Src/stm32f4xx_hal_pwr_ex.c" -mcpu=cortex-m4 -std=gnu11 -g3 -DDEBUG -DUSE_HAL_DRIVER -DSTM32F401xE -c -I../FATFS/Target -I../FATFS/App -I../Core/Inc -I../Drivers/STM32F4xx_HAL_Driver/Inc -I../Drivers/STM32F4xx_HAL_Driver/Inc/Legacy -I../Middlewares/Third_Party/FatFs/src -I../Drivers/CMSIS/Device/ST/STM32F4xx/Include -I../Drivers/CMSIS/Include -I../MEMS/Target -I../Drivers/BSP/Components/lsm6dsv16x -I../MEMS/App -I../Drivers/BSP/STM32F4xx_Nucleo -I../Drivers/BSP/Components/lis2duxs12 -I../Drivers/BSP/Components/lis2mdl -I../Drivers/BSP/Components/lsm6dso16is -I../Drivers/BSP/Components/sht40ad1b -I../Drivers/BSP/Components/lps22df -I../Drivers/BSP/Components/stts22h -I../Drivers/BSP/IKS4A1 -I../Drivers/BSP/Components/Common -O0 -ffunction-sections -fdata-sections -Wall -fstack-usage -fcyclomatic-complexity -MMD -MP -MF"Drivers/STM32F4xx_HAL_Driver/Src/stm32f4xx_hal_pwr_ex.d" -MT"Drivers/STM32F4xx_HAL_Driver/Src/stm32f4xx_hal_pwr_ex.o" --specs=nano.specs -mfpu=fpv4-sp-d16 -mfloat-abi=hard -mthumb -o "Drivers/STM32F4xx_HAL_Driver/Src/stm32f4xx_hal_pwr_ex.o"
arm-none-eabi-gcc "../Drivers/STM32F4xx_HAL_Driver/Src/stm32f4xx_hal_rcc.c" -mcpu=cortex-m4 -std=gnu11 -g3 -DDEBUG -DUSE_HAL_DRIVER -DSTM32F401xE -c -I../FATFS/Target -I../FATFS/App -I../Core/Inc -I../Drivers/STM32F4xx_HAL_Driver/Inc -I../Drivers/STM32F4xx_HAL_Driver/Inc/Legacy -I../Middlewares/Third_Party/FatFs/src -I../Drivers/CMSIS/Device/ST/STM32F4xx/Include -I../Drivers/CMSIS/Include -I../MEMS/Target -I../Drivers/BSP/Components/lsm6dsv16x -I../MEMS/App -I../Drivers/BSP/STM32F4xx_Nucleo -I../Drivers/BSP/Components/lis2duxs12 -I../Drivers/BSP/Components/lis2mdl -I../Drivers/BSP/Components/lsm6dso16is -I../Drivers/BSP/Components/sht40ad1b -I../Drivers/BSP/Components/lps22df -I../Drivers/BSP/Components/stts22h -I../Drivers/BSP/IKS4A1 -I../Drivers/BSP/Components/Common -O0 -ffunction-sections -fdata-sections -Wall -fstack-usage -fcyclomatic-complexity -MMD -MP -MF"Drivers/STM32F4xx_HAL_Driver/Src/stm32f4xx_hal_rcc.d" -MT"Drivers/STM32F4xx_HAL_Driver/Src/stm32f4xx_hal_rcc.o" --specs=nano.specs -mfpu=fpv4-sp-d16 -mfloat-abi=hard -mthumb -o "Drivers/STM32F4xx_HAL_Driver/Src/stm32f4xx_hal_rcc.o"
arm-none-eabi-gcc "../Drivers/STM32F4xx_HAL_Driver/Src/stm32f4xx_hal_rcc_ex.c" -mcpu=cortex-m4 -std=gnu11 -g3 -DDEBUG -DUSE_HAL_DRIVER -DSTM32F401xE -c -I../FATFS/Target -I../FATFS/App -I../Core/Inc -I../Drivers/STM32F4xx_HAL_Driver/Inc -I../Drivers/STM32F4xx_HAL_Driver/Inc/Legacy -I../Middlewares/Third_Party/FatFs/src -I../Drivers/CMSIS/Device/ST/STM32F4xx/Include -I../Drivers/CMSIS/Include -I../MEMS/Target -I../Drivers/BSP/Components/lsm6dsv16x -I../MEMS/App -I../Drivers/BSP/STM32F4xx_Nucleo -I../Drivers/BSP/Components/lis2duxs12 -I../Drivers/BSP/Components/lis2mdl -I../Drivers/BSP/Components/lsm6dso16is -I../Drivers/BSP/Components/sht40ad1b -I../Drivers/BSP/Components/lps22df -I../Drivers/BSP/Components/stts22h -I../Drivers/BSP/IKS4A1 -I../Drivers/BSP/Components/Common -O0 -ffunction-sections -fdata-sections -Wall -fstack-usage -fcyclomatic-complexity -MMD -MP -MF"Drivers/STM32F4xx_HAL_Driver/Src/stm32f4xx_hal_rcc_ex.d" -MT"Drivers/STM32F4xx_HAL_Driver/Src/stm32f4xx_hal_rcc_ex.o" --specs=nano.specs -mfpu=fpv4-sp-d16 -mfloat-abi=hard -mthumb -o "Drivers/STM32F4xx_HAL_Driver/Src/stm32f4xx_hal_rcc_ex.o"
arm-none-eabi-gcc "../Drivers/STM32F4xx_HAL_Driver/Src/stm32f4xx_hal_spi.c" -mcpu=cortex-m4 -std=gnu11 -g3 -DDEBUG -DUSE_HAL_DRIVER -DSTM32F401xE -c -I../FATFS/Target -I../FATFS/App -I../Core/Inc -I../Drivers/STM32F4xx_HAL_Driver/Inc -I../Drivers/STM32F4xx_HAL_Driver/Inc/Legacy -I../Middlewares/Third_Party/FatFs/src -I../Drivers/CMSIS/Device/ST/STM32F4xx/Include -I../Drivers/CMSIS/Include -I../MEMS/Target -I../Drivers/BSP/Components/lsm6dsv16x -I../MEMS/App -I../Drivers/BSP/STM32F4xx_Nucleo -I../Drivers/BSP/Components/lis2duxs12 -I../Drivers/BSP/Components/lis2mdl -I../Drivers/BSP/Components/lsm6dso16is -I../Drivers/BSP/Components/sht40ad1b -I../Drivers/BSP/Components/lps22df -I../Drivers/BSP/Components/stts22h -I../Drivers/BSP/IKS4A1 -I../Drivers/BSP/Components/Common -O0 -ffunction-sections -fdata-sections -Wall -fstack-usage -fcyclomatic-complexity -MMD -MP -MF"Drivers/STM32F4xx_HAL_Driver/Src/stm32f4xx_hal_spi.d" -MT"Drivers/STM32F4xx_HAL_Driver/Src/stm32f4xx_hal_spi.o" --specs=nano.specs -mfpu=fpv4-sp-d16 -mfloat-abi=hard -mthumb -o "Drivers/STM32F4xx_HAL_Driver/Src/stm32f4xx_hal_spi.o"
arm-none-eabi-gcc "../Drivers/STM32F4xx_HAL_Driver/Src/stm32f4xx_hal_tim.c" -mcpu=cortex-m4 -std=gnu11 -g3 -DDEBUG -DUSE_HAL_DRIVER -DSTM32F401xE -c -I../FATFS/Target -I../FATFS/App -I../Core/Inc -I../Drivers/STM32F4xx_HAL_Driver/Inc -I../Drivers/STM32F4xx_HAL_Driver/Inc/Legacy -I../Middlewares/Third_Party/FatFs/src -I../Drivers/CMSIS/Device/ST/STM32F4xx/Include -I../Drivers/CMSIS/Include -I../MEMS/Target -I../Drivers/BSP/Components/lsm6dsv16x -I../MEMS/App -I../Drivers/BSP/STM32F4xx_Nucleo -I../Drivers/BSP/Components/lis2duxs12 -I../Drivers/BSP/Components/lis2mdl -I../Drivers/BSP/Components/lsm6dso16is -I../Drivers/BSP/Components/sht40ad1b -I../Drivers/BSP/Components/lps22df -I../Drivers/BSP/Components/stts22h -I../Drivers/BSP/IKS4A1 -I../Drivers/BSP/Components/Common -O0 -ffunction-sections -fdata-sections -Wall -fstack-usage -fcyclomatic-complexity -MMD -MP -MF"Drivers/STM32F4xx_HAL_Driver/Src/stm32f4xx_hal_tim.d" -MT"Drivers/STM32F4xx_HAL_Driver/Src/stm32f4xx_hal_tim.o" --specs=nano.specs -mfpu=fpv4-sp-d16 -mfloat-abi=hard -mthumb -o "Drivers/STM32F4xx_HAL_Driver/Src/stm32f4xx_hal_tim.o"
arm-none-eabi-gcc "../Drivers/STM32F4xx_HAL_Driver/Src/stm32f4xx_hal_tim_ex.c" -mcpu=cortex-m4 -std=gnu11 -g3 -DDEBUG -DUSE_HAL_DRIVER -DSTM32F401xE -c -I../FATFS/Target -I../FATFS/App -I../Core/Inc -I../Drivers/STM32F4xx_HAL_Driver/Inc -I../Drivers/STM32F4xx_HAL_Driver/Inc/Legacy -I../Middlewares/Third_Party/FatFs/src -I../Drivers/CMSIS/Device/ST/STM32F4xx/Include -I../Drivers/CMSIS/Include -I../MEMS/Target -I../Drivers/BSP/Components/lsm6dsv16x -I../MEMS/App -I../Drivers/BSP/STM32F4xx_Nucleo -I../Drivers/BSP/Components/lis2duxs12 -I../Drivers/BSP/Components/lis2mdl -I../Drivers/BSP/Components/lsm6dso16is -I../Drivers/BSP/Components/sht40ad1b -I../Drivers/BSP/Components/lps22df -I../Drivers/BSP/Components/stts22h -I../Drivers/BSP/IKS4A1 -I../Drivers/BSP/Components/Common -O0 -ffunction-sections -fdata-sections -Wall -fstack-usage -fcyclomatic-complexity -MMD -MP -MF"Drivers/STM32F4xx_HAL_Driver/Src/stm32f4xx_hal_tim_ex.d" -MT"Drivers/STM32F4xx_HAL_Driver/Src/stm32f4xx_hal_tim_ex.o" --specs=nano.specs -mfpu=fpv4-sp-d16 -mfloat-abi=hard -mthumb -o "Drivers/STM32F4xx_HAL_Driver/Src/stm32f4xx_hal_tim_ex.o"
arm-none-eabi-gcc "../Drivers/STM32F4xx_HAL_Driver/Src/stm32f4xx_hal_uart.c" -mcpu=cortex-m4 -std=gnu11 -g3 -DDEBUG -DUSE_HAL_DRIVER -DSTM32F401xE -c -I../FATFS/Target -I../FATFS/App -I../Core/Inc -I../Drivers/STM32F4xx_HAL_Driver/Inc -I../Drivers/STM32F4xx_HAL_Driver/Inc/Legacy -I../Middlewares/Third_Party/FatFs/src -I../Drivers/CMSIS/Device/ST/STM32F4xx/Include -I../Drivers/CMSIS/Include -I../MEMS/Target -I../Drivers/BSP/Components/lsm6dsv16x -I../MEMS/App -I../Drivers/BSP/STM32F4xx_Nucleo -I../Drivers/BSP/Components/lis2duxs12 -I../Drivers/BSP/Components/lis2mdl -I../Drivers/BSP/Components/lsm6dso16is -I../Drivers/BSP/Components/sht40ad1b -I../Drivers/BSP/Components/lps22df -I../Drivers/BSP/Components/stts22h -I../Drivers/BSP/IKS4A1 -I../Drivers/BSP/Components/Common -O0 -ffunction-sections -fdata-sections -Wall -fstack-usage -fcyclomatic-complexity -MMD -MP -MF"Drivers/STM32F4xx_HAL_Driver/Src/stm32f4xx_hal_uart.d" -MT"Drivers/STM32F4xx_HAL_Driver/Src/stm32f4xx_hal_uart.o" --specs=nano.specs -mfpu=fpv4-sp-d16 -mfloat-abi=hard -mthumb -o "Drivers/STM32F4xx_HAL_Driver/Src/stm32f4xx_hal_uart.o"
arm-none-eabi-gcc "../Drivers/BSP/STM32F4xx_Nucleo/stm32f4xx_nucleo.c" -mcpu=cortex-m4 -std=gnu11 -g3 -DDEBUG -DUSE_HAL_DRIVER -DSTM32F401xE -c -I../FATFS/Target -I../FATFS/App -I../Core/Inc -I../Drivers/STM32F4xx_HAL_Driver/Inc -I../Drivers/STM32F4xx_HAL_Driver/Inc/Legacy -I../Middlewares/Third_Party/FatFs/src -I../Drivers/CMSIS/Device/ST/STM32F4xx/Include -I../Drivers/CMSIS/Include -I../MEMS/Target -I../Drivers/BSP/Components/lsm6dsv16x -I../MEMS/App -I../Drivers/BSP/STM32F4xx_Nucleo -I../Drivers/BSP/Components/lis2duxs12 -I../Drivers/BSP/Components/lis2mdl -I../Drivers/BSP/Components/lsm6dso16is -I../Drivers/BSP/Components/sht40ad1b -I../Drivers/BSP/Components/lps22df -I../Drivers/BSP/Components/stts22h -I../Drivers/BSP/IKS4A1 -I../Drivers/BSP/Components/Common -O0 -ffunction-sections -fdata-sections -Wall -fstack-usage -fcyclomatic-complexity -MMD -MP -MF"Drivers/BSP/STM32F4xx_Nucleo/stm32f4xx_nucleo.d" -MT"Drivers/BSP/STM32F4xx_Nucleo/stm32f4xx_nucleo.o" --specs=nano.specs -mfpu=fpv4-sp-d16 -mfloat-abi=hard -mthumb -o "Drivers/BSP/STM32F4xx_Nucleo/stm32f4xx_nucleo.o"
arm-none-eabi-gcc "../Drivers/BSP/IKS4A1/iks4a1_env_sensors.c" -mcpu=cortex-m4 -std=gnu11 -g3 -DDEBUG -DUSE_HAL_DRIVER -DSTM32F401xE -c -I../FATFS/Target -I../FATFS/App -I../Core/Inc -I../Drivers/STM32F4xx_HAL_Driver/Inc -I../Drivers/STM32F4xx_HAL_Driver/Inc/Legacy -I../Middlewares/Third_Party/FatFs/src -I../Drivers/CMSIS/Device/ST/STM32F4xx/Include -I../Drivers/CMSIS/Include -I../MEMS/Target -I../Drivers/BSP/Components/lsm6dsv16x -I../MEMS/App -I../Drivers/BSP/STM32F4xx_Nucleo -I../Drivers/BSP/Components/lis2duxs12 -I../Drivers/BSP/Components/lis2mdl -I../Drivers/BSP/Components/lsm6dso16is -I../Drivers/BSP/Components/sht40ad1b -I../Drivers/BSP/Components/lps22df -I../Drivers/BSP/Components/stts22h -I../Drivers/BSP/IKS4A1 -I../Drivers/BSP/Components/Common -O0 -ffunction-sections -fdata-sections -Wall -fstack-usage -fcyclomatic-complexity -MMD -MP -MF"Drivers/BSP/IKS4A1/iks4a1_env_sensors.d" -MT"Drivers/BSP/IKS4A1/iks4a1_env_sensors.o" --specs=nano.specs -mfpu=fpv4-sp-d16 -mfloat-abi=hard -mthumb -o "Drivers/BSP/IKS4A1/iks4a1_env_sensors.o"
arm-none-eabi-gcc "../Drivers/BSP/IKS4A1/iks4a1_env_sensors_ex.c" -mcpu=cortex-m4 -std=gnu11 -g3 -DDEBUG -DUSE_HAL_DRIVER -DSTM32F401xE -c -I../FATFS/Target -I../FATFS/App -I../Core/Inc -I../Drivers/STM32F4xx_HAL_Driver/Inc -I../Drivers/STM32F4xx_HAL_Driver/Inc/Legacy -I../Middlewares/Third_Party/FatFs/src -I../Drivers/CMSIS/Device/ST/STM32F4xx/Include -I../Drivers/CMSIS/Include -I../MEMS/Target -I../Drivers/BSP/Components/lsm6dsv16x -I../MEMS/App -I../Drivers/BSP/STM32F4xx_Nucleo -I../Drivers/BSP/Components/lis2duxs12 -I../Drivers/BSP/Components/lis2mdl -I../Drivers/BSP/Components/lsm6dso16is -I../Drivers/BSP/Components/sht40ad1b -I../Drivers/BSP/Components/lps22df -I../Drivers/BSP/Components/stts22h -I../Drivers/BSP/IKS4A1 -I../Drivers/BSP/Components/Common -O0 -ffunction-sections -fdata-sections -Wall -fstack-usage -fcyclomatic-complexity -MMD -MP -MF"Drivers/BSP/IKS4A1/iks4a1_env_sensors_ex.d" -MT"Drivers/BSP/IKS4A1/iks4a1_env_sensors_ex.o" --specs=nano.specs -mfpu=fpv4-sp-d16 -mfloat-abi=hard -mthumb -o "Drivers/BSP/IKS4A1/iks4a1_env_sensors_ex.o"
arm-none-eabi-gcc "../Drivers/BSP/IKS4A1/iks4a1_motion_sensors.c" -mcpu=cortex-m4 -std=gnu11 -g3 -DDEBUG -DUSE_HAL_DRIVER -DSTM32F401xE -c -I../FATFS/Target -I../FATFS/App -I../Core/Inc -I../Drivers/STM32F4xx_HAL_Driver/Inc -I../Drivers/STM32F4xx_HAL_Driver/Inc/Legacy -I../Middlewares/Third_Party/FatFs/src -I../Drivers/CMSIS/Device/ST/STM32F4xx/Include -I../Drivers/CMSIS/Include -I../MEMS/Target -I../Drivers/BSP/Components/lsm6dsv16x -I../MEMS/App -I../Drivers/BSP/STM32F4xx_Nucleo -I../Drivers/BSP/Components/lis2duxs12 -I../Drivers/BSP/Components/lis2mdl -I../Drivers/BSP/Components/lsm6dso16is -I../Drivers/BSP/Components/sht40ad1b -I../Drivers/BSP/Components/lps22df -I../Drivers/BSP/Components/stts22h -I../Drivers/BSP/IKS4A1 -I../Drivers/BSP/Components/Common -O0 -ffunction-sections -fdata-sections -Wall -fstack-usage -fcyclomatic-complexity -MMD -MP -MF"Drivers/BSP/IKS4A1/iks4a1_motion_sensors.d" -MT"Drivers/BSP/IKS4A1/iks4a1_motion_sensors.o" --specs=nano.specs -mfpu=fpv4-sp-d16 -mfloat-abi=hard -mthumb -o "Drivers/BSP/IKS4A1/iks4a1_motion_sensors.o"
arm-none-eabi-gcc "../Drivers/BSP/IKS4A1/iks4a1_motion_sensors_ex.c" -mcpu=cortex-m4 -std=gnu11 -g3 -DDEBUG -DUSE_HAL_DRIVER -DSTM32F401xE -c -I../FATFS/Target -I../FATFS/App -I../Core/Inc -I../Drivers/STM32F4xx_HAL_Driver/Inc -I../Drivers/STM32F4xx_HAL_Driver/Inc/Legacy -I../Middlewares/Third_Party/FatFs/src -I../Drivers/CMSIS/Device/ST/STM32F4xx/Include -I../Drivers/CMSIS/Include -I../MEMS/Target -I../Drivers/BSP/Components/lsm6dsv16x -I../MEMS/App -I../Drivers/BSP/STM32F4xx_Nucleo -I../Drivers/BSP/Components/lis2duxs12 -I../Drivers/BSP/Components/lis2mdl -I../Drivers/BSP/Components/lsm6dso16is -I../Drivers/BSP/Components/sht40ad1b -I../Drivers/BSP/Components/lps22df -I../Drivers/BSP/Components/stts22h -I../Drivers/BSP/IKS4A1 -I../Drivers/BSP/Components/Common -O0 -ffunction-sections -fdata-sections -Wall -fstack-usage -fcyclomatic-complexity -MMD -MP -MF"Drivers/BSP/IKS4A1/iks4a1_motion_sensors_ex.d" -MT"Drivers/BSP/IKS4A1/iks4a1_motion_sensors_ex.o" --specs=nano.specs -mfpu=fpv4-sp-d16 -mfloat-abi=hard -mthumb -o "Drivers/BSP/IKS4A1/iks4a1_motion_sensors_ex.o"
arm-none-eabi-gcc "../Drivers/BSP/Components/stts22h/stts22h.c" -mcpu=cortex-m4 -std=gnu11 -g3 -DDEBUG -DUSE_HAL_DRIVER -DSTM32F401xE -c -I../FATFS/Target -I../FATFS/App -I../Core/Inc -I../Drivers/STM32F4xx_HAL_Driver/Inc -I../Drivers/STM32F4xx_HAL_Driver/Inc/Legacy -I../Middlewares/Third_Party/FatFs/src -I../Drivers/CMSIS/Device/ST/STM32F4xx/Include -I../Drivers/CMSIS/Include -I../MEMS/Target -I../Drivers/BSP/Components/lsm6dsv16x -I../MEMS/App -I../Drivers/BSP/STM32F4xx_Nucleo -I../Drivers/BSP/Components/lis2duxs12 -I../Drivers/BSP/Components/lis2mdl -I../Drivers/BSP/Components/lsm6dso16is -I../Drivers/BSP/Components/sht40ad1b -I../Drivers/BSP/Components/lps22df -I../Drivers/BSP/Components/stts22h -I../Drivers/BSP/IKS4A1 -I../Drivers/BSP/Components/Common -O0 -ffunction-sections -fdata-sections -Wall -fstack-usage -fcyclomatic-complexity -MMD -MP -MF"Drivers/BSP/Components/stts22h/stts22h.d" -MT"Drivers/BSP/Components/stts22h/stts22h.o" --specs=nano.specs -mfpu=fpv4-sp-d16 -mfloat-abi=hard -mthumb -o "Drivers/BSP/Components/stts22h/stts22h.o"
arm-none-eabi-gcc "../Drivers/BSP/Components/stts22h/stts22h_reg.c" -mcpu=cortex-m4 -std=gnu11 -g3 -DDEBUG -DUSE_HAL_DRIVER -DSTM32F401xE -c -I../FATFS/Target -I../FATFS/App -I../Core/Inc -I../Drivers/STM32F4xx_HAL_Driver/Inc -I../Drivers/STM32F4xx_HAL_Driver/Inc/Legacy -I../Middlewares/Third_Party/FatFs/src -I../Drivers/CMSIS/Device/ST/STM32F4xx/Include -I../Drivers/CMSIS/Include -I../MEMS/Target -I../Drivers/BSP/Components/lsm6dsv16x -I../MEMS/App -I../Drivers/BSP/STM32F4xx_Nucleo -I../Drivers/BSP/Components/lis2duxs12 -I../Drivers/BSP/Components/lis2mdl -I../Drivers/BSP/Components/lsm6dso16is -I../Drivers/BSP/Components/sht40ad1b -I../Drivers/BSP/Components/lps22df -I../Drivers/BSP/Components/stts22h -I../Drivers/BSP/IKS4A1 -I../Drivers/BSP/Components/Common -O0 -ffunction-sections -fdata-sections -Wall -fstack-usage -fcyclomatic-complexity -MMD -MP -MF"Drivers/BSP/Components/stts22h/stts22h_reg.d" -MT"Drivers/BSP/Components/stts22h/stts22h_reg.o" --specs=nano.specs -mfpu=fpv4-sp-d16 -mfloat-abi=hard -mthumb -o "Drivers/BSP/Components/stts22h/stts22h_reg.o"
arm-none-eabi-gcc "../Drivers/BSP/Components/sht40ad1b/sht40ad1b.c" -mcpu=cortex-m4 -std=gnu11 -g3 -DDEBUG -DUSE_HAL_DRIVER -DSTM32F401xE -c -I../FATFS/Target -I../FATFS/App -I../Core/Inc -I../Drivers/STM32F4xx_HAL_Driver/Inc -I../Drivers/STM32F4xx_HAL_Driver/Inc/Legacy -I../Middlewares/Third_Party/FatFs/src -I../Drivers/CMSIS/Device/ST/STM32F4xx/Include -I../Drivers/CMSIS/Include -I../MEMS/Target -I../Drivers/BSP/Components/lsm6dsv16x -I../MEMS/App -I../Drivers/BSP/STM32F4xx_Nucleo -I../Drivers/BSP/Components/lis2duxs12 -I../Drivers/BSP/Components/lis2mdl -I../Drivers/BSP/Components/lsm6dso16is -I../Drivers/BSP/Components/sht40ad1b -I../Drivers/BSP/Components/lps22df -I../Drivers/BSP/Components/stts22h -I../Drivers/BSP/IKS4A1 -I../Drivers/BSP/Components/Common -O0 -ffunction-sections -fdata-sections -Wall -fstack-usage -fcyclomatic-complexity -MMD -MP -MF"Drivers/BSP/Components/sht40ad1b/sht40ad1b.d" -MT"Drivers/BSP/Components/sht40ad1b/sht40ad1b.o" --specs=nano.specs -mfpu=fpv4-sp-d16 -mfloat-abi=hard -mthumb -o "Drivers/BSP/Components/sht40ad1b/sht40ad1b.o"
arm-none-eabi-gcc "../Drivers/BSP/Components/sht40ad1b/sht40ad1b_reg.c" -mcpu=cortex-m4 -std=gnu11 -g3 -DDEBUG -DUSE_HAL_DRIVER -DSTM32F401xE -c -I../FATFS/Target -I../FATFS/App -I../Core/Inc -I../Drivers/STM32F4xx_HAL_Driver/Inc -I../Drivers/STM32F4xx_HAL_Driver/Inc/Legacy -I../Middlewares/Third_Party/FatFs/src -I../Drivers/CMSIS/Device/ST/STM32F4xx/Include -I../Drivers/CMSIS/Include -I../MEMS/Target -I../Drivers/BSP/Components/lsm6dsv16x -I../MEMS/App -I../Drivers/BSP/STM32F4xx_Nucleo -I../Drivers/BSP/Components/lis2duxs12 -I../Drivers/BSP/Components/lis2mdl -I../Drivers/BSP/Components/lsm6dso16is -I../Drivers/BSP/Components/sht40ad1b -I../Drivers/BSP/Components/lps22df -I../Drivers/BSP/Components/stts22h -I../Drivers/BSP/IKS4A1 -I../Drivers/BSP/Components/Common -O0 -ffunction-sections -fdata-sections -Wall -fstack-usage -fcyclomatic-complexity -MMD -MP -MF"Drivers/BSP/Components/sht40ad1b/sht40ad1b_reg.d" -MT"Drivers/BSP/Components/sht40ad1b/sht40ad1b_reg.o" --specs=nano.specs -mfpu=fpv4-sp-d16 -mfloat-abi=hard -mthumb -o "Drivers/BSP/Components/sht40ad1b/sht40ad1b_reg.o"
arm-none-eabi-gcc "../Drivers/BSP/Components/lsm6dsv16x/lsm6dsv16x.c" -mcpu=cortex-m4 -std=gnu11 -g3 -DDEBUG -DUSE_HAL_DRIVER -DSTM32F401xE -c -I../FATFS/Target -I../FATFS/App -I../Core/Inc -I../Drivers/STM32F4xx_HAL_Driver/Inc -I../Drivers/STM32F4xx_HAL_Driver/Inc/Legacy -I../Middlewares/Third_Party/FatFs/src -I../Drivers/CMSIS/Device/ST/STM32F4xx/Include -I../Drivers/CMSIS/Include -I../MEMS/Target -I../Drivers/BSP/Components/lsm6dsv16x -I../MEMS/App -I../Drivers/BSP/STM32F4xx_Nucleo -I../Drivers/BSP/Components/lis2duxs12 -I../Drivers/BSP/Components/lis2mdl -I../Drivers/BSP/Components/lsm6dso16is -I../Drivers/BSP/Components/sht40ad1b -I../Drivers/BSP/Components/lps22df -I../Drivers/BSP/Components/stts22h -I../Drivers/BSP/IKS4A1 -I../Drivers/BSP/Components/Common -O0 -ffunction-sections -fdata-sections -Wall -fstack-usage -fcyclomatic-complexity -MMD -MP -MF"Drivers/BSP/Components/lsm6dsv16x/lsm6dsv16x.d" -MT"Drivers/BSP/Components/lsm6dsv16x/lsm6dsv16x.o" --specs=nano.specs -mfpu=fpv4-sp-d16 -mfloat-abi=hard -mthumb -o "Drivers/BSP/Components/lsm6dsv16x/lsm6dsv16x.o"
arm-none-eabi-gcc "../Drivers/BSP/Components/lsm6dsv16x/lsm6dsv16x_reg.c" -mcpu=cortex-m4 -std=gnu11 -g3 -DDEBUG -DUSE_HAL_DRIVER -DSTM32F401xE -c -I../FATFS/Target -I../FATFS/App -I../Core/Inc -I../Drivers/STM32F4xx_HAL_Driver/Inc -I../Drivers/STM32F4xx_HAL_Driver/Inc/Legacy -I../Middlewares/Third_Party/FatFs/src -I../Drivers/CMSIS/Device/ST/STM32F4xx/Include -I../Drivers/CMSIS/Include -I../MEMS/Target -I../Drivers/BSP/Components/lsm6dsv16x -I../MEMS/App -I../Drivers/BSP/STM32F4xx_Nucleo -I../Drivers/BSP/Components/lis2duxs12 -I../Drivers/BSP/Components/lis2mdl -I../Drivers/BSP/Components/lsm6dso16is -I../Drivers/BSP/Components/sht40ad1b -I../Drivers/BSP/Components/lps22df -I../Drivers/BSP/Components/stts22h -I../Drivers/BSP/IKS4A1 -I../Drivers/BSP/Components/Common -O0 -ffunction-sections -fdata-sections -Wall -fstack-usage -fcyclomatic-complexity -MMD -MP -MF"Drivers/BSP/Components/lsm6dsv16x/lsm6dsv16x_reg.d" -MT"Drivers/BSP/Components/lsm6dsv16x/lsm6dsv16x_reg.o" --specs=nano.specs -mfpu=fpv4-sp-d16 -mfloat-abi=hard -mthumb -o "Drivers/BSP/Components/lsm6dsv16x/lsm6dsv16x_reg.o"
arm-none-eabi-gcc "../Drivers/BSP/Components/lsm6dso16is/lsm6dso16is.c" -mcpu=cortex-m4 -std=gnu11 -g3 -DDEBUG -DUSE_HAL_DRIVER -DSTM32F401xE -c -I../FATFS/Target -I../FATFS/App -I../Core/Inc -I../Drivers/STM32F4xx_HAL_Driver/Inc -I../Drivers/STM32F4xx_HAL_Driver/Inc/Legacy -I../Middlewares/Third_Party/FatFs/src -I../Drivers/CMSIS/Device/ST/STM32F4xx/Include -I../Drivers/CMSIS/Include -I../MEMS/Target -I../Drivers/BSP/Components/lsm6dsv16x -I../MEMS/App -I../Drivers/BSP/STM32F4xx_Nucleo -I../Drivers/BSP/Components/lis2duxs12 -I../Drivers/BSP/Components/lis2mdl -I../Drivers/BSP/Components/lsm6dso16is -I../Drivers/BSP/Components/sht40ad1b -I../Drivers/BSP/Components/lps22df -I../Drivers/BSP/Components/stts22h -I../Drivers/BSP/IKS4A1 -I../Drivers/BSP/Components/Common -O0 -ffunction-sections -fdata-sections -Wall -fstack-usage -fcyclomatic-complexity -MMD -MP -MF"Drivers/BSP/Components/lsm6dso16is/lsm6dso16is.d" -MT"Drivers/BSP/Components/lsm6dso16is/lsm6dso16is.o" --specs=nano.specs -mfpu=fpv4-sp-d16 -mfloat-abi=hard -mthumb -o "Drivers/BSP/Components/lsm6dso16is/lsm6dso16is.o"
arm-none-eabi-gcc "../Drivers/BSP/Components/lsm6dso16is/lsm6dso16is_reg.c" -mcpu=cortex-m4 -std=gnu11 -g3 -DDEBUG -DUSE_HAL_DRIVER -DSTM32F401xE -c -I../FATFS/Target -I../FATFS/App -I../Core/Inc -I../Drivers/STM32F4xx_HAL_Driver/Inc -I../Drivers/STM32F4xx_HAL_Driver/Inc/Legacy -I../Middlewares/Third_Party/FatFs/src -I../Drivers/CMSIS/Device/ST/STM32F4xx/Include -I../Drivers/CMSIS/Include -I../MEMS/Target -I../Drivers/BSP/Components/lsm6dsv16x -I../MEMS/App -I../Drivers/BSP/STM32F4xx_Nucleo -I../Drivers/BSP/Components/lis2duxs12 -I../Drivers/BSP/Components/lis2mdl -I../Drivers/BSP/Components/lsm6dso16is -I../Drivers/BSP/Components/sht40ad1b -I../Drivers/BSP/Components/lps22df -I../Drivers/BSP/Components/stts22h -I../Drivers/BSP/IKS4A1 -I../Drivers/BSP/Components/Common -O0 -ffunction-sections -fdata-sections -Wall -fstack-usage -fcyclomatic-complexity -MMD -MP -MF"Drivers/BSP/Components/lsm6dso16is/lsm6dso16is_reg.d" -MT"Drivers/BSP/Components/lsm6dso16is/lsm6dso16is_reg.o" --specs=nano.specs -mfpu=fpv4-sp-d16 -mfloat-abi=hard -mthumb -o "Drivers/BSP/Components/lsm6dso16is/lsm6dso16is_reg.o"
arm-none-eabi-gcc "../Drivers/BSP/Components/lps22df/lps22df.c" -mcpu=cortex-m4 -std=gnu11 -g3 -DDEBUG -DUSE_HAL_DRIVER -DSTM32F401xE -c -I../FATFS/Target -I../FATFS/App -I../Core/Inc -I../Drivers/STM32F4xx_HAL_Driver/Inc -I../Drivers/STM32F4xx_HAL_Driver/Inc/Legacy -I../Middlewares/Third_Party/FatFs/src -I../Drivers/CMSIS/Device/ST/STM32F4xx/Include -I../Drivers/CMSIS/Include -I../MEMS/Target -I../Drivers/BSP/Components/lsm6dsv16x -I../MEMS/App -I../Drivers/BSP/STM32F4xx_Nucleo -I../Drivers/BSP/Components/lis2duxs12 -I../Drivers/BSP/Components/lis2mdl -I../Drivers/BSP/Components/lsm6dso16is -I../Drivers/BSP/Components/sht40ad1b -I../Drivers/BSP/Components/lps22df -I../Drivers/BSP/Components/stts22h -I../Drivers/BSP/IKS4A1 -I../Drivers/BSP/Components/Common -O0 -ffunction-sections -fdata-sections -Wall -fstack-usage -fcyclomatic-complexity -MMD -MP -MF"Drivers/BSP/Components/lps22df/lps22df.d" -MT"Drivers/BSP/Components/lps22df/lps22df.o" --specs=nano.specs -mfpu=fpv4-sp-d16 -mfloat-abi=hard -mthumb -o "Drivers/BSP/Components/lps22df/lps22df.o"
arm-none-eabi-gcc "../Drivers/BSP/Components/lps22df/lps22df_reg.c" -mcpu=cortex-m4 -std=gnu11 -g3 -DDEBUG -DUSE_HAL_DRIVER -DSTM32F401xE -c -I../FATFS/Target -I../FATFS/App -I../Core/Inc -I../Drivers/STM32F4xx_HAL_Driver/Inc -I../Drivers/STM32F4xx_HAL_Driver/Inc/Legacy -I../Middlewares/Third_Party/FatFs/src -I../Drivers/CMSIS/Device/ST/STM32F4xx/Include -I../Drivers/CMSIS/Include -I../MEMS/Target -I../Drivers/BSP/Components/lsm6dsv16x -I../MEMS/App -I../Drivers/BSP/STM32F4xx_Nucleo -I../Drivers/BSP/Components/lis2duxs12 -I../Drivers/BSP/Components/lis2mdl -I../Drivers/BSP/Components/lsm6dso16is -I../Drivers/BSP/Components/sht40ad1b -I../Drivers/BSP/Components/lps22df -I../Drivers/BSP/Components/stts22h -I../Drivers/BSP/IKS4A1 -I../Drivers/BSP/Components/Common -O0 -ffunction-sections -fdata-sections -Wall -fstack-usage -fcyclomatic-complexity -MMD -MP -MF"Drivers/BSP/Components/lps22df/lps22df_reg.d" -MT"Drivers/BSP/Components/lps22df/lps22df_reg.o" --specs=nano.specs -mfpu=fpv4-sp-d16 -mfloat-abi=hard -mthumb -o "Drivers/BSP/Components/lps22df/lps22df_reg.o"
arm-none-eabi-gcc "../Drivers/BSP/Components/lis2mdl/lis2mdl.c" -mcpu=cortex-m4 -std=gnu11 -g3 -DDEBUG -DUSE_HAL_DRIVER -DSTM32F401xE -c -I../FATFS/Target -I../FATFS/App -I../Core/Inc -I../Drivers/STM32F4xx_HAL_Driver/Inc -I../Drivers/STM32F4xx_HAL_Driver/Inc/Legacy -I../Middlewares/Third_Party/FatFs/src -I../Drivers/CMSIS/Device/ST/STM32F4xx/Include -I../Drivers/CMSIS/Include -I../MEMS/Target -I../Drivers/BSP/Components/lsm6dsv16x -I../MEMS/App -I../Drivers/BSP/STM32F4xx_Nucleo -I../Drivers/BSP/Components/lis2duxs12 -I../Drivers/BSP/Components/lis2mdl -I../Drivers/BSP/Components/lsm6dso16is -I../Drivers/BSP/Components/sht40ad1b -I../Drivers/BSP/Components/lps22df -I../Drivers/BSP/Components/stts22h -I../Drivers/BSP/IKS4A1 -I../Drivers/BSP/Components/Common -O0 -ffunction-sections -fdata-sections -Wall -fstack-usage -fcyclomatic-complexity -MMD -MP -MF"Drivers/BSP/Components/lis2mdl/lis2mdl.d" -MT"Drivers/BSP/Components/lis2mdl/lis2mdl.o" --specs=nano.specs -mfpu=fpv4-sp-d16 -mfloat-abi=hard -mthumb -o "Drivers/BSP/Components/lis2mdl/lis2mdl.o"
arm-none-eabi-gcc "../Drivers/BSP/Components/lis2mdl/lis2mdl_reg.c" -mcpu=cortex-m4 -std=gnu11 -g3 -DDEBUG -DUSE_HAL_DRIVER -DSTM32F401xE -c -I../FATFS/Target -I../FATFS/App -I../Core/Inc -I../Drivers/STM32F4xx_HAL_Driver/Inc -I../Drivers/STM32F4xx_HAL_Driver/Inc/Legacy -I../Middlewares/Third_Party/FatFs/src -I../Drivers/CMSIS/Device/ST/STM32F4xx/Include -I../Drivers/CMSIS/Include -I../MEMS/Target -I../Drivers/BSP/Components/lsm6dsv16x -I../MEMS/App -I../Drivers/BSP/STM32F4xx_Nucleo -I../Drivers/BSP/Components/lis2duxs12 -I../Drivers/BSP/Components/lis2mdl -I../Drivers/BSP/Components/lsm6dso16is -I../Drivers/BSP/Components/sht40ad1b -I../Drivers/BSP/Components/lps22df -I../Drivers/BSP/Components/stts22h -I../Drivers/BSP/IKS4A1 -I../Drivers/BSP/Components/Common -O0 -ffunction-sections -fdata-sections -Wall -fstack-usage -fcyclomatic-complexity -MMD -MP -MF"Drivers/BSP/Components/lis2mdl/lis2mdl_reg.d" -MT"Drivers/BSP/Components/lis2mdl/lis2mdl_reg.o" --specs=nano.specs -mfpu=fpv4-sp-d16 -mfloat-abi=hard -mthumb -o "Drivers/BSP/Components/lis2mdl/lis2mdl_reg.o"
arm-none-eabi-gcc "../Drivers/BSP/Components/lis2duxs12/lis2duxs12.c" -mcpu=cortex-m4 -std=gnu11 -g3 -DDEBUG -DUSE_HAL_DRIVER -DSTM32F401xE -c -I../FATFS/Target -I../FATFS/App -I../Core/Inc -I../Drivers/STM32F4xx_HAL_Driver/Inc -I../Drivers/STM32F4xx_HAL_Driver/Inc/Legacy -I../Middlewares/Third_Party/FatFs/src -I../Drivers/CMSIS/Device/ST/STM32F4xx/Include -I../Drivers/CMSIS/Include -I../MEMS/Target -I../Drivers/BSP/Components/lsm6dsv16x -I../MEMS/App -I../Drivers/BSP/STM32F4xx_Nucleo -I../Drivers/BSP/Components/lis2duxs12 -I../Drivers/BSP/Components/lis2mdl -I../Drivers/BSP/Components/lsm6dso16is -I../Drivers/BSP/Components/sht40ad1b -I../Drivers/BSP/Components/lps22df -I../Drivers/BSP/Components/stts22h -I../Drivers/BSP/IKS4A1 -I../Drivers/BSP/Components/Common -O0 -ffunction-sections -fdata-sections -Wall -fstack-usage -fcyclomatic-complexity -MMD -MP -MF"Drivers/BSP/Components/lis2duxs12/lis2duxs12.d" -MT"Drivers/BSP/Components/lis2duxs12/lis2duxs12.o" --specs=nano.specs -mfpu=fpv4-sp-d16 -mfloat-abi=hard -mthumb -o "Drivers/BSP/Components/lis2duxs12/lis2duxs12.o"
arm-none-eabi-gcc "../Drivers/BSP/Components/lis2duxs12/lis2duxs12_reg.c" -mcpu=cortex-m4 -std=gnu11 -g3 -DDEBUG -DUSE_HAL_DRIVER -DSTM32F401xE -c -I../FATFS/Target -I../FATFS/App -I../Core/Inc -I../Drivers/STM32F4xx_HAL_Driver/Inc -I../Drivers/STM32F4xx_HAL_Driver/Inc/Legacy -I../Middlewares/Third_Party/FatFs/src -I../Drivers/CMSIS/Device/ST/STM32F4xx/Include -I../Drivers/CMSIS/Include -I../MEMS/Target -I../Drivers/BSP/Components/lsm6dsv16x -I../MEMS/App -I../Drivers/BSP/STM32F4xx_Nucleo -I../Drivers/BSP/Components/lis2duxs12 -I../Drivers/BSP/Components/lis2mdl -I../Drivers/BSP/Components/lsm6dso16is -I../Drivers/BSP/Components/sht40ad1b -I../Drivers/BSP/Components/lps22df -I../Drivers/BSP/Components/stts22h -I../Drivers/BSP/IKS4A1 -I../Drivers/BSP/Components/Common -O0 -ffunction-sections -fdata-sections -Wall -fstack-usage -fcyclomatic-complexity -MMD -MP -MF"Drivers/BSP/Components/lis2duxs12/lis2duxs12_reg.d" -MT"Drivers/BSP/Components/lis2duxs12/lis2duxs12_reg.o" --specs=nano.specs -mfpu=fpv4-sp-d16 -mfloat-abi=hard -mthumb -o "Drivers/BSP/Components/lis2duxs12/lis2duxs12_reg.o"
arm-none-eabi-gcc -mcpu=cortex-m4 -g3 -DDEBUG -c -x assembler-with-cpp -MMD -MP -MF"Core/Startup/startup_stm32f401retx.d" -MT"Core/Startup/startup_stm32f401retx.o" --specs=nano.specs -mfpu=fpv4-sp-d16 -mfloat-abi=hard -mthumb -o "Core/Startup/startup_stm32f401retx.o" "../Core/Startup/startup_stm32f401retx.s"
arm-none-eabi-gcc "../Core/Src/main.c" -mcpu=cortex-m4 -std=gnu11 -g3 -DDEBUG -DUSE_HAL_DRIVER -DSTM32F401xE -c -I../FATFS/Target -I../FATFS/App -I../Core/Inc -I../Drivers/STM32F4xx_HAL_Driver/Inc -I../Drivers/STM32F4xx_HAL_Driver/Inc/Legacy -I../Middlewares/Third_Party/FatFs/src -I../Drivers/CMSIS/Device/ST/STM32F4xx/Include -I../Drivers/CMSIS/Include -I../MEMS/Target -I../Drivers/BSP/Components/lsm6dsv16x -I../MEMS/App -I../Drivers/BSP/STM32F4xx_Nucleo -I../Drivers/BSP/Components/lis2duxs12 -I../Drivers/BSP/Components/lis2mdl -I../Drivers/BSP/Components/lsm6dso16is -I../Drivers/BSP/Components/sht40ad1b -I../Drivers/BSP/Components/lps22df -I../Drivers/BSP/Components/stts22h -I../Drivers/BSP/IKS4A1 -I../Drivers/BSP/Components/Common -O0 -ffunction-sections -fdata-sections -Wall -fstack-usage -fcyclomatic-complexity -MMD -MP -MF"Core/Src/main.d" -MT"Core/Src/main.o" --specs=nano.specs -mfpu=fpv4-sp-d16 -mfloat-abi=hard -mthumb -o "Core/Src/main.o"
arm-none-eabi-gcc "../Core/Src/sd_benchmark.c" -mcpu=cortex-m4 -std=gnu11 -g3 -DDEBUG -DUSE_HAL_DRIVER -DSTM32F401xE -c -I../FATFS/Target -I../FATFS/App -I../Core/Inc -I../Drivers/STM32F4xx_HAL_Driver/Inc -I../Drivers/STM32F4xx_HAL_Driver/Inc/Legacy -I../Middlewares/Third_Party/FatFs/src -I../Drivers/CMSIS/Device/ST/STM32F4xx/Include -I../Drivers/CMSIS/Include -I../MEMS/Target -I../Drivers/BSP/Components/lsm6dsv16x -I../MEMS/App -I../Drivers/BSP/STM32F4xx_Nucleo -I../Drivers/BSP/Components/lis2duxs12 -I../Drivers/BSP/Components/lis2mdl -I../Drivers/BSP/Components/lsm6dso16is -I../Drivers/BSP/Components/sht40ad1b -I../Drivers/BSP/Components/lps22df -I../Drivers/BSP/Components/stts22h -I../Drivers/BSP/IKS4A1 -I../Drivers/BSP/Components/Common -O0 -ffunction-sections -fdata-sections -Wall -fstack-usage -fcyclomatic-complexity -MMD -MP -MF"Core/Src/sd_benchmark.d" -MT"Core/Src/sd_benchmark.o" --specs=nano.specs -mfpu=fpv4-sp-d16 -mfloat-abi=hard -mthumb -o "Core/Src/sd_benchmark.o"
arm-none-eabi-gcc "../Core/Src/sd_diskio_spi.c" -mcpu=cortex-m4 -std=gnu11 -g3 -DDEBUG -DUSE_HAL_DRIVER -DSTM32F401xE -c -I../FATFS/Target -I../FATFS/App -I../Core/Inc -I../Drivers/STM32F4xx_HAL_Driver/Inc -I../Drivers/STM32F4xx_HAL_Driver/Inc/Legacy -I../Middlewares/Third_Party/FatFs/src -I../Drivers/CMSIS/Device/ST/STM32F4xx/Include -I../Drivers/CMSIS/Include -I../MEMS/Target -I../Drivers/BSP/Components/lsm6dsv16x -I../MEMS/App -I../Drivers/BSP/STM32F4xx_Nucleo -I../Drivers/BSP/Components/lis2duxs12 -I../Drivers/BSP/Components/lis2mdl -I../Drivers/BSP/Components/lsm6dso16is -I../Drivers/BSP/Components/sht40ad1b -I../Drivers/BSP/Components/lps22df -I../Drivers/BSP/Components/stts22h -I../Drivers/BSP/IKS4A1 -I../Drivers/BSP/Components/Common -O0 -ffunction-sections -fdata-sections -Wall -fstack-usage -fcyclomatic-complexity -MMD -MP -MF"Core/Src/sd_diskio_spi.d" -MT"Core/Src/sd_diskio_spi.o" --specs=nano.specs -mfpu=fpv4-sp-d16 -mfloat-abi=hard -mthumb -o "Core/Src/sd_diskio_spi.o"
arm-none-eabi-gcc "../Core/Src/sd_functions.c" -mcpu=cortex-m4 -std=gnu11 -g3 -DDEBUG -DUSE_HAL_DRIVER -DSTM32F401xE -c -I../FATFS/Target -I../FATFS/App -I../Core/Inc -I../Drivers/STM32F4xx_HAL_Driver/Inc -I../Drivers/STM32F4xx_HAL_Driver/Inc/Legacy -I../Middlewares/Third_Party/FatFs/src -I../Drivers/CMSIS/Device/ST/STM32F4xx/Include -I../Drivers/CMSIS/Include -I../MEMS/Target -I../Drivers/BSP/Components/lsm6dsv16x -I../MEMS/App -I../Drivers/BSP/STM32F4xx_Nucleo -I../Drivers/BSP/Components/lis2duxs12 -I../Drivers/BSP/Components/lis2mdl -I../Drivers/BSP/Components/lsm6dso16is -I../Drivers/BSP/Components/sht40ad1b -I../Drivers/BSP/Components/lps22df -I../Drivers/BSP/Components/stts22h -I../Drivers/BSP/IKS4A1 -I../Drivers/BSP/Components/Common -O0 -ffunction-sections -fdata-sections -Wall -fstack-usage -fcyclomatic-complexity -MMD -MP -MF"Core/Src/sd_functions.d" -MT"Core/Src/sd_functions.o" --specs=nano.specs -mfpu=fpv4-sp-d16 -mfloat-abi=hard -mthumb -o "Core/Src/sd_functions.o"
arm-none-eabi-gcc "../Core/Src/sd_spi.c" -mcpu=cortex-m4 -std=gnu11 -g3 -DDEBUG -DUSE_HAL_DRIVER -DSTM32F401xE -c -I../FATFS/Target -I../FATFS/App -I../Core/Inc -I../Drivers/STM32F4xx_HAL_Driver/Inc -I../Drivers/STM32F4xx_HAL_Driver/Inc/Legacy -I../Middlewares/Third_Party/FatFs/src -I../Drivers/CMSIS/Device/ST/STM32F4xx/Include -I../Drivers/CMSIS/Include -I../MEMS/Target -I../Drivers/BSP/Components/lsm6dsv16x -I../MEMS/App -I../Drivers/BSP/STM32F4xx_Nucleo -I../Drivers/BSP/Components/lis2duxs12 -I../Drivers/BSP/Components/lis2mdl -I../Drivers/BSP/Components/lsm6dso16is -I../Drivers/BSP/Components/sht40ad1b -I../Drivers/BSP/Components/lps22df -I../Drivers/BSP/Components/stts22h -I../Drivers/BSP/IKS4A1 -I../Drivers/BSP/Components/Common -O0 -ffunction-sections -fdata-sections -Wall -fstack-usage -fcyclomatic-complexity -MMD -MP -MF"Core/Src/sd_spi.d" -MT"Core/Src/sd_spi.o" --specs=nano.specs -mfpu=fpv4-sp-d16 -mfloat-abi=hard -mthumb -o "Core/Src/sd_spi.o"
arm-none-eabi-gcc "../Core/Src/stm32f4xx_hal_msp.c" -mcpu=cortex-m4 -std=gnu11 -g3 -DDEBUG -DUSE_HAL_DRIVER -DSTM32F401xE -c -I../FATFS/Target -I../FATFS/App -I../Core/Inc -I../Drivers/STM32F4xx_HAL_Driver/Inc -I../Drivers/STM32F4xx_HAL_Driver/Inc/Legacy -I../Middlewares/Third_Party/FatFs/src -I../Drivers/CMSIS/Device/ST/STM32F4xx/Include -I../Drivers/CMSIS/Include -I../MEMS/Target -I../Drivers/BSP/Components/lsm6dsv16x -I../MEMS/App -I../Drivers/BSP/STM32F4xx_Nucleo -I../Drivers/BSP/Components/lis2duxs12 -I../Drivers/BSP/Components/lis2mdl -I../Drivers/BSP/Components/lsm6dso16is -I../Drivers/BSP/Components/sht40ad1b -I../Drivers/BSP/Components/lps22df -I../Drivers/BSP/Components/stts22h -I../Drivers/BSP/IKS4A1 -I../Drivers/BSP/Components/Common -O0 -ffunction-sections -fdata-sections -Wall -fstack-usage -fcyclomatic-complexity -MMD -MP -MF"Core/Src/stm32f4xx_hal_msp.d" -MT"Core/Src/stm32f4xx_hal_msp.o" --specs=nano.specs -mfpu=fpv4-sp-d16 -mfloat-abi=hard -mthumb -o "Core/Src/stm32f4xx_hal_msp.o"
arm-none-eabi-gcc "../Core/Src/stm32f4xx_it.c" -mcpu=cortex-m4 -std=gnu11 -g3 -DDEBUG -DUSE_HAL_DRIVER -DSTM32F401xE -c -I../FATFS/Target -I../FATFS/App -I../Core/Inc -I../Drivers/STM32F4xx_HAL_Driver/Inc -I../Drivers/STM32F4xx_HAL_Driver/Inc/Legacy -I../Middlewares/Third_Party/FatFs/src -I../Drivers/CMSIS/Device/ST/STM32F4xx/Include -I../Drivers/CMSIS/Include -I../MEMS/Target -I../Drivers/BSP/Components/lsm6dsv16x -I../MEMS/App -I../Drivers/BSP/STM32F4xx_Nucleo -I../Drivers/BSP/Components/lis2duxs12 -I../Drivers/BSP/Components/lis2mdl -I../Drivers/BSP/Components/lsm6dso16is -I../Drivers/BSP/Components/sht40ad1b -I../Drivers/BSP/Components/lps22df -I../Drivers/BSP/Components/stts22h -I../Drivers/BSP/IKS4A1 -I../Drivers/BSP/Components/Common -O0 -ffunction-sections -fdata-sections -Wall -fstack-usage -fcyclomatic-complexity -MMD -MP -MF"Core/Src/stm32f4xx_it.d" -MT"Core/Src/stm32f4xx_it.o" --specs=nano.specs -mfpu=fpv4-sp-d16 -mfloat-abi=hard -mthumb -o "Core/Src/stm32f4xx_it.o"
arm-none-eabi-gcc "../Core/Src/stm32f4xx_nucleo_bus.c" -mcpu=cortex-m4 -std=gnu11 -g3 -DDEBUG -DUSE_HAL_DRIVER -DSTM32F401xE -c -I../FATFS/Target -I../FATFS/App -I../Core/Inc -I../Drivers/STM32F4xx_HAL_Driver/Inc -I../Drivers/STM32F4xx_HAL_Driver/Inc/Legacy -I../Middlewares/Third_Party/FatFs/src -I../Drivers/CMSIS/Device/ST/STM32F4xx/Include -I../Drivers/CMSIS/Include -I../MEMS/Target -I../Drivers/BSP/Components/lsm6dsv16x -I../MEMS/App -I../Drivers/BSP/STM32F4xx_Nucleo -I../Drivers/BSP/Components/lis2duxs12 -I../Drivers/BSP/Components/lis2mdl -I../Drivers/BSP/Components/lsm6dso16is -I../Drivers/BSP/Components/sht40ad1b -I../Drivers/BSP/Components/lps22df -I../Drivers/BSP/Components/stts22h -I../Drivers/BSP/IKS4A1 -I../Drivers/BSP/Components/Common -O0 -ffunction-sections -fdata-sections -Wall -fstack-usage -fcyclomatic-complexity -MMD -MP -MF"Core/Src/stm32f4xx_nucleo_bus.d" -MT"Core/Src/stm32f4xx_nucleo_bus.o" --specs=nano.specs -mfpu=fpv4-sp-d16 -mfloat-abi=hard -mthumb -o "Core/Src/stm32f4xx_nucleo_bus.o"
arm-none-eabi-gcc "../Core/Src/syscalls.c" -mcpu=cortex-m4 -std=gnu11 -g3 -DDEBUG -DUSE_HAL_DRIVER -DSTM32F401xE -c -I../FATFS/Target -I../FATFS/App -I../Core/Inc -I../Drivers/STM32F4xx_HAL_Driver/Inc -I../Drivers/STM32F4xx_HAL_Driver/Inc/Legacy -I../Middlewares/Third_Party/FatFs/src -I../Drivers/CMSIS/Device/ST/STM32F4xx/Include -I../Drivers/CMSIS/Include -I../MEMS/Target -I../Drivers/BSP/Components/lsm6dsv16x -I../MEMS/App -I../Drivers/BSP/STM32F4xx_Nucleo -I../Drivers/BSP/Components/lis2duxs12 -I../Drivers/BSP/Components/lis2mdl -I../Drivers/BSP/Components/lsm6dso16is -I../Drivers/BSP/Components/sht40ad1b -I../Drivers/BSP/Components/lps22df -I../Drivers/BSP/Components/stts22h -I../Drivers/BSP/IKS4A1 -I../Drivers/BSP/Components/Common -O0 -ffunction-sections -fdata-sections -Wall -fstack-usage -fcyclomatic-complexity -MMD -MP -MF"Core/Src/syscalls.d" -MT"Core/Src/syscalls.o" --specs=nano.specs -mfpu=fpv4-sp-d16 -mfloat-abi=hard -mthumb -o "Core/Src/syscalls.o"
arm-none-eabi-gcc "../Core/Src/sysmem.c" -mcpu=cortex-m4 -std=gnu11 -g3 -DDEBUG -DUSE_HAL_DRIVER -DSTM32F401xE -c -I../FATFS/Target -I../FATFS/App -I../Core/Inc -I../Drivers/STM32F4xx_HAL_Driver/Inc -I../Drivers/STM32F4xx_HAL_Driver/Inc/Legacy -I../Middlewares/Third_Party/FatFs/src -I../Drivers/CMSIS/Device/ST/STM32F4xx/Include -I../Drivers/CMSIS/Include -I../MEMS/Target -I../Drivers/BSP/Components/lsm6dsv16x -I../MEMS/App -I../Drivers/BSP/STM32F4xx_Nucleo -I../Drivers/BSP/Components/lis2duxs12 -I../Drivers/BSP/Components/lis2mdl -I../Drivers/BSP/Components/lsm6dso16is -I../Drivers/BSP/Components/sht40ad1b -I../Drivers/BSP/Components/lps22df -I../Drivers/BSP/Components/stts22h -I../Drivers/BSP/IKS4A1 -I../Drivers/BSP/Components/Common -O0 -ffunction-sections -fdata-sections -Wall -fstack-usage -fcyclomatic-complexity -MMD -MP -MF"Core/Src/sysmem.d" -MT"Core/Src/sysmem.o" --specs=nano.specs -mfpu=fpv4-sp-d16 -mfloat-abi=hard -mthumb -o "Core/Src/sysmem.o"
arm-none-eabi-gcc "../Core/Src/system_stm32f4xx.c" -mcpu=cortex-m4 -std=gnu11 -g3 -DDEBUG -DUSE_HAL_DRIVER -DSTM32F401xE -c -I../FATFS/Target -I../FATFS/App -I../Core/Inc -I../Drivers/STM32F4xx_HAL_Driver/Inc -I../Drivers/STM32F4xx_HAL_Driver/Inc/Legacy -I../Middlewares/Third_Party/FatFs/src -I../Drivers/CMSIS/Device/ST/STM32F4xx/Include -I../Drivers/CMSIS/Include -I../MEMS/Target -I../Drivers/BSP/Components/lsm6dsv16x -I../MEMS/App -I../Drivers/BSP/STM32F4xx_Nucleo -I../Drivers/BSP/Components/lis2duxs12 -I../Drivers/BSP/Components/lis2mdl -I../Drivers/BSP/Components/lsm6dso16is -I../Drivers/BSP/Components/sht40ad1b -I../Drivers/BSP/Components/lps22df -I../Drivers/BSP/Components/stts22h -I../Drivers/BSP/IKS4A1 -I../Drivers/BSP/Components/Common -O0 -ffunction-sections -fdata-sections -Wall -fstack-usage -fcyclomatic-complexity -MMD -MP -MF"Core/Src/system_stm32f4xx.d" -MT"Core/Src/system_stm32f4xx.o" --specs=nano.specs -mfpu=fpv4-sp-d16 -mfloat-abi=hard -mthumb -o "Core/Src/system_stm32f4xx.o"
../Core/Src/sd_diskio_spi.c:74:5: warning: initialization of 'DRESULT (*)(BYTE,  const BYTE *, DWORD,  UINT)' {aka 'DRESULT (*)(unsigned char,  const unsigned char *, long unsigned int,  unsigned int)'} from incompatible pointer type 'DRESULT (*)(BYTE,  BYTE *, DWORD,  UINT)' {aka 'DRESULT (*)(unsigned char,  unsigned char *, long unsigned int,  unsigned int)'} [-Wincompatible-pointer-types]
   74 |     SD_disk_write,
      |     ^~~~~~~~~~~~~
../Core/Src/sd_diskio_spi.c:74:5: note: (near initialization for 'SD_Driver.disk_write')
../Core/Src/sd_functions.c: In function 'sd_list_directory_recursive':
../Core/Src/sd_functions.c:270:72: warning: '%s' directive output may be truncated writing up to 255 bytes into a region of size 127 [-Wformat-truncation=]
  270 |                                 snprintf(newpath, sizeof(newpath), "%s/%s", path, name);
      |                                                                        ^~
../Core/Src/sd_functions.c:270:33: note: 'snprintf' output 2 or more bytes (assuming 257) into a destination of size 128
  270 |                                 snprintf(newpath, sizeof(newpath), "%s/%s", path, name);
      |                                 ^~~~~~~~~~~~~~~~~~~~~~~~~~~~~~~~~~~~~~~~~~~~~~~~~~~~~~~
arm-none-eabi-gcc -o "fw_acquisition_data.elf" @"objects.list"   -mcpu=cortex-m4 -T"C:\Users\lucas.silva.JASSY\Desktop\git_lucas\mba_dsa\fw_acquisition_data\STM32F401RETX_FLASH.ld" --specs=nosys.specs -Wl,-Map="fw_acquisition_data.map" -Wl,--gc-sections -static --specs=nano.specs -mfpu=fpv4-sp-d16 -mfloat-abi=hard -mthumb -Wl,--start-group -lc -lm -Wl,--end-group
Finished building target: fw_acquisition_data.elf
 
arm-none-eabi-size  fw_acquisition_data.elf 
arm-none-eabi-objdump -h -S fw_acquisition_data.elf  > "fw_acquisition_data.list"
   text	   data	    bss	    dec	    hex	filename
 100152	    644	   4692	 105488	  19c10	fw_acquisition_data.elf
Finished building: default.size.stdout
 
Finished building: fw_acquisition_data.list
 
12:57:43 **** Incremental Build of configuration Debug for project fw_acquisition_data ****
make -j12 all 
arm-none-eabi-gcc "../Core/Src/main.c" -mcpu=cortex-m4 -std=gnu11 -g3 -DDEBUG -DUSE_HAL_DRIVER -DSTM32F401xE -c -I../FATFS/Target -I../FATFS/App -I../Core/Inc -I../Drivers/STM32F4xx_HAL_Driver/Inc -I../Drivers/STM32F4xx_HAL_Driver/Inc/Legacy -I../Middlewares/Third_Party/FatFs/src -I../Drivers/CMSIS/Device/ST/STM32F4xx/Include -I../Drivers/CMSIS/Include -I../MEMS/Target -I../Drivers/BSP/Components/lsm6dsv16x -I../MEMS/App -I../Drivers/BSP/STM32F4xx_Nucleo -I../Drivers/BSP/Components/lis2duxs12 -I../Drivers/BSP/Components/lis2mdl -I../Drivers/BSP/Components/lsm6dso16is -I../Drivers/BSP/Components/sht40ad1b -I../Drivers/BSP/Components/lps22df -I../Drivers/BSP/Components/stts22h -I../Drivers/BSP/IKS4A1 -I../Drivers/BSP/Components/Common -O0 -ffunction-sections -fdata-sections -Wall -fstack-usage -fcyclomatic-complexity -MMD -MP -MF"Core/Src/main.d" -MT"Core/Src/main.o" --specs=nano.specs -mfpu=fpv4-sp-d16 -mfloat-abi=hard -mthumb -o "Core/Src/main.o"
arm-none-eabi-gcc -o "fw_acquisition_data.elf" @"objects.list"   -mcpu=cortex-m4 -T"C:\Users\lucas.silva.JASSY\Desktop\git_lucas\mba_dsa\fw_acquisition_data\STM32F401RETX_FLASH.ld" --specs=nosys.specs -Wl,-Map="fw_acquisition_data.map" -Wl,--gc-sections -static --specs=nano.specs -mfpu=fpv4-sp-d16 -mfloat-abi=hard -mthumb -Wl,--start-group -lc -lm -Wl,--end-group
Finished building target: fw_acquisition_data.elf
 
arm-none-eabi-size  fw_acquisition_data.elf 
arm-none-eabi-objdump -h -S fw_acquisition_data.elf  > "fw_acquisition_data.list"
   text	   data	    bss	    dec	    hex	filename
  99520	    644	   4692	 104856	  19998	fw_acquisition_data.elf
Finished building: default.size.stdout
 
Finished building: fw_acquisition_data.list
 
12:21:12 **** Incremental Build of configuration Debug for project fw_acquisition_data ****
make -j12 all 
arm-none-eabi-gcc "../Core/Src/main.c" -mcpu=cortex-m4 -std=gnu11 -g3 -DDEBUG -DUSE_HAL_DRIVER -DSTM32F401xE -c -I../FATFS/Target -I../FATFS/App -I../Core/Inc -I../Drivers/STM32F4xx_HAL_Driver/Inc -I../Drivers/STM32F4xx_HAL_Driver/Inc/Legacy -I../Middlewares/Third_Party/FatFs/src -I../Drivers/CMSIS/Device/ST/STM32F4xx/Include -I../Drivers/CMSIS/Include -I../MEMS/Target -I../Drivers/BSP/Components/lsm6dsv16x -I../MEMS/App -I../Drivers/BSP/STM32F4xx_Nucleo -I../Drivers/BSP/Components/lis2duxs12 -I../Drivers/BSP/Components/lis2mdl -I../Drivers/BSP/Components/lsm6dso16is -I../Drivers/BSP/Components/sht40ad1b -I../Drivers/BSP/Components/lps22df -I../Drivers/BSP/Components/stts22h -I../Drivers/BSP/IKS4A1 -I../Drivers/BSP/Components/Common -O0 -ffunction-sections -fdata-sections -Wall -fstack-usage -fcyclomatic-complexity -MMD -MP -MF"Core/Src/main.d" -MT"Core/Src/main.o" --specs=nano.specs -mfpu=fpv4-sp-d16 -mfloat-abi=hard -mthumb -o "Core/Src/main.o"
arm-none-eabi-gcc -o "fw_acquisition_data.elf" @"objects.list"   -mcpu=cortex-m4 -T"C:\Users\lucas.silva.JASSY\Desktop\git_lucas\mba_dsa\fw_acquisition_data\STM32F401RETX_FLASH.ld" --specs=nosys.specs -Wl,-Map="fw_acquisition_data.map" -Wl,--gc-sections -static --specs=nano.specs -mfpu=fpv4-sp-d16 -mfloat-abi=hard -mthumb -Wl,--start-group -lc -lm -Wl,--end-group
Finished building target: fw_acquisition_data.elf
 
arm-none-eabi-size  fw_acquisition_data.elf 
arm-none-eabi-objdump -h -S fw_acquisition_data.elf  > "fw_acquisition_data.list"
   text	   data	    bss	    dec	    hex	filename
  99520	    644	   4692	 104856	  19998	fw_acquisition_data.elf
Finished building: default.size.stdout
 
Finished building: fw_acquisition_data.list
 
12:38:54 **** Incremental Build of configuration Debug for project fw_acquisition_data ****
make -j12 all 
arm-none-eabi-gcc "../Middlewares/Third_Party/FatFs/src/option/ccsbcs.c" -mcpu=cortex-m4 -std=gnu11 -g3 -DDEBUG -DUSE_HAL_DRIVER -DSTM32F401xE -c -I../FATFS/Target -I../FATFS/App -I../Core/Inc -I../Drivers/STM32F4xx_HAL_Driver/Inc -I../Drivers/STM32F4xx_HAL_Driver/Inc/Legacy -I../Middlewares/Third_Party/FatFs/src -I../Drivers/CMSIS/Device/ST/STM32F4xx/Include -I../Drivers/CMSIS/Include -I../MEMS/Target -I../Drivers/BSP/Components/lsm6dsv16x -I../MEMS/App -I../Drivers/BSP/STM32F4xx_Nucleo -I../Drivers/BSP/Components/lis2duxs12 -I../Drivers/BSP/Components/lis2mdl -I../Drivers/BSP/Components/lsm6dso16is -I../Drivers/BSP/Components/sht40ad1b -I../Drivers/BSP/Components/lps22df -I../Drivers/BSP/Components/stts22h -I../Drivers/BSP/IKS4A1 -I../Drivers/BSP/Components/Common -O0 -ffunction-sections -fdata-sections -Wall -fstack-usage -fcyclomatic-complexity -MMD -MP -MF"Middlewares/Third_Party/FatFs/src/option/ccsbcs.d" -MT"Middlewares/Third_Party/FatFs/src/option/ccsbcs.o" --specs=nano.specs -mfpu=fpv4-sp-d16 -mfloat-abi=hard -mthumb -o "Middlewares/Third_Party/FatFs/src/option/ccsbcs.o"
[...]
arm-none-eabi-gcc "../Drivers/BSP/STM32F4xx_Nucleo/stm32f4xx_nucleo.c" -mcpu=cortex-m4 -std=gnu11 -g3 -DDEBUG -DUSE_HAL_DRIVER -DSTM32F401xE -c -I../FATFS/Target -I../FATFS/App -I../Core/Inc -I../Drivers/STM32F4xx_HAL_Driver/Inc -I../Drivers/STM32F4xx_HAL_Driver/Inc/Legacy -I../Middlewares/Third_Party/FatFs/src -I../Drivers/CMSIS/Device/ST/STM32F4xx/Include -I../Drivers/CMSIS/Include -I../MEMS/Target -I../Drivers/BSP/Components/lsm6dsv16x -I../MEMS/App -I../Drivers/BSP/STM32F4xx_Nucleo -I../Drivers/BSP/Components/lis2duxs12 -I../Drivers/BSP/Components/lis2mdl -I../Drivers/BSP/Components/lsm6dso16is -I../Drivers/BSP/Components/sht40ad1b -I../Drivers/BSP/Components/lps22df -I../Drivers/BSP/Components/stts22h -I../Drivers/BSP/IKS4A1 -I../Drivers/BSP/Components/Common -O0 -ffunction-sections -fdata-sections -Wall -fstack-usage -fcyclomatic-complexity -MMD -MP -MF"Drivers/BSP/STM32F4xx_Nucleo/stm32f4xx_nucleo.d" -MT"Drivers/BSP/STM32F4xx_Nucleo/stm32f4xx_nucleo.o" --specs=nano.specs -mfpu=fpv4-sp-d16 -mfloat-abi=hard -mthumb -o "Drivers/BSP/STM32F4xx_Nucleo/stm32f4xx_nucleo.o"
arm-none-eabi-gcc "../Drivers/BSP/IKS4A1/iks4a1_env_sensors.c" -mcpu=cortex-m4 -std=gnu11 -g3 -DDEBUG -DUSE_HAL_DRIVER -DSTM32F401xE -c -I../FATFS/Target -I../FATFS/App -I../Core/Inc -I../Drivers/STM32F4xx_HAL_Driver/Inc -I../Drivers/STM32F4xx_HAL_Driver/Inc/Legacy -I../Middlewares/Third_Party/FatFs/src -I../Drivers/CMSIS/Device/ST/STM32F4xx/Include -I../Drivers/CMSIS/Include -I../MEMS/Target -I../Drivers/BSP/Components/lsm6dsv16x -I../MEMS/App -I../Drivers/BSP/STM32F4xx_Nucleo -I../Drivers/BSP/Components/lis2duxs12 -I../Drivers/BSP/Components/lis2mdl -I../Drivers/BSP/Components/lsm6dso16is -I../Drivers/BSP/Components/sht40ad1b -I../Drivers/BSP/Components/lps22df -I../Drivers/BSP/Components/stts22h -I../Drivers/BSP/IKS4A1 -I../Drivers/BSP/Components/Common -O0 -ffunction-sections -fdata-sections -Wall -fstack-usage -fcyclomatic-complexity -MMD -MP -MF"Drivers/BSP/IKS4A1/iks4a1_env_sensors.d" -MT"Drivers/BSP/IKS4A1/iks4a1_env_sensors.o" --specs=nano.specs -mfpu=fpv4-sp-d16 -mfloat-abi=hard -mthumb -o "Drivers/BSP/IKS4A1/iks4a1_env_sensors.o"
arm-none-eabi-gcc "../Drivers/BSP/IKS4A1/iks4a1_env_sensors_ex.c" -mcpu=cortex-m4 -std=gnu11 -g3 -DDEBUG -DUSE_HAL_DRIVER -DSTM32F401xE -c -I../FATFS/Target -I../FATFS/App -I../Core/Inc -I../Drivers/STM32F4xx_HAL_Driver/Inc -I../Drivers/STM32F4xx_HAL_Driver/Inc/Legacy -I../Middlewares/Third_Party/FatFs/src -I../Drivers/CMSIS/Device/ST/STM32F4xx/Include -I../Drivers/CMSIS/Include -I../MEMS/Target -I../Drivers/BSP/Components/lsm6dsv16x -I../MEMS/App -I../Drivers/BSP/STM32F4xx_Nucleo -I../Drivers/BSP/Components/lis2duxs12 -I../Drivers/BSP/Components/lis2mdl -I../Drivers/BSP/Components/lsm6dso16is -I../Drivers/BSP/Components/sht40ad1b -I../Drivers/BSP/Components/lps22df -I../Drivers/BSP/Components/stts22h -I../Drivers/BSP/IKS4A1 -I../Drivers/BSP/Components/Common -O0 -ffunction-sections -fdata-sections -Wall -fstack-usage -fcyclomatic-complexity -MMD -MP -MF"Drivers/BSP/IKS4A1/iks4a1_env_sensors_ex.d" -MT"Drivers/BSP/IKS4A1/iks4a1_env_sensors_ex.o" --specs=nano.specs -mfpu=fpv4-sp-d16 -mfloat-abi=hard -mthumb -o "Drivers/BSP/IKS4A1/iks4a1_env_sensors_ex.o"
arm-none-eabi-gcc "../Drivers/BSP/IKS4A1/iks4a1_motion_sensors.c" -mcpu=cortex-m4 -std=gnu11 -g3 -DDEBUG -DUSE_HAL_DRIVER -DSTM32F401xE -c -I../FATFS/Target -I../FATFS/App -I../Core/Inc -I../Drivers/STM32F4xx_HAL_Driver/Inc -I../Drivers/STM32F4xx_HAL_Driver/Inc/Legacy -I../Middlewares/Third_Party/FatFs/src -I../Drivers/CMSIS/Device/ST/STM32F4xx/Include -I../Drivers/CMSIS/Include -I../MEMS/Target -I../Drivers/BSP/Components/lsm6dsv16x -I../MEMS/App -I../Drivers/BSP/STM32F4xx_Nucleo -I../Drivers/BSP/Components/lis2duxs12 -I../Drivers/BSP/Components/lis2mdl -I../Drivers/BSP/Components/lsm6dso16is -I../Drivers/BSP/Components/sht40ad1b -I../Drivers/BSP/Components/lps22df -I../Drivers/BSP/Components/stts22h -I../Drivers/BSP/IKS4A1 -I../Drivers/BSP/Components/Common -O0 -ffunction-sections -fdata-sections -Wall -fstack-usage -fcyclomatic-complexity -MMD -MP -MF"Drivers/BSP/IKS4A1/iks4a1_motion_sensors.d" -MT"Drivers/BSP/IKS4A1/iks4a1_motion_sensors.o" --specs=nano.specs -mfpu=fpv4-sp-d16 -mfloat-abi=hard -mthumb -o "Drivers/BSP/IKS4A1/iks4a1_motion_sensors.o"
../Middlewares/Third_Party/FatFs/src/ff.c: In function 'f_setlabel':
../Middlewares/Third_Party/FatFs/src/ff.c:5032:9: warning: this 'for' clause does not guard... [-Wmisleading-indentation]
 5032 |         for (slen = 0; (UINT)label[slen] >= ' '; slen++) ;      /* Get name length */
      |         ^~~
../Middlewares/Third_Party/FatFs/src/ff.c:5052:9: note: ...this statement, but the latter is misleadingly indented as if it were guarded by the 'for'
 5052 |         {       /* On the FAT12/16/32 volume */
      |         ^
arm-none-eabi-gcc "../Drivers/BSP/IKS4A1/iks4a1_motion_sensors_ex.c" -mcpu=cortex-m4 -std=gnu11 -g3 -DDEBUG -DUSE_HAL_DRIVER -DSTM32F401xE -c -I../FATFS/Target -I../FATFS/App -I../Core/Inc -I../Drivers/STM32F4xx_HAL_Driver/Inc -I../Drivers/STM32F4xx_HAL_Driver/Inc/Legacy -I../Middlewares/Third_Party/FatFs/src -I../Drivers/CMSIS/Device/ST/STM32F4xx/Include -I../Drivers/CMSIS/Include -I../MEMS/Target -I../Drivers/BSP/Components/lsm6dsv16x -I../MEMS/App -I../Drivers/BSP/STM32F4xx_Nucleo -I../Drivers/BSP/Components/lis2duxs12 -I../Drivers/BSP/Components/lis2mdl -I../Drivers/BSP/Components/lsm6dso16is -I../Drivers/BSP/Components/sht40ad1b -I../Drivers/BSP/Components/lps22df -I../Drivers/BSP/Components/stts22h -I../Drivers/BSP/IKS4A1 -I../Drivers/BSP/Components/Common -O0 -ffunction-sections -fdata-sections -Wall -fstack-usage -fcyclomatic-complexity -MMD -MP -MF"Drivers/BSP/IKS4A1/iks4a1_motion_sensors_ex.d" -MT"Drivers/BSP/IKS4A1/iks4a1_motion_sensors_ex.o" --specs=nano.specs -mfpu=fpv4-sp-d16 -mfloat-abi=hard -mthumb -o "Drivers/BSP/IKS4A1/iks4a1_motion_sensors_ex.o"
arm-none-eabi-gcc "../Core/Src/main.c" -mcpu=cortex-m4 -std=gnu11 -g3 -DDEBUG -DUSE_HAL_DRIVER -DSTM32F401xE -c -I../FATFS/Target -I../FATFS/App -I../Core/Inc -I../Drivers/STM32F4xx_HAL_Driver/Inc -I../Drivers/STM32F4xx_HAL_Driver/Inc/Legacy -I../Middlewares/Third_Party/FatFs/src -I../Drivers/CMSIS/Device/ST/STM32F4xx/Include -I../Drivers/CMSIS/Include -I../MEMS/Target -I../Drivers/BSP/Components/lsm6dsv16x -I../MEMS/App -I../Drivers/BSP/STM32F4xx_Nucleo -I../Drivers/BSP/Components/lis2duxs12 -I../Drivers/BSP/Components/lis2mdl -I../Drivers/BSP/Components/lsm6dso16is -I../Drivers/BSP/Components/sht40ad1b -I../Drivers/BSP/Components/lps22df -I../Drivers/BSP/Components/stts22h -I../Drivers/BSP/IKS4A1 -I../Drivers/BSP/Components/Common -O0 -ffunction-sections -fdata-sections -Wall -fstack-usage -fcyclomatic-complexity -MMD -MP -MF"Core/Src/main.d" -MT"Core/Src/main.o" --specs=nano.specs -mfpu=fpv4-sp-d16 -mfloat-abi=hard -mthumb -o "Core/Src/main.o"
arm-none-eabi-gcc "../Core/Src/sd_benchmark.c" -mcpu=cortex-m4 -std=gnu11 -g3 -DDEBUG -DUSE_HAL_DRIVER -DSTM32F401xE -c -I../FATFS/Target -I../FATFS/App -I../Core/Inc -I../Drivers/STM32F4xx_HAL_Driver/Inc -I../Drivers/STM32F4xx_HAL_Driver/Inc/Legacy -I../Middlewares/Third_Party/FatFs/src -I../Drivers/CMSIS/Device/ST/STM32F4xx/Include -I../Drivers/CMSIS/Include -I../MEMS/Target -I../Drivers/BSP/Components/lsm6dsv16x -I../MEMS/App -I../Drivers/BSP/STM32F4xx_Nucleo -I../Drivers/BSP/Components/lis2duxs12 -I../Drivers/BSP/Components/lis2mdl -I../Drivers/BSP/Components/lsm6dso16is -I../Drivers/BSP/Components/sht40ad1b -I../Drivers/BSP/Components/lps22df -I../Drivers/BSP/Components/stts22h -I../Drivers/BSP/IKS4A1 -I../Drivers/BSP/Components/Common -O0 -ffunction-sections -fdata-sections -Wall -fstack-usage -fcyclomatic-complexity -MMD -MP -MF"Core/Src/sd_benchmark.d" -MT"Core/Src/sd_benchmark.o" --specs=nano.specs -mfpu=fpv4-sp-d16 -mfloat-abi=hard -mthumb -o "Core/Src/sd_benchmark.o"
arm-none-eabi-gcc "../Core/Src/sd_diskio_spi.c" -mcpu=cortex-m4 -std=gnu11 -g3 -DDEBUG -DUSE_HAL_DRIVER -DSTM32F401xE -c -I../FATFS/Target -I../FATFS/App -I../Core/Inc -I../Drivers/STM32F4xx_HAL_Driver/Inc -I../Drivers/STM32F4xx_HAL_Driver/Inc/Legacy -I../Middlewares/Third_Party/FatFs/src -I../Drivers/CMSIS/Device/ST/STM32F4xx/Include -I../Drivers/CMSIS/Include -I../MEMS/Target -I../Drivers/BSP/Components/lsm6dsv16x -I../MEMS/App -I../Drivers/BSP/STM32F4xx_Nucleo -I../Drivers/BSP/Components/lis2duxs12 -I../Drivers/BSP/Components/lis2mdl -I../Drivers/BSP/Components/lsm6dso16is -I../Drivers/BSP/Components/sht40ad1b -I../Drivers/BSP/Components/lps22df -I../Drivers/BSP/Components/stts22h -I../Drivers/BSP/IKS4A1 -I../Drivers/BSP/Components/Common -O0 -ffunction-sections -fdata-sections -Wall -fstack-usage -fcyclomatic-complexity -MMD -MP -MF"Core/Src/sd_diskio_spi.d" -MT"Core/Src/sd_diskio_spi.o" --specs=nano.specs -mfpu=fpv4-sp-d16 -mfloat-abi=hard -mthumb -o "Core/Src/sd_diskio_spi.o"
arm-none-eabi-gcc "../Core/Src/sd_functions.c" -mcpu=cortex-m4 -std=gnu11 -g3 -DDEBUG -DUSE_HAL_DRIVER -DSTM32F401xE -c -I../FATFS/Target -I../FATFS/App -I../Core/Inc -I../Drivers/STM32F4xx_HAL_Driver/Inc -I../Drivers/STM32F4xx_HAL_Driver/Inc/Legacy -I../Middlewares/Third_Party/FatFs/src -I../Drivers/CMSIS/Device/ST/STM32F4xx/Include -I../Drivers/CMSIS/Include -I../MEMS/Target -I../Drivers/BSP/Components/lsm6dsv16x -I../MEMS/App -I../Drivers/BSP/STM32F4xx_Nucleo -I../Drivers/BSP/Components/lis2duxs12 -I../Drivers/BSP/Components/lis2mdl -I../Drivers/BSP/Components/lsm6dso16is -I../Drivers/BSP/Components/sht40ad1b -I../Drivers/BSP/Components/lps22df -I../Drivers/BSP/Components/stts22h -I../Drivers/BSP/IKS4A1 -I../Drivers/BSP/Components/Common -O0 -ffunction-sections -fdata-sections -Wall -fstack-usage -fcyclomatic-complexity -MMD -MP -MF"Core/Src/sd_functions.d" -MT"Core/Src/sd_functions.o" --specs=nano.specs -mfpu=fpv4-sp-d16 -mfloat-abi=hard -mthumb -o "Core/Src/sd_functions.o"
arm-none-eabi-gcc "../Core/Src/sd_spi.c" -mcpu=cortex-m4 -std=gnu11 -g3 -DDEBUG -DUSE_HAL_DRIVER -DSTM32F401xE -c -I../FATFS/Target -I../FATFS/App -I../Core/Inc -I../Drivers/STM32F4xx_HAL_Driver/Inc -I../Drivers/STM32F4xx_HAL_Driver/Inc/Legacy -I../Middlewares/Third_Party/FatFs/src -I../Drivers/CMSIS/Device/ST/STM32F4xx/Include -I../Drivers/CMSIS/Include -I../MEMS/Target -I../Drivers/BSP/Components/lsm6dsv16x -I../MEMS/App -I../Drivers/BSP/STM32F4xx_Nucleo -I../Drivers/BSP/Components/lis2duxs12 -I../Drivers/BSP/Components/lis2mdl -I../Drivers/BSP/Components/lsm6dso16is -I../Drivers/BSP/Components/sht40ad1b -I../Drivers/BSP/Components/lps22df -I../Drivers/BSP/Components/stts22h -I../Drivers/BSP/IKS4A1 -I../Drivers/BSP/Components/Common -O0 -ffunction-sections -fdata-sections -Wall -fstack-usage -fcyclomatic-complexity -MMD -MP -MF"Core/Src/sd_spi.d" -MT"Core/Src/sd_spi.o" --specs=nano.specs -mfpu=fpv4-sp-d16 -mfloat-abi=hard -mthumb -o "Core/Src/sd_spi.o"
arm-none-eabi-gcc "../Core/Src/stm32f4xx_hal_msp.c" -mcpu=cortex-m4 -std=gnu11 -g3 -DDEBUG -DUSE_HAL_DRIVER -DSTM32F401xE -c -I../FATFS/Target -I../FATFS/App -I../Core/Inc -I../Drivers/STM32F4xx_HAL_Driver/Inc -I../Drivers/STM32F4xx_HAL_Driver/Inc/Legacy -I../Middlewares/Third_Party/FatFs/src -I../Drivers/CMSIS/Device/ST/STM32F4xx/Include -I../Drivers/CMSIS/Include -I../MEMS/Target -I../Drivers/BSP/Components/lsm6dsv16x -I../MEMS/App -I../Drivers/BSP/STM32F4xx_Nucleo -I../Drivers/BSP/Components/lis2duxs12 -I../Drivers/BSP/Components/lis2mdl -I../Drivers/BSP/Components/lsm6dso16is -I../Drivers/BSP/Components/sht40ad1b -I../Drivers/BSP/Components/lps22df -I../Drivers/BSP/Components/stts22h -I../Drivers/BSP/IKS4A1 -I../Drivers/BSP/Components/Common -O0 -ffunction-sections -fdata-sections -Wall -fstack-usage -fcyclomatic-complexity -MMD -MP -MF"Core/Src/stm32f4xx_hal_msp.d" -MT"Core/Src/stm32f4xx_hal_msp.o" --specs=nano.specs -mfpu=fpv4-sp-d16 -mfloat-abi=hard -mthumb -o "Core/Src/stm32f4xx_hal_msp.o"
arm-none-eabi-gcc "../Core/Src/stm32f4xx_it.c" -mcpu=cortex-m4 -std=gnu11 -g3 -DDEBUG -DUSE_HAL_DRIVER -DSTM32F401xE -c -I../FATFS/Target -I../FATFS/App -I../Core/Inc -I../Drivers/STM32F4xx_HAL_Driver/Inc -I../Drivers/STM32F4xx_HAL_Driver/Inc/Legacy -I../Middlewares/Third_Party/FatFs/src -I../Drivers/CMSIS/Device/ST/STM32F4xx/Include -I../Drivers/CMSIS/Include -I../MEMS/Target -I../Drivers/BSP/Components/lsm6dsv16x -I../MEMS/App -I../Drivers/BSP/STM32F4xx_Nucleo -I../Drivers/BSP/Components/lis2duxs12 -I../Drivers/BSP/Components/lis2mdl -I../Drivers/BSP/Components/lsm6dso16is -I../Drivers/BSP/Components/sht40ad1b -I../Drivers/BSP/Components/lps22df -I../Drivers/BSP/Components/stts22h -I../Drivers/BSP/IKS4A1 -I../Drivers/BSP/Components/Common -O0 -ffunction-sections -fdata-sections -Wall -fstack-usage -fcyclomatic-complexity -MMD -MP -MF"Core/Src/stm32f4xx_it.d" -MT"Core/Src/stm32f4xx_it.o" --specs=nano.specs -mfpu=fpv4-sp-d16 -mfloat-abi=hard -mthumb -o "Core/Src/stm32f4xx_it.o"
arm-none-eabi-gcc "../Core/Src/stm32f4xx_nucleo_bus.c" -mcpu=cortex-m4 -std=gnu11 -g3 -DDEBUG -DUSE_HAL_DRIVER -DSTM32F401xE -c -I../FATFS/Target -I../FATFS/App -I../Core/Inc -I../Drivers/STM32F4xx_HAL_Driver/Inc -I../Drivers/STM32F4xx_HAL_Driver/Inc/Legacy -I../Middlewares/Third_Party/FatFs/src -I../Drivers/CMSIS/Device/ST/STM32F4xx/Include -I../Drivers/CMSIS/Include -I../MEMS/Target -I../Drivers/BSP/Components/lsm6dsv16x -I../MEMS/App -I../Drivers/BSP/STM32F4xx_Nucleo -I../Drivers/BSP/Components/lis2duxs12 -I../Drivers/BSP/Components/lis2mdl -I../Drivers/BSP/Components/lsm6dso16is -I../Drivers/BSP/Components/sht40ad1b -I../Drivers/BSP/Components/lps22df -I../Drivers/BSP/Components/stts22h -I../Drivers/BSP/IKS4A1 -I../Drivers/BSP/Components/Common -O0 -ffunction-sections -fdata-sections -Wall -fstack-usage -fcyclomatic-complexity -MMD -MP -MF"Core/Src/stm32f4xx_nucleo_bus.d" -MT"Core/Src/stm32f4xx_nucleo_bus.o" --specs=nano.specs -mfpu=fpv4-sp-d16 -mfloat-abi=hard -mthumb -o "Core/Src/stm32f4xx_nucleo_bus.o"
../Core/Src/sd_diskio_spi.c:74:5: warning: initialization of 'DRESULT (*)(BYTE,  const BYTE *, DWORD,  UINT)' {aka 'DRESULT (*)(unsigned char,  const unsigned char *, long unsigned int,  unsigned int)'} from incompatible pointer type 'DRESULT (*)(BYTE,  BYTE *, DWORD,  UINT)' {aka 'DRESULT (*)(unsigned char,  unsigned char *, long unsigned int,  unsigned int)'} [-Wincompatible-pointer-types]
   74 |     SD_disk_write,
      |     ^~~~~~~~~~~~~
../Core/Src/sd_diskio_spi.c:74:5: note: (near initialization for 'SD_Driver.disk_write')
../Core/Src/sd_functions.c: In function 'sd_list_directory_recursive':
../Core/Src/sd_functions.c:270:72: warning: '%s' directive output may be truncated writing up to 255 bytes into a region of size 127 [-Wformat-truncation=]
  270 |                                 snprintf(newpath, sizeof(newpath), "%s/%s", path, name);
      |                                                                        ^~
../Core/Src/sd_functions.c:270:33: note: 'snprintf' output 2 or more bytes (assuming 257) into a destination of size 128
  270 |                                 snprintf(newpath, sizeof(newpath), "%s/%s", path, name);
      |                                 ^~~~~~~~~~~~~~~~~~~~~~~~~~~~~~~~~~~~~~~~~~~~~~~~~~~~~~~
arm-none-eabi-gcc -o "fw_acquisition_data.elf" @"objects.list"   -mcpu=cortex-m4 -T"C:\Users\lucas.silva.JASSY\Desktop\git_lucas\mba_dsa\fw_acquisition_data\STM32F401RETX_FLASH.ld" --specs=nosys.specs -Wl,-Map="fw_acquisition_data.map" -Wl,--gc-sections -static --specs=nano.specs -mfpu=fpv4-sp-d16 -mfloat-abi=hard -mthumb -Wl,--start-group -lc -lm -Wl,--end-group
Finished building target: fw_acquisition_data.elf
 
arm-none-eabi-size  fw_acquisition_data.elf 
arm-none-eabi-objdump -h -S fw_acquisition_data.elf  > "fw_acquisition_data.list"
   text	   data	    bss	    dec	    hex	filename
  97576	    644	  12292	 110512	  1afb0	fw_acquisition_data.elf
Finished building: default.size.stdout
 
Finished building: fw_acquisition_data.list
 
12:51:01 **** Incremental Build of configuration Debug for project fw_acquisition_data ****
make -j12 all 
arm-none-eabi-gcc "../Core/Src/main.c" -mcpu=cortex-m4 -std=gnu11 -g3 -DDEBUG -DUSE_HAL_DRIVER -DSTM32F401xE -c -I../FATFS/Target -I../FATFS/App -I../Core/Inc -I../Drivers/STM32F4xx_HAL_Driver/Inc -I../Drivers/STM32F4xx_HAL_Driver/Inc/Legacy -I../Middlewares/Third_Party/FatFs/src -I../Drivers/CMSIS/Device/ST/STM32F4xx/Include -I../Drivers/CMSIS/Include -I../MEMS/Target -I../Drivers/BSP/Components/lsm6dsv16x -I../MEMS/App -I../Drivers/BSP/STM32F4xx_Nucleo -I../Drivers/BSP/Components/lis2duxs12 -I../Drivers/BSP/Components/lis2mdl -I../Drivers/BSP/Components/lsm6dso16is -I../Drivers/BSP/Components/sht40ad1b -I../Drivers/BSP/Components/lps22df -I../Drivers/BSP/Components/stts22h -I../Drivers/BSP/IKS4A1 -I../Drivers/BSP/Components/Common -O0 -ffunction-sections -fdata-sections -Wall -fstack-usage -fcyclomatic-complexity -MMD -MP -MF"Core/Src/main.d" -MT"Core/Src/main.o" --specs=nano.specs -mfpu=fpv4-sp-d16 -mfloat-abi=hard -mthumb -o "Core/Src/main.o"
arm-none-eabi-gcc -o "fw_acquisition_data.elf" @"objects.list"   -mcpu=cortex-m4 -T"C:\Users\lucas.silva.JASSY\Desktop\git_lucas\mba_dsa\fw_acquisition_data\STM32F401RETX_FLASH.ld" --specs=nosys.specs -Wl,-Map="fw_acquisition_data.map" -Wl,--gc-sections -static --specs=nano.specs -mfpu=fpv4-sp-d16 -mfloat-abi=hard -mthumb -Wl,--start-group -lc -lm -Wl,--end-group
Finished building target: fw_acquisition_data.elf
 
arm-none-eabi-size  fw_acquisition_data.elf 
arm-none-eabi-objdump -h -S fw_acquisition_data.elf  > "fw_acquisition_data.list"
   text	   data	    bss	    dec	    hex	filename
  97648	    644	  12300	 110592	  1b000	fw_acquisition_data.elf
Finished building: default.size.stdout
 
Finished building: fw_acquisition_data.list
 
12:51:10 **** Incremental Build of configuration Debug for project fw_acquisition_data ****
make -j12 all 
arm-none-eabi-size  fw_acquisition_data.elf 
   text	   data	    bss	    dec	    hex	filename
  97648	    644	  12300	 110592	  1b000	fw_acquisition_data.elf
Finished building: default.size.stdout
 
12:51:32 **** Incremental Build of configuration Debug for project fw_acquisition_data ****
make -j12 all 
arm-none-eabi-size  fw_acquisition_data.elf 
   text	   data	    bss	    dec	    hex	filename
  97648	    644	  12300	 110592	  1b000	fw_acquisition_data.elf
Finished building: default.size.stdout
 
12:56:46 **** Incremental Build of configuration Debug for project fw_acquisition_data ****
make -j12 all 
arm-none-eabi-size  fw_acquisition_data.elf 
   text	   data	    bss	    dec	    hex	filename
  97648	    644	  12300	 110592	  1b000	fw_acquisition_data.elf
Finished building: default.size.stdout
 
12:57:19 **** Incremental Build of configuration Debug for project fw_acquisition_data ****
make -j12 all 
arm-none-eabi-size  fw_acquisition_data.elf 
   text	   data	    bss	    dec	    hex	filename
  97648	    644	  12300	 110592	  1b000	fw_acquisition_data.elf
Finished building: default.size.stdout
 
12:58:02 **** Incremental Build of configuration Debug for project fw_acquisition_data ****
make -j12 all 
arm-none-eabi-size  fw_acquisition_data.elf 
   text	   data	    bss	    dec	    hex	filename
  97648	    644	  12300	 110592	  1b000	fw_acquisition_data.elf
Finished building: default.size.stdout
 
