../Drivers/CMSIS/Include/core_cm4.h:2064:26:ITM_SendChar	16	static,ignoring_inline_asm
../Core/Src/main.c:76:5:_write	32	static
../Core/Src/main.c:90:5:main	264	static
../Core/Src/main.c:215:6:SystemClock_Config	88	static
../Core/Src/main.c:262:13:MX_SPI1_Init	8	static
../Core/Src/main.c:300:13:MX_TIM1_Init	32	static
../Core/Src/main.c:346:13:MX_GPIO_Init	48	static
../Core/Src/main.c:376:6:HAL_TIM_PeriodElapsedCallback	24	static
../Core/Src/main.c:415:6:Error_Handler	4	static,ignoring_inline_asm
