Archive member included to satisfy reference by file (symbol)

C:/ST/STM32CubeIDE_1.16.1/STM32CubeIDE/plugins/com.st.stm32cube.ide.mcu.externaltools.gnu-tools-for-stm32.13.3.rel1.win32_1.0.0.202411081344/tools/bin/../lib/gcc/arm-none-eabi/13.3.1/../../../../arm-none-eabi/lib/thumb/v7e-m+fp/hard\libc_nano.a(libc_a-atoi.o)
                              ./Core/Src/sd_functions.o (atoi)
C:/ST/STM32CubeIDE_1.16.1/STM32CubeIDE/plugins/com.st.stm32cube.ide.mcu.externaltools.gnu-tools-for-stm32.13.3.rel1.win32_1.0.0.202411081344/tools/bin/../lib/gcc/arm-none-eabi/13.3.1/../../../../arm-none-eabi/lib/thumb/v7e-m+fp/hard\libc_nano.a(libc_a-exit.o)
                              C:/ST/STM32CubeIDE_1.16.1/STM32CubeIDE/plugins/com.st.stm32cube.ide.mcu.externaltools.gnu-tools-for-stm32.13.3.rel1.win32_1.0.0.202411081344/tools/bin/../lib/gcc/arm-none-eabi/13.3.1/../../../../arm-none-eabi/lib/thumb/v7e-m+fp/hard/crt0.o (exit)
C:/ST/STM32CubeIDE_1.16.1/STM32CubeIDE/plugins/com.st.stm32cube.ide.mcu.externaltools.gnu-tools-for-stm32.13.3.rel1.win32_1.0.0.202411081344/tools/bin/../lib/gcc/arm-none-eabi/13.3.1/../../../../arm-none-eabi/lib/thumb/v7e-m+fp/hard\libc_nano.a(libc_a-malloc.o)
                              ./Middlewares/Third_Party/FatFs/src/option/syscall.o (malloc)
C:/ST/STM32CubeIDE_1.16.1/STM32CubeIDE/plugins/com.st.stm32cube.ide.mcu.externaltools.gnu-tools-for-stm32.13.3.rel1.win32_1.0.0.202411081344/tools/bin/../lib/gcc/arm-none-eabi/13.3.1/../../../../arm-none-eabi/lib/thumb/v7e-m+fp/hard\libc_nano.a(libc_a-mallocr.o)
                              C:/ST/STM32CubeIDE_1.16.1/STM32CubeIDE/plugins/com.st.stm32cube.ide.mcu.externaltools.gnu-tools-for-stm32.13.3.rel1.win32_1.0.0.202411081344/tools/bin/../lib/gcc/arm-none-eabi/13.3.1/../../../../arm-none-eabi/lib/thumb/v7e-m+fp/hard\libc_nano.a(libc_a-malloc.o) (_malloc_r)
C:/ST/STM32CubeIDE_1.16.1/STM32CubeIDE/plugins/com.st.stm32cube.ide.mcu.externaltools.gnu-tools-for-stm32.13.3.rel1.win32_1.0.0.202411081344/tools/bin/../lib/gcc/arm-none-eabi/13.3.1/../../../../arm-none-eabi/lib/thumb/v7e-m+fp/hard\libc_nano.a(libc_a-mlock.o)
                              C:/ST/STM32CubeIDE_1.16.1/STM32CubeIDE/plugins/com.st.stm32cube.ide.mcu.externaltools.gnu-tools-for-stm32.13.3.rel1.win32_1.0.0.202411081344/tools/bin/../lib/gcc/arm-none-eabi/13.3.1/../../../../arm-none-eabi/lib/thumb/v7e-m+fp/hard\libc_nano.a(libc_a-mallocr.o) (__malloc_lock)
C:/ST/STM32CubeIDE_1.16.1/STM32CubeIDE/plugins/com.st.stm32cube.ide.mcu.externaltools.gnu-tools-for-stm32.13.3.rel1.win32_1.0.0.202411081344/tools/bin/../lib/gcc/arm-none-eabi/13.3.1/../../../../arm-none-eabi/lib/thumb/v7e-m+fp/hard\libc_nano.a(libc_a-strtol.o)
                              C:/ST/STM32CubeIDE_1.16.1/STM32CubeIDE/plugins/com.st.stm32cube.ide.mcu.externaltools.gnu-tools-for-stm32.13.3.rel1.win32_1.0.0.202411081344/tools/bin/../lib/gcc/arm-none-eabi/13.3.1/../../../../arm-none-eabi/lib/thumb/v7e-m+fp/hard\libc_nano.a(libc_a-atoi.o) (_strtol_r)
C:/ST/STM32CubeIDE_1.16.1/STM32CubeIDE/plugins/com.st.stm32cube.ide.mcu.externaltools.gnu-tools-for-stm32.13.3.rel1.win32_1.0.0.202411081344/tools/bin/../lib/gcc/arm-none-eabi/13.3.1/../../../../arm-none-eabi/lib/thumb/v7e-m+fp/hard\libc_nano.a(libc_a-ctype_.o)
                              C:/ST/STM32CubeIDE_1.16.1/STM32CubeIDE/plugins/com.st.stm32cube.ide.mcu.externaltools.gnu-tools-for-stm32.13.3.rel1.win32_1.0.0.202411081344/tools/bin/../lib/gcc/arm-none-eabi/13.3.1/../../../../arm-none-eabi/lib/thumb/v7e-m+fp/hard\libc_nano.a(libc_a-strtol.o) (_ctype_)
C:/ST/STM32CubeIDE_1.16.1/STM32CubeIDE/plugins/com.st.stm32cube.ide.mcu.externaltools.gnu-tools-for-stm32.13.3.rel1.win32_1.0.0.202411081344/tools/bin/../lib/gcc/arm-none-eabi/13.3.1/../../../../arm-none-eabi/lib/thumb/v7e-m+fp/hard\libc_nano.a(libc_a-findfp.o)
                              C:/ST/STM32CubeIDE_1.16.1/STM32CubeIDE/plugins/com.st.stm32cube.ide.mcu.externaltools.gnu-tools-for-stm32.13.3.rel1.win32_1.0.0.202411081344/tools/bin/../lib/gcc/arm-none-eabi/13.3.1/../../../../arm-none-eabi/lib/thumb/v7e-m+fp/hard\libc_nano.a(libc_a-exit.o) (__stdio_exit_handler)
C:/ST/STM32CubeIDE_1.16.1/STM32CubeIDE/plugins/com.st.stm32cube.ide.mcu.externaltools.gnu-tools-for-stm32.13.3.rel1.win32_1.0.0.202411081344/tools/bin/../lib/gcc/arm-none-eabi/13.3.1/../../../../arm-none-eabi/lib/thumb/v7e-m+fp/hard\libc_nano.a(libc_a-fwalk.o)
                              C:/ST/STM32CubeIDE_1.16.1/STM32CubeIDE/plugins/com.st.stm32cube.ide.mcu.externaltools.gnu-tools-for-stm32.13.3.rel1.win32_1.0.0.202411081344/tools/bin/../lib/gcc/arm-none-eabi/13.3.1/../../../../arm-none-eabi/lib/thumb/v7e-m+fp/hard\libc_nano.a(libc_a-findfp.o) (_fwalk_sglue)
C:/ST/STM32CubeIDE_1.16.1/STM32CubeIDE/plugins/com.st.stm32cube.ide.mcu.externaltools.gnu-tools-for-stm32.13.3.rel1.win32_1.0.0.202411081344/tools/bin/../lib/gcc/arm-none-eabi/13.3.1/../../../../arm-none-eabi/lib/thumb/v7e-m+fp/hard\libc_nano.a(libc_a-printf.o)
[...]
Memory Configuration

Name             Origin             Length             Attributes
RAM              0x20000000         0x00018000         xrw
FLASH            0x08000000         0x00080000         xr
*default*        0x00000000         0xffffffff

Linker script and memory map

LOAD C:/ST/STM32CubeIDE_1.16.1/STM32CubeIDE/plugins/com.st.stm32cube.ide.mcu.externaltools.gnu-tools-for-stm32.13.3.rel1.win32_1.0.0.202411081344/tools/bin/../lib/gcc/arm-none-eabi/13.3.1/thumb/v7e-m+fp/hard/crti.o
LOAD C:/ST/STM32CubeIDE_1.16.1/STM32CubeIDE/plugins/com.st.stm32cube.ide.mcu.externaltools.gnu-tools-for-stm32.13.3.rel1.win32_1.0.0.202411081344/tools/bin/../lib/gcc/arm-none-eabi/13.3.1/thumb/v7e-m+fp/hard/crtbegin.o
LOAD C:/ST/STM32CubeIDE_1.16.1/STM32CubeIDE/plugins/com.st.stm32cube.ide.mcu.externaltools.gnu-tools-for-stm32.13.3.rel1.win32_1.0.0.202411081344/tools/bin/../lib/gcc/arm-none-eabi/13.3.1/../../../../arm-none-eabi/lib/thumb/v7e-m+fp/hard/crt0.o
LOAD ./Core/Src/main.o
LOAD ./Core/Src/sd_benchmark.o
LOAD ./Core/Src/sd_diskio_spi.o
LOAD ./Core/Src/sd_functions.o
LOAD ./Core/Src/sd_spi.o
LOAD ./Core/Src/stm32f4xx_hal_msp.o
LOAD ./Core/Src/stm32f4xx_it.o
LOAD ./Core/Src/stm32f4xx_nucleo_bus.o
LOAD ./Core/Src/syscalls.o
LOAD ./Core/Src/sysmem.o
LOAD ./Core/Src/system_stm32f4xx.o
LOAD ./Core/Startup/startup_stm32f401retx.o
LOAD ./Drivers/BSP/Components/lis2duxs12/lis2duxs12.o
LOAD ./Drivers/BSP/Components/lis2duxs12/lis2duxs12_reg.o
LOAD ./Drivers/BSP/Components/lis2mdl/lis2mdl.o
LOAD ./Drivers/BSP/Components/lis2mdl/lis2mdl_reg.o
LOAD ./Drivers/BSP/Components/lps22df/lps22df.o
LOAD ./Drivers/BSP/Components/lps22df/lps22df_reg.o
LOAD ./Drivers/BSP/Components/lsm6dso16is/lsm6dso16is.o
LOAD ./Drivers/BSP/Components/lsm6dso16is/lsm6dso16is_reg.o
LOAD ./Drivers/BSP/Components/lsm6dsv16x/lsm6dsv16x.o
LOAD ./Drivers/BSP/Components/lsm6dsv16x/lsm6dsv16x_reg.o
LOAD ./Drivers/BSP/Components/sht40ad1b/sht40ad1b.o
LOAD ./Drivers/BSP/Components/sht40ad1b/sht40ad1b_reg.o
LOAD ./Drivers/BSP/Components/stts22h/stts22h.o
LOAD ./Drivers/BSP/Components/stts22h/stts22h_reg.o
LOAD ./Drivers/BSP/IKS4A1/iks4a1_env_sensors.o
LOAD ./Drivers/BSP/IKS4A1/iks4a1_env_sensors_ex.o
LOAD ./Drivers/BSP/IKS4A1/iks4a1_motion_sensors.o
LOAD ./Drivers/BSP/IKS4A1/iks4a1_motion_sensors_ex.o
LOAD ./Drivers/BSP/STM32F4xx_Nucleo/stm32f4xx_nucleo.o
LOAD ./Drivers/STM32F4xx_HAL_Driver/Src/stm32f4xx_hal.o
LOAD ./Drivers/STM32F4xx_HAL_Driver/Src/stm32f4xx_hal_cortex.o
LOAD ./Drivers/STM32F4xx_HAL_Driver/Src/stm32f4xx_hal_dma.o
LOAD ./Drivers/STM32F4xx_HAL_Driver/Src/stm32f4xx_hal_dma_ex.o
LOAD ./Drivers/STM32F4xx_HAL_Driver/Src/stm32f4xx_hal_exti.o
LOAD ./Drivers/STM32F4xx_HAL_Driver/Src/stm32f4xx_hal_flash.o
LOAD ./Drivers/STM32F4xx_HAL_Driver/Src/stm32f4xx_hal_flash_ex.o
LOAD ./Drivers/STM32F4xx_HAL_Driver/Src/stm32f4xx_hal_flash_ramfunc.o
LOAD ./Drivers/STM32F4xx_HAL_Driver/Src/stm32f4xx_hal_gpio.o
LOAD ./Drivers/STM32F4xx_HAL_Driver/Src/stm32f4xx_hal_i2c.o
LOAD ./Drivers/STM32F4xx_HAL_Driver/Src/stm32f4xx_hal_i2c_ex.o
LOAD ./Drivers/STM32F4xx_HAL_Driver/Src/stm32f4xx_hal_pwr.o
LOAD ./Drivers/STM32F4xx_HAL_Driver/Src/stm32f4xx_hal_pwr_ex.o
LOAD ./Drivers/STM32F4xx_HAL_Driver/Src/stm32f4xx_hal_rcc.o
LOAD ./Drivers/STM32F4xx_HAL_Driver/Src/stm32f4xx_hal_rcc_ex.o
LOAD ./Drivers/STM32F4xx_HAL_Driver/Src/stm32f4xx_hal_spi.o
LOAD ./Drivers/STM32F4xx_HAL_Driver/Src/stm32f4xx_hal_tim.o
LOAD ./Drivers/STM32F4xx_HAL_Driver/Src/stm32f4xx_hal_tim_ex.o
LOAD ./Drivers/STM32F4xx_HAL_Driver/Src/stm32f4xx_hal_uart.o
LOAD ./FATFS/App/fatfs.o
LOAD ./FATFS/Target/user_diskio.o
LOAD ./MEMS/App/app_mems.o
LOAD ./Middlewares/Third_Party/FatFs/src/diskio.o
LOAD ./Middlewares/Third_Party/FatFs/src/ff.o
LOAD ./Middlewares/Third_Party/FatFs/src/ff_gen_drv.o
LOAD ./Middlewares/Third_Party/FatFs/src/option/ccsbcs.o
LOAD ./Middlewares/Third_Party/FatFs/src/option/syscall.o
START GROUP
LOAD C:/ST/STM32CubeIDE_1.16.1/STM32CubeIDE/plugins/com.st.stm32cube.ide.mcu.externaltools.gnu-tools-for-stm32.13.3.rel1.win32_1.0.0.202411081344/tools/bin/../lib/gcc/arm-none-eabi/13.3.1/../../../../arm-none-eabi/lib/thumb/v7e-m+fp/hard\libc_nano.a
LOAD C:/ST/STM32CubeIDE_1.16.1/STM32CubeIDE/plugins/com.st.stm32cube.ide.mcu.externaltools.gnu-tools-for-stm32.13.3.rel1.win32_1.0.0.202411081344/tools/bin/../lib/gcc/arm-none-eabi/13.3.1/../../../../arm-none-eabi/lib/thumb/v7e-m+fp/hard\libm.a
END GROUP
START GROUP
LOAD C:/ST/STM32CubeIDE_1.16.1/STM32CubeIDE/plugins/com.st.stm32cube.ide.mcu.externaltools.gnu-tools-for-stm32.13.3.rel1.win32_1.0.0.202411081344/tools/bin/../lib/gcc/arm-none-eabi/13.3.1/thumb/v7e-m+fp/hard\libgcc.a
LOAD C:/ST/STM32CubeIDE_1.16.1/STM32CubeIDE/plugins/com.st.stm32cube.ide.mcu.externaltools.gnu-tools-for-stm32.13.3.rel1.win32_1.0.0.202411081344/tools/bin/../lib/gcc/arm-none-eabi/13.3.1/../../../../arm-none-eabi/lib/thumb/v7e-m+fp/hard\libc_nano.a
END GROUP
START GROUP
LOAD C:/ST/STM32CubeIDE_1.16.1/STM32CubeIDE/plugins/com.st.stm32cube.ide.mcu.externaltools.gnu-tools-for-stm32.13.3.rel1.win32_1.0.0.202411081344/tools/bin/../lib/gcc/arm-none-eabi/13.3.1/thumb/v7e-m+fp/hard\libgcc.a
LOAD C:/ST/STM32CubeIDE_1.16.1/STM32CubeIDE/plugins/com.st.stm32cube.ide.mcu.externaltools.gnu-tools-for-stm32.13.3.rel1.win32_1.0.0.202411081344/tools/bin/../lib/gcc/arm-none-eabi/13.3.1/../../../../arm-none-eabi/lib/thumb/v7e-m+fp/hard\libc_nano.a
LOAD C:/ST/STM32CubeIDE_1.16.1/STM32CubeIDE/plugins/com.st.stm32cube.ide.mcu.externaltools.gnu-tools-for-stm32.13.3.rel1.win32_1.0.0.202411081344/tools/bin/../lib/gcc/arm-none-eabi/13.3.1/../../../../arm-none-eabi/lib/thumb/v7e-m+fp/hard\libnosys.a
END GROUP
START GROUP
LOAD C:/ST/STM32CubeIDE_1.16.1/STM32CubeIDE/plugins/com.st.stm32cube.ide.mcu.externaltools.gnu-tools-for-stm32.13.3.rel1.win32_1.0.0.202411081344/tools/bin/../lib/gcc/arm-none-eabi/13.3.1/thumb/v7e-m+fp/hard\libgcc.a
LOAD C:/ST/STM32CubeIDE_1.16.1/STM32CubeIDE/plugins/com.st.stm32cube.ide.mcu.externaltools.gnu-tools-for-stm32.13.3.rel1.win32_1.0.0.202411081344/tools/bin/../lib/gcc/arm-none-eabi/13.3.1/../../../../arm-none-eabi/lib/thumb/v7e-m+fp/hard\libc_nano.a
LOAD C:/ST/STM32CubeIDE_1.16.1/STM32CubeIDE/plugins/com.st.stm32cube.ide.mcu.externaltools.gnu-tools-for-stm32.13.3.rel1.win32_1.0.0.202411081344/tools/bin/../lib/gcc/arm-none-eabi/13.3.1/../../../../arm-none-eabi/lib/thumb/v7e-m+fp/hard\libnosys.a
END GROUP
LOAD C:/ST/STM32CubeIDE_1.16.1/STM32CubeIDE/plugins/com.st.stm32cube.ide.mcu.externaltools.gnu-tools-for-stm32.13.3.rel1.win32_1.0.0.202411081344/tools/bin/../lib/gcc/arm-none-eabi/13.3.1/thumb/v7e-m+fp/hard/crtend.o
LOAD C:/ST/STM32CubeIDE_1.16.1/STM32CubeIDE/plugins/com.st.stm32cube.ide.mcu.externaltools.gnu-tools-for-stm32.13.3.rel1.win32_1.0.0.202411081344/tools/bin/../lib/gcc/arm-none-eabi/13.3.1/thumb/v7e-m+fp/hard/crtn.o
                0x20018000                        _estack = (ORIGIN (RAM) + LENGTH (RAM))
                0x00000200                        _Min_Heap_Size = 0x200
                0x00000400                        _Min_Stack_Size = 0x400

.isr_vector     0x08000000      0x194
                0x08000000                        . = ALIGN (0x4)
 *(.isr_vector)
 .isr_vector    0x08000000      0x194 ./Core/Startup/startup_stm32f401retx.o
                0x08000000                g_pfnVectors
                0x08000194                        . = ALIGN (0x4)

.text           0x080001a0    0x168cc
                0x080001a0                        . = ALIGN (0x4)
 *(.text)
 .text          0x080001a0       0x40 C:/ST/STM32CubeIDE_1.16.1/STM32CubeIDE/plugins/com.st.stm32cube.ide.mcu.externaltools.gnu-tools-for-stm32.13.3.rel1.win32_1.0.0.202411081344/tools/bin/../lib/gcc/arm-none-eabi/13.3.1/thumb/v7e-m+fp/hard/crtbegin.o
 .text          0x080001e0       0x10 C:/ST/STM32CubeIDE_1.16.1/STM32CubeIDE/plugins/com.st.stm32cube.ide.mcu.externaltools.gnu-tools-for-stm32.13.3.rel1.win32_1.0.0.202411081344/tools/bin/../lib/gcc/arm-none-eabi/13.3.1/../../../../arm-none-eabi/lib/thumb/v7e-m+fp/hard\libc_nano.a(libc_a-strlen.o)
                0x080001e0                strlen
 .text          0x080001f0       0xa0 C:/ST/STM32CubeIDE_1.16.1/STM32CubeIDE/plugins/com.st.stm32cube.ide.mcu.externaltools.gnu-tools-for-stm32.13.3.rel1.win32_1.0.0.202411081344/tools/bin/../lib/gcc/arm-none-eabi/13.3.1/../../../../arm-none-eabi/lib/thumb/v7e-m+fp/hard\libc_nano.a(libc_a-memchr.o)
                0x080001f0                memchr
 .text          0x08000290      0x378 C:/ST/STM32CubeIDE_1.16.1/STM32CubeIDE/plugins/com.st.stm32cube.ide.mcu.externaltools.gnu-tools-for-stm32.13.3.rel1.win32_1.0.0.202411081344/tools/bin/../lib/gcc/arm-none-eabi/13.3.1/thumb/v7e-m+fp/hard\libgcc.a(_arm_addsubdf3.o)
                0x08000290                __aeabi_drsub
                0x08000298                __aeabi_dsub
                0x08000298                __subdf3
                0x0800029c                __aeabi_dadd
                0x0800029c                __adddf3
                0x08000514                __floatunsidf
                0x08000514                __aeabi_ui2d
                0x08000534                __floatsidf
                0x08000534                __aeabi_i2d
                0x08000558                __aeabi_f2d
                0x08000558                __extendsfdf2
                0x0800059c                __floatundidf
                0x0800059c                __aeabi_ul2d
                0x080005ac                __floatdidf
                0x080005ac                __aeabi_l2d
 .text          0x08000608      0x424 C:/ST/STM32CubeIDE_1.16.1/STM32CubeIDE/plugins/com.st.stm32cube.ide.mcu.externaltools.gnu-tools-for-stm32.13.3.rel1.win32_1.0.0.202411081344/tools/bin/../lib/gcc/arm-none-eabi/13.3.1/thumb/v7e-m+fp/hard\libgcc.a(_arm_muldivdf3.o)
                0x08000608                __aeabi_dmul
                0x08000608                __muldf3
                0x0800085c                __divdf3
                0x0800085c                __aeabi_ddiv
 .text          0x08000a2c      0x110 C:/ST/STM32CubeIDE_1.16.1/STM32CubeIDE/plugins/com.st.stm32cube.ide.mcu.externaltools.gnu-tools-for-stm32.13.3.rel1.win32_1.0.0.202411081344/tools/bin/../lib/gcc/arm-none-eabi/13.3.1/thumb/v7e-m+fp/hard\libgcc.a(_arm_cmpdf2.o)
                0x08000a2c                __gtdf2
                0x08000a2c                __gedf2
                0x08000a34                __ltdf2
                0x08000a34                __ledf2
                0x08000a3c                __nedf2
                0x08000a3c                __eqdf2
                0x08000a3c                __cmpdf2
                0x08000ab8                __aeabi_cdrcmple
                0x08000ac8                __aeabi_cdcmpeq
                0x08000ac8                __aeabi_cdcmple
                0x08000ad8                __aeabi_dcmpeq
                0x08000aec                __aeabi_dcmplt
                0x08000b00                __aeabi_dcmple
                0x08000b14                __aeabi_dcmpge
                0x08000b28                __aeabi_dcmpgt
 .text          0x08000b3c       0x2c C:/ST/STM32CubeIDE_1.16.1/STM32CubeIDE/plugins/com.st.stm32cube.ide.mcu.externaltools.gnu-tools-for-stm32.13.3.rel1.win32_1.0.0.202411081344/tools/bin/../lib/gcc/arm-none-eabi/13.3.1/thumb/v7e-m+fp/hard\libgcc.a(_arm_unorddf2.o)
                0x08000b3c                __unorddf2
                0x08000b3c                __aeabi_dcmpun
 .text          0x08000b68       0x50 C:/ST/STM32CubeIDE_1.16.1/STM32CubeIDE/plugins/com.st.stm32cube.ide.mcu.externaltools.gnu-tools-for-stm32.13.3.rel1.win32_1.0.0.202411081344/tools/bin/../lib/gcc/arm-none-eabi/13.3.1/thumb/v7e-m+fp/hard\libgcc.a(_arm_fixdfsi.o)
                0x08000b68                __aeabi_d2iz
                0x08000b68                __fixdfsi
 .text          0x08000bb8       0xa0 C:/ST/STM32CubeIDE_1.16.1/STM32CubeIDE/plugins/com.st.stm32cube.ide.mcu.externaltools.gnu-tools-for-stm32.13.3.rel1.win32_1.0.0.202411081344/tools/bin/../lib/gcc/arm-none-eabi/13.3.1/thumb/v7e-m+fp/hard\libgcc.a(_arm_truncdfsf2.o)
                0x08000bb8                __truncdfsf2
                0x08000bb8                __aeabi_d2f
 .text          0x08000c58       0x30 C:/ST/STM32CubeIDE_1.16.1/STM32CubeIDE/plugins/com.st.stm32cube.ide.mcu.externaltools.gnu-tools-for-stm32.13.3.rel1.win32_1.0.0.202411081344/tools/bin/../lib/gcc/arm-none-eabi/13.3.1/thumb/v7e-m+fp/hard\libgcc.a(_aeabi_uldivmod.o)
                0x08000c58                __aeabi_uldivmod
 .text          0x08000c88      0x2f8 C:/ST/STM32CubeIDE_1.16.1/STM32CubeIDE/plugins/com.st.stm32cube.ide.mcu.externaltools.gnu-tools-for-stm32.13.3.rel1.win32_1.0.0.202411081344/tools/bin/../lib/gcc/arm-none-eabi/13.3.1/thumb/v7e-m+fp/hard\libgcc.a(_udivmoddi4.o)
                0x08000c88                __udivmoddi4
 .text          0x08000f80        0x4 C:/ST/STM32CubeIDE_1.16.1/STM32CubeIDE/plugins/com.st.stm32cube.ide.mcu.externaltools.gnu-tools-for-stm32.13.3.rel1.win32_1.0.0.202411081344/tools/bin/../lib/gcc/arm-none-eabi/13.3.1/thumb/v7e-m+fp/hard\libgcc.a(_dvmd_tls.o)
                0x08000f80                __aeabi_idiv0
                0x08000f80                __aeabi_ldiv0
 *(.text*)
 .text.ITM_SendChar
                0x08000f84       0x4e ./Core/Src/main.o
 .text._write   0x08000fd2       0x38 ./Core/Src/main.o
                0x08000fd2                _write
 *fill*         0x0800100a        0x2 
 .text.main     0x0800100c      0x170 ./Core/Src/main.o
                0x0800100c                main
 .text.SystemClock_Config
                0x0800117c       0xd8 ./Core/Src/main.o
                0x0800117c                SystemClock_Config
 .text.MX_SPI2_Init
                0x08001254       0x6c ./Core/Src/main.o
 .text.MX_TIM1_Init
                0x080012c0       0xa4 ./Core/Src/main.o
 .text.MX_DMA_Init
                0x08001364       0x50 ./Core/Src/main.o
 .text.MX_GPIO_Init
                0x080013b4       0xbc ./Core/Src/main.o
 .text.HAL_TIM_PeriodElapsedCallback
                0x08001470       0xd8 ./Core/Src/main.o
                0x08001470                HAL_TIM_PeriodElapsedCallback
 .text.Error_Handler
                0x08001548        0xc ./Core/Src/main.o
                0x08001548                Error_Handler
 .text.SD_disk_status
                0x08001554       0x22 ./Core/Src/sd_diskio_spi.o
                0x08001554                SD_disk_status
 .text.SD_disk_initialize
                0x08001576       0x2c ./Core/Src/sd_diskio_spi.o
                0x08001576                SD_disk_initialize
 *fill*         0x080015a2        0x2 
 .text.SD_disk_read
                0x080015a4       0x50 ./Core/Src/sd_diskio_spi.o
                0x080015a4                SD_disk_read
 .text.SD_disk_write
                0x080015f4       0x50 ./Core/Src/sd_diskio_spi.o
                0x080015f4                SD_disk_write
 .text.SD_disk_ioctl
                0x08001644       0x6c ./Core/Src/sd_diskio_spi.o
                0x08001644                SD_disk_ioctl
 .text.sd_get_space_kb
                0x080016b0       0x68 ./Core/Src/sd_functions.o
                0x080016b0                sd_get_space_kb
 .text.sd_mount
                0x08001718       0xe8 ./Core/Src/sd_functions.o
                0x08001718                sd_mount
 .text.sd_unmount
                0x08001800       0x44 ./Core/Src/sd_functions.o
                0x08001800                sd_unmount
 .text.sd_write_file
                0x08001844       0xd0 ./Core/Src/sd_functions.o
                0x08001844                sd_write_file
 .text.sd_append_file
                0x08001914      0x104 ./Core/Src/sd_functions.o
                0x08001914                sd_append_file
 .text.HAL_SPI_TxCpltCallback
                0x08001a18       0x2c ./Core/Src/sd_spi.o
                0x08001a18                HAL_SPI_TxCpltCallback
 .text.HAL_SPI_TxRxCpltCallback
                0x08001a44       0x2c ./Core/Src/sd_spi.o
                0x08001a44                HAL_SPI_TxRxCpltCallback
 .text.SD_TransmitByte
                0x08001a70       0x24 ./Core/Src/sd_spi.o
 .text.SD_ReceiveByte
                0x08001a94       0x30 ./Core/Src/sd_spi.o
 .text.SD_TransmitBuffer
                0x08001ac4       0x3c ./Core/Src/sd_spi.o
 .text.SD_ReceiveBuffer
                0x08001b00       0x5c ./Core/Src/sd_spi.o
 .text.SD_WaitReady
                0x08001b5c       0x3a ./Core/Src/sd_spi.o
 .text.SD_SendCommand
                0x08001b96       0x82 ./Core/Src/sd_spi.o
 .text.sd_is_sdhc
                0x08001c18       0x18 ./Core/Src/sd_spi.o
                0x08001c18                sd_is_sdhc
 .text.SD_SPI_Init
                0x08001c30      0x1e4 ./Core/Src/sd_spi.o
                0x08001c30                SD_SPI_Init
 .text.SD_ReadBlocks
                0x08001e14       0xd0 ./Core/Src/sd_spi.o
                0x08001e14                SD_ReadBlocks
 .text.SD_ReadMultiBlocks
                0x08001ee4       0xd8 ./Core/Src/sd_spi.o
                0x08001ee4                SD_ReadMultiBlocks
 .text.SD_WriteBlocks
                0x08001fbc       0xcc ./Core/Src/sd_spi.o
                0x08001fbc                SD_WriteBlocks
 .text.SD_WriteMultiBlocks
                0x08002088       0xdc ./Core/Src/sd_spi.o
                0x08002088                SD_WriteMultiBlocks
 .text.HAL_MspInit
                0x08002164       0x50 ./Core/Src/stm32f4xx_hal_msp.o
                0x08002164                HAL_MspInit
 .text.HAL_SPI_MspInit
                0x080021b4      0x158 ./Core/Src/stm32f4xx_hal_msp.o
                0x080021b4                HAL_SPI_MspInit
 .text.HAL_TIM_Base_MspInit
                0x0800230c       0x60 ./Core/Src/stm32f4xx_hal_msp.o
                0x0800230c                HAL_TIM_Base_MspInit
 .text.NMI_Handler
                0x0800236c        0x8 ./Core/Src/stm32f4xx_it.o
                0x0800236c                NMI_Handler
 .text.HardFault_Handler
                0x08002374        0x8 ./Core/Src/stm32f4xx_it.o
                0x08002374                HardFault_Handler
 .text.MemManage_Handler
                0x0800237c        0x8 ./Core/Src/stm32f4xx_it.o
                0x0800237c                MemManage_Handler
 .text.BusFault_Handler
                0x08002384        0x8 ./Core/Src/stm32f4xx_it.o
                0x08002384                BusFault_Handler
 .text.UsageFault_Handler
                0x0800238c        0x8 ./Core/Src/stm32f4xx_it.o
                0x0800238c                UsageFault_Handler
 .text.SVC_Handler
                0x08002394        0xe ./Core/Src/stm32f4xx_it.o
                0x08002394                SVC_Handler
 .text.DebugMon_Handler
                0x080023a2        0xe ./Core/Src/stm32f4xx_it.o
                0x080023a2                DebugMon_Handler
 .text.PendSV_Handler
                0x080023b0        0xe ./Core/Src/stm32f4xx_it.o
                0x080023b0                PendSV_Handler
 .text.SysTick_Handler
                0x080023be        0xc ./Core/Src/stm32f4xx_it.o
                0x080023be                SysTick_Handler
 *fill*         0x080023ca        0x2 
 .text.DMA1_Stream3_IRQHandler
                0x080023cc       0x14 ./Core/Src/stm32f4xx_it.o
                0x080023cc                DMA1_Stream3_IRQHandler
 .text.DMA1_Stream4_IRQHandler
                0x080023e0       0x14 ./Core/Src/stm32f4xx_it.o
                0x080023e0                DMA1_Stream4_IRQHandler
 .text.TIM1_BRK_TIM9_IRQHandler
                0x080023f4       0x14 ./Core/Src/stm32f4xx_it.o
                0x080023f4                TIM1_BRK_TIM9_IRQHandler
 .text.TIM1_UP_TIM10_IRQHandler
                0x08002408       0x14 ./Core/Src/stm32f4xx_it.o
                0x08002408                TIM1_UP_TIM10_IRQHandler
 .text.BSP_I2C1_Init
                0x0800241c       0x64 ./Core/Src/stm32f4xx_nucleo_bus.o
                0x0800241c                BSP_I2C1_Init
 .text.BSP_I2C1_DeInit
                0x08002480       0x50 ./Core/Src/stm32f4xx_nucleo_bus.o
                0x08002480                BSP_I2C1_DeInit
 .text.BSP_I2C1_WriteReg
                0x080024d0       0x64 ./Core/Src/stm32f4xx_nucleo_bus.o
                0x080024d0                BSP_I2C1_WriteReg
 .text.BSP_I2C1_ReadReg
                0x08002534       0x64 ./Core/Src/stm32f4xx_nucleo_bus.o
                0x08002534                BSP_I2C1_ReadReg
 .text.BSP_I2C1_Send
                0x08002598       0x54 ./Core/Src/stm32f4xx_nucleo_bus.o
                0x08002598                BSP_I2C1_Send
 .text.BSP_I2C1_Recv
                0x080025ec       0x54 ./Core/Src/stm32f4xx_nucleo_bus.o
                0x080025ec                BSP_I2C1_Recv
 .text.BSP_GetTick
                0x08002640        0xe ./Core/Src/stm32f4xx_nucleo_bus.o
                0x08002640                BSP_GetTick
 *fill*         0x0800264e        0x2 
 .text.MX_I2C1_Init
                0x08002650       0x68 ./Core/Src/stm32f4xx_nucleo_bus.o
                0x08002650                MX_I2C1_Init
 .text.I2C1_MspInit
                0x080026b8       0x94 ./Core/Src/stm32f4xx_nucleo_bus.o
 .text.I2C1_MspDeInit
                0x0800274c       0x38 ./Core/Src/stm32f4xx_nucleo_bus.o
 .text._read    0x08002784       0x3a ./Core/Src/syscalls.o
                0x08002784                _read
 .text._close   0x080027be       0x18 ./Core/Src/syscalls.o
                0x080027be                _close
 .text._fstat   0x080027d6       0x20 ./Core/Src/syscalls.o
                0x080027d6                _fstat
 .text._isatty  0x080027f6       0x16 ./Core/Src/syscalls.o
                0x080027f6                _isatty
 .text._lseek   0x0800280c       0x1a ./Core/Src/syscalls.o
                0x0800280c                _lseek
 *fill*         0x08002826        0x2 
 .text._sbrk    0x08002828       0x6c ./Core/Src/sysmem.o
                0x08002828                _sbrk
 .text.SystemInit
                0x08002894       0x24 ./Core/Src/system_stm32f4xx.o
                0x08002894                SystemInit
 .text.Reset_Handler
                0x080028b8       0x50 ./Core/Startup/startup_stm32f401retx.o
                0x080028b8                Reset_Handler
 .text.Default_Handler
                0x08002908        0x2 ./Core/Startup/startup_stm32f401retx.o
                0x08002908                RTC_Alarm_IRQHandler
                0x08002908                EXTI2_IRQHandler
                0x08002908                SPI4_IRQHandler
                0x08002908                TIM1_CC_IRQHandler
                0x08002908                DMA2_Stream5_IRQHandler
                0x08002908                DMA1_Stream5_IRQHandler
                0x08002908                PVD_IRQHandler
                0x08002908                SDIO_IRQHandler
                0x08002908                TAMP_STAMP_IRQHandler
                0x08002908                EXTI3_IRQHandler
                0x08002908                I2C3_ER_IRQHandler
                0x08002908                EXTI0_IRQHandler
                0x08002908                I2C2_EV_IRQHandler
                0x08002908                DMA1_Stream2_IRQHandler
                0x08002908                FPU_IRQHandler
                0x08002908                DMA2_Stream2_IRQHandler
                0x08002908                SPI1_IRQHandler
                0x08002908                DMA2_Stream3_IRQHandler
                0x08002908                USART6_IRQHandler
                0x08002908                DMA2_Stream0_IRQHandler
                0x08002908                TIM4_IRQHandler
                0x08002908                I2C1_EV_IRQHandler
                0x08002908                DMA1_Stream6_IRQHandler
                0x08002908                DMA1_Stream1_IRQHandler
                0x08002908                TIM3_IRQHandler
                0x08002908                RCC_IRQHandler
                0x08002908                Default_Handler
                0x08002908                EXTI15_10_IRQHandler
                0x08002908                ADC_IRQHandler
                0x08002908                DMA1_Stream7_IRQHandler
                0x08002908                TIM5_IRQHandler
                0x08002908                DMA2_Stream7_IRQHandler
                0x08002908                I2C3_EV_IRQHandler
                0x08002908                EXTI9_5_IRQHandler
                0x08002908                RTC_WKUP_IRQHandler
                0x08002908                SPI2_IRQHandler
                0x08002908                DMA1_Stream0_IRQHandler
                0x08002908                EXTI4_IRQHandler
                0x08002908                WWDG_IRQHandler
                0x08002908                TIM2_IRQHandler
                0x08002908                OTG_FS_WKUP_IRQHandler
                0x08002908                TIM1_TRG_COM_TIM11_IRQHandler
                0x08002908                EXTI1_IRQHandler
                0x08002908                USART2_IRQHandler
                0x08002908                I2C2_ER_IRQHandler
                0x08002908                DMA2_Stream1_IRQHandler
                0x08002908                FLASH_IRQHandler
                0x08002908                DMA2_Stream4_IRQHandler
                0x08002908                USART1_IRQHandler
                0x08002908                OTG_FS_IRQHandler
                0x08002908                SPI3_IRQHandler
                0x08002908                I2C1_ER_IRQHandler
                0x08002908                DMA2_Stream6_IRQHandler
 *fill*         0x0800290a        0x2 
 .text.LIS2DUXS12_RegisterBusIO
                0x0800290c      0x140 ./Drivers/BSP/Components/lis2duxs12/lis2duxs12.o
                0x0800290c                LIS2DUXS12_RegisterBusIO
 .text.LIS2DUXS12_Init
                0x08002a4c       0xf4 ./Drivers/BSP/Components/lis2duxs12/lis2duxs12.o
                0x08002a4c                LIS2DUXS12_Init
 .text.LIS2DUXS12_DeInit
                0x08002b40       0x3c ./Drivers/BSP/Components/lis2duxs12/lis2duxs12.o
                0x08002b40                LIS2DUXS12_DeInit
 .text.LIS2DUXS12_ExitDeepPowerDownI2C
                0x08002b7c       0x2a ./Drivers/BSP/Components/lis2duxs12/lis2duxs12.o
                0x08002b7c                LIS2DUXS12_ExitDeepPowerDownI2C
 .text.LIS2DUXS12_ExitDeepPowerDownSPI
                0x08002ba6       0x24 ./Drivers/BSP/Components/lis2duxs12/lis2duxs12.o
                0x08002ba6                LIS2DUXS12_ExitDeepPowerDownSPI
 .text.LIS2DUXS12_ReadID
                0x08002bca       0x36 ./Drivers/BSP/Components/lis2duxs12/lis2duxs12.o
                0x08002bca                LIS2DUXS12_ReadID
 .text.LIS2DUXS12_GetCapabilities
                0x08002c00       0x5c ./Drivers/BSP/Components/lis2duxs12/lis2duxs12.o
                0x08002c00                LIS2DUXS12_GetCapabilities
 .text.LIS2DUXS12_ACC_Enable
                0x08002c5c       0x4c ./Drivers/BSP/Components/lis2duxs12/lis2duxs12.o
                0x08002c5c                LIS2DUXS12_ACC_Enable
 .text.LIS2DUXS12_ACC_Disable
                0x08002ca8       0xb4 ./Drivers/BSP/Components/lis2duxs12/lis2duxs12.o
                0x08002ca8                LIS2DUXS12_ACC_Disable
 .text.LIS2DUXS12_ACC_GetSensitivity
                0x08002d5c       0x94 ./Drivers/BSP/Components/lis2duxs12/lis2duxs12.o
                0x08002d5c                LIS2DUXS12_ACC_GetSensitivity
 .text.LIS2DUXS12_ACC_GetOutputDataRate
                0x08002df0      0x198 ./Drivers/BSP/Components/lis2duxs12/lis2duxs12.o
                0x08002df0                LIS2DUXS12_ACC_GetOutputDataRate
 .text.LIS2DUXS12_ACC_SetOutputDataRate
                0x08002f88       0x22 ./Drivers/BSP/Components/lis2duxs12/lis2duxs12.o
                0x08002f88                LIS2DUXS12_ACC_SetOutputDataRate
 .text.LIS2DUXS12_ACC_SetOutputDataRate_With_Mode
                0x08002faa       0x44 ./Drivers/BSP/Components/lis2duxs12/lis2duxs12.o
                0x08002faa                LIS2DUXS12_ACC_SetOutputDataRate_With_Mode
 *fill*         0x08002fee        0x2 
 .text.LIS2DUXS12_ACC_GetFullScale
                0x08002ff0       0x84 ./Drivers/BSP/Components/lis2duxs12/lis2duxs12.o
                0x08002ff0                LIS2DUXS12_ACC_GetFullScale
 .text.LIS2DUXS12_ACC_SetFullScale
                0x08003074       0x6e ./Drivers/BSP/Components/lis2duxs12/lis2duxs12.o
                0x08003074                LIS2DUXS12_ACC_SetFullScale
 .text.LIS2DUXS12_ACC_GetAxesRaw
                0x080030e2       0x66 ./Drivers/BSP/Components/lis2duxs12/lis2duxs12.o
                0x080030e2                LIS2DUXS12_ACC_GetAxesRaw
 .text.LIS2DUXS12_ACC_GetAxes
                0x08003148       0x7e ./Drivers/BSP/Components/lis2duxs12/lis2duxs12.o
                0x08003148                LIS2DUXS12_ACC_GetAxes
 .text.LIS2DUXS12_Write_Reg
                0x080031c6       0x36 ./Drivers/BSP/Components/lis2duxs12/lis2duxs12.o
                0x080031c6                LIS2DUXS12_Write_Reg
 .text.LIS2DUXS12_Set_Mem_Bank
                0x080031fc       0x42 ./Drivers/BSP/Components/lis2duxs12/lis2duxs12.o
                0x080031fc                LIS2DUXS12_Set_Mem_Bank
 *fill*         0x0800323e        0x2 
 .text.LIS2DUXS12_ACC_SetOutputDataRate_When_Enabled
                0x08003240      0x2fc ./Drivers/BSP/Components/lis2duxs12/lis2duxs12.o
 .text.LIS2DUXS12_ACC_SetOutputDataRate_When_Disabled
                0x0800353c      0x144 ./Drivers/BSP/Components/lis2duxs12/lis2duxs12.o
 .text.ReadRegWrap
                0x08003680       0x36 ./Drivers/BSP/Components/lis2duxs12/lis2duxs12.o
 .text.WriteRegWrap
                0x080036b6       0x36 ./Drivers/BSP/Components/lis2duxs12/lis2duxs12.o
 .text.lis2duxs12_read_reg
                0x080036ec       0x3a ./Drivers/BSP/Components/lis2duxs12/lis2duxs12_reg.o
                0x080036ec                lis2duxs12_read_reg
 .text.lis2duxs12_write_reg
                0x08003726       0x3a ./Drivers/BSP/Components/lis2duxs12/lis2duxs12_reg.o
                0x08003726                lis2duxs12_write_reg
 .text.lis2duxs12_from_fs2g_to_mg
                0x08003760       0x30 ./Drivers/BSP/Components/lis2duxs12/lis2duxs12_reg.o
                0x08003760                lis2duxs12_from_fs2g_to_mg
 .text.lis2duxs12_from_fs4g_to_mg
                0x08003790       0x30 ./Drivers/BSP/Components/lis2duxs12/lis2duxs12_reg.o
                0x08003790                lis2duxs12_from_fs4g_to_mg
 .text.lis2duxs12_from_fs8g_to_mg
                0x080037c0       0x30 ./Drivers/BSP/Components/lis2duxs12/lis2duxs12_reg.o
                0x080037c0                lis2duxs12_from_fs8g_to_mg
 .text.lis2duxs12_from_fs16g_to_mg
                0x080037f0       0x30 ./Drivers/BSP/Components/lis2duxs12/lis2duxs12_reg.o
                0x080037f0                lis2duxs12_from_fs16g_to_mg
 .text.lis2duxs12_device_id_get
                0x08003820       0x22 ./Drivers/BSP/Components/lis2duxs12/lis2duxs12_reg.o
                0x08003820                lis2duxs12_device_id_get
 *fill*         0x08003842        0x2 
 .text.lis2duxs12_init_set
                0x08003844      0x214 ./Drivers/BSP/Components/lis2duxs12/lis2duxs12_reg.o
                0x08003844                lis2duxs12_init_set
 .text.lis2duxs12_status_get
                0x08003a58       0x86 ./Drivers/BSP/Components/lis2duxs12/lis2duxs12_reg.o
                0x08003a58                lis2duxs12_status_get
 *fill*         0x08003ade        0x2 
 .text.lis2duxs12_mode_set
                0x08003ae0      0x178 ./Drivers/BSP/Components/lis2duxs12/lis2duxs12_reg.o
                0x08003ae0                lis2duxs12_mode_set
 .text.lis2duxs12_mode_get
                0x08003c58      0x220 ./Drivers/BSP/Components/lis2duxs12/lis2duxs12_reg.o
                0x08003c58                lis2duxs12_mode_get
 .text.lis2duxs12_exit_deep_power_down
                0x08003e78       0x3e ./Drivers/BSP/Components/lis2duxs12/lis2duxs12_reg.o
                0x08003e78                lis2duxs12_exit_deep_power_down
 *fill*         0x08003eb6        0x2 
 .text.lis2duxs12_xl_data_get
                0x08003eb8      0x158 ./Drivers/BSP/Components/lis2duxs12/lis2duxs12_reg.o
                0x08003eb8                lis2duxs12_xl_data_get
 .text.lis2duxs12_i3c_configure_set
                0x08004010       0x70 ./Drivers/BSP/Components/lis2duxs12/lis2duxs12_reg.o
                0x08004010                lis2duxs12_i3c_configure_set
 .text.lis2duxs12_i3c_configure_get
                0x08004080       0x7e ./Drivers/BSP/Components/lis2duxs12/lis2duxs12_reg.o
                0x08004080                lis2duxs12_i3c_configure_get
 .text.lis2duxs12_mem_bank_set
                0x080040fe       0x4c ./Drivers/BSP/Components/lis2duxs12/lis2duxs12_reg.o
                0x080040fe                lis2duxs12_mem_bank_set
 .text.lis2duxs12_fifo_mode_set
                0x0800414a      0x186 ./Drivers/BSP/Components/lis2duxs12/lis2duxs12_reg.o
                0x0800414a                lis2duxs12_fifo_mode_set
 .text.LIS2MDL_RegisterBusIO
                0x080042d0      0x100 ./Drivers/BSP/Components/lis2mdl/lis2mdl.o
                0x080042d0                LIS2MDL_RegisterBusIO
 .text.LIS2MDL_Init
                0x080043d0      0x10c ./Drivers/BSP/Components/lis2mdl/lis2mdl.o
                0x080043d0                LIS2MDL_Init
 .text.LIS2MDL_DeInit
                0x080044dc       0x2c ./Drivers/BSP/Components/lis2mdl/lis2mdl.o
                0x080044dc                LIS2MDL_DeInit
 .text.LIS2MDL_ReadID
                0x08004508       0x4c ./Drivers/BSP/Components/lis2mdl/lis2mdl.o
                0x08004508                LIS2MDL_ReadID
 .text.LIS2MDL_GetCapabilities
                0x08004554       0x5c ./Drivers/BSP/Components/lis2mdl/lis2mdl.o
                0x08004554                LIS2MDL_GetCapabilities
 .text.LIS2MDL_MAG_Enable
                0x080045b0       0x84 ./Drivers/BSP/Components/lis2mdl/lis2mdl.o
                0x080045b0                LIS2MDL_MAG_Enable
 .text.LIS2MDL_MAG_Disable
                0x08004634       0x86 ./Drivers/BSP/Components/lis2mdl/lis2mdl.o
                0x08004634                LIS2MDL_MAG_Disable
 .text.LIS2MDL_MAG_GetSensitivity
                0x080046ba       0x20 ./Drivers/BSP/Components/lis2mdl/lis2mdl.o
                0x080046ba                LIS2MDL_MAG_GetSensitivity
 *fill*         0x080046da        0x2 
 .text.LIS2MDL_MAG_GetOutputDataRate
                0x080046dc       0x8c ./Drivers/BSP/Components/lis2mdl/lis2mdl.o
                0x080046dc                LIS2MDL_MAG_GetOutputDataRate
 .text.LIS2MDL_MAG_SetOutputDataRate
                0x08004768       0xc8 ./Drivers/BSP/Components/lis2mdl/lis2mdl.o
                0x08004768                LIS2MDL_MAG_SetOutputDataRate
 .text.LIS2MDL_MAG_GetFullScale
                0x08004830       0x1e ./Drivers/BSP/Components/lis2mdl/lis2mdl.o
                0x08004830                LIS2MDL_MAG_GetFullScale
 .text.LIS2MDL_MAG_SetFullScale
                0x0800484e       0x18 ./Drivers/BSP/Components/lis2mdl/lis2mdl.o
                0x0800484e                LIS2MDL_MAG_SetFullScale
 .text.LIS2MDL_MAG_GetAxesRaw
                0x08004866       0x48 ./Drivers/BSP/Components/lis2mdl/lis2mdl.o
                0x08004866                LIS2MDL_MAG_GetAxesRaw
 .text.LIS2MDL_MAG_GetAxes
                0x080048ae      0x114 ./Drivers/BSP/Components/lis2mdl/lis2mdl.o
                0x080048ae                LIS2MDL_MAG_GetAxes
 .text.LIS2MDL_Write_Reg
                0x080049c2       0x56 ./Drivers/BSP/Components/lis2mdl/lis2mdl.o
                0x080049c2                LIS2MDL_Write_Reg
 .text.ReadMagRegWrap
                0x08004a18       0x82 ./Drivers/BSP/Components/lis2mdl/lis2mdl.o
 .text.WriteMagRegWrap
                0x08004a9a       0x82 ./Drivers/BSP/Components/lis2mdl/lis2mdl.o
 .text.LSM6DSOX_SENSORHUB_LIS2MDL_ReadShData
                0x08004b1c      0x27e ./Drivers/BSP/Components/lis2mdl/lis2mdl.o
 .text.LSM6DSOX_SENSORHUB_LIS2MDL_WriteShData
                0x08004d9a      0x23c ./Drivers/BSP/Components/lis2mdl/lis2mdl.o
 .text.lis2mdl_read_reg
                0x08004fd6       0x3c ./Drivers/BSP/Components/lis2mdl/lis2mdl_reg.o
                0x08004fd6                lis2mdl_read_reg
 .text.lis2mdl_write_reg
                0x08005012       0x3c ./Drivers/BSP/Components/lis2mdl/lis2mdl_reg.o
                0x08005012                lis2mdl_write_reg
 .text.lis2mdl_operating_mode_set
                0x0800504e       0x4c ./Drivers/BSP/Components/lis2mdl/lis2mdl_reg.o
                0x0800504e                lis2mdl_operating_mode_set
 .text.lis2mdl_data_rate_set
                0x0800509a       0x4c ./Drivers/BSP/Components/lis2mdl/lis2mdl_reg.o
                0x0800509a                lis2mdl_data_rate_set
 *fill*         0x080050e6        0x2 
 .text.lis2mdl_data_rate_get
                0x080050e8       0x70 ./Drivers/BSP/Components/lis2mdl/lis2mdl_reg.o
                0x080050e8                lis2mdl_data_rate_get
 .text.lis2mdl_block_data_update_set
                0x08005158       0x4c ./Drivers/BSP/Components/lis2mdl/lis2mdl_reg.o
                0x08005158                lis2mdl_block_data_update_set
 .text.lis2mdl_magnetic_raw_get
                0x080051a4       0x90 ./Drivers/BSP/Components/lis2mdl/lis2mdl_reg.o
                0x080051a4                lis2mdl_magnetic_raw_get
 .text.lis2mdl_device_id_get
                0x08005234       0x22 ./Drivers/BSP/Components/lis2mdl/lis2mdl_reg.o
                0x08005234                lis2mdl_device_id_get
 .text.lis2mdl_self_test_set
                0x08005256       0x4c ./Drivers/BSP/Components/lis2mdl/lis2mdl_reg.o
                0x08005256                lis2mdl_self_test_set
 .text.lis2mdl_i2c_interface_set
                0x080052a2       0x4c ./Drivers/BSP/Components/lis2mdl/lis2mdl_reg.o
                0x080052a2                lis2mdl_i2c_interface_set
 *fill*         0x080052ee        0x2 
 .text.LPS22DF_RegisterBusIO
                0x080052f0       0xd4 ./Drivers/BSP/Components/lps22df/lps22df.o
                0x080052f0                LPS22DF_RegisterBusIO
 .text.LPS22DF_Init
                0x080053c4       0x36 ./Drivers/BSP/Components/lps22df/lps22df.o
                0x080053c4                LPS22DF_Init
 .text.LPS22DF_DeInit
                0x080053fa       0x48 ./Drivers/BSP/Components/lps22df/lps22df.o
                0x080053fa                LPS22DF_DeInit
 .text.LPS22DF_ReadID
                0x08005442       0x36 ./Drivers/BSP/Components/lps22df/lps22df.o
                0x08005442                LPS22DF_ReadID
 .text.LPS22DF_GetCapabilities
                0x08005478       0x58 ./Drivers/BSP/Components/lps22df/lps22df.o
                0x08005478                LPS22DF_GetCapabilities
 .text.LPS22DF_PRESS_Enable
                0x080054d0       0x46 ./Drivers/BSP/Components/lps22df/lps22df.o
                0x080054d0                LPS22DF_PRESS_Enable
 .text.LPS22DF_PRESS_Disable
                0x08005516       0x80 ./Drivers/BSP/Components/lps22df/lps22df.o
                0x08005516                LPS22DF_PRESS_Disable
 .text.LPS22DF_PRESS_GetOutputDataRate
                0x08005596       0x1c ./Drivers/BSP/Components/lps22df/lps22df.o
                0x08005596                LPS22DF_PRESS_GetOutputDataRate
 .text.LPS22DF_PRESS_SetOutputDataRate
                0x080055b2       0x38 ./Drivers/BSP/Components/lps22df/lps22df.o
                0x080055b2                LPS22DF_PRESS_SetOutputDataRate
 .text.LPS22DF_PRESS_GetPressure
                0x080055ea       0x42 ./Drivers/BSP/Components/lps22df/lps22df.o
                0x080055ea                LPS22DF_PRESS_GetPressure
 .text.LPS22DF_TEMP_Enable
                0x0800562c       0x46 ./Drivers/BSP/Components/lps22df/lps22df.o
                0x0800562c                LPS22DF_TEMP_Enable
 .text.LPS22DF_TEMP_Disable
                0x08005672       0x80 ./Drivers/BSP/Components/lps22df/lps22df.o
                0x08005672                LPS22DF_TEMP_Disable
 .text.LPS22DF_TEMP_GetOutputDataRate
                0x080056f2       0x1c ./Drivers/BSP/Components/lps22df/lps22df.o
                0x080056f2                LPS22DF_TEMP_GetOutputDataRate
 .text.LPS22DF_TEMP_SetOutputDataRate
                0x0800570e       0x38 ./Drivers/BSP/Components/lps22df/lps22df.o
                0x0800570e                LPS22DF_TEMP_SetOutputDataRate
 .text.LPS22DF_TEMP_GetTemperature
                0x08005746       0x44 ./Drivers/BSP/Components/lps22df/lps22df.o
                0x08005746                LPS22DF_TEMP_GetTemperature
 .text.LPS22DF_Write_Reg
                0x0800578a       0x36 ./Drivers/BSP/Components/lps22df/lps22df.o
                0x0800578a                LPS22DF_Write_Reg
 .text.LPS22DF_GetOutputDataRate
                0x080057c0       0xd4 ./Drivers/BSP/Components/lps22df/lps22df.o
 .text.LPS22DF_SetOutputDataRate_When_Enabled
                0x08005894      0x118 ./Drivers/BSP/Components/lps22df/lps22df.o
 .text.LPS22DF_SetOutputDataRate_When_Disabled
                0x080059ac       0xc8 ./Drivers/BSP/Components/lps22df/lps22df.o
 .text.LPS22DF_Initialize
                0x08005a74       0xb8 ./Drivers/BSP/Components/lps22df/lps22df.o
 .text.ReadRegWrap
                0x08005b2c       0x36 ./Drivers/BSP/Components/lps22df/lps22df.o
 .text.WriteRegWrap
                0x08005b62       0x36 ./Drivers/BSP/Components/lps22df/lps22df.o
 .text.lps22df_read_reg
                0x08005b98       0x3c ./Drivers/BSP/Components/lps22df/lps22df_reg.o
                0x08005b98                lps22df_read_reg
 .text.lps22df_write_reg
                0x08005bd4       0x3c ./Drivers/BSP/Components/lps22df/lps22df_reg.o
                0x08005bd4                lps22df_write_reg
 .text.bytecpy  0x08005c10       0x2a ./Drivers/BSP/Components/lps22df/lps22df_reg.o
 *fill*         0x08005c3a        0x2 
 .text.lps22df_from_lsb_to_hPa
                0x08005c3c       0x30 ./Drivers/BSP/Components/lps22df/lps22df_reg.o
                0x08005c3c                lps22df_from_lsb_to_hPa
 .text.lps22df_from_lsb_to_celsius
                0x08005c6c       0x34 ./Drivers/BSP/Components/lps22df/lps22df_reg.o
                0x08005c6c                lps22df_from_lsb_to_celsius
 .text.lps22df_id_get
                0x08005ca0       0x2a ./Drivers/BSP/Components/lps22df/lps22df_reg.o
                0x08005ca0                lps22df_id_get
 .text.lps22df_bus_mode_set
                0x08005cca       0xc4 ./Drivers/BSP/Components/lps22df/lps22df_reg.o
                0x08005cca                lps22df_bus_mode_set
 .text.lps22df_init_set
                0x08005d8e      0x1c4 ./Drivers/BSP/Components/lps22df/lps22df_reg.o
                0x08005d8e                lps22df_init_set
 .text.lps22df_status_get
                0x08005f52      0x10a ./Drivers/BSP/Components/lps22df/lps22df_reg.o
                0x08005f52                lps22df_status_get
 .text.lps22df_mode_set
                0x0800605c       0xbc ./Drivers/BSP/Components/lps22df/lps22df_reg.o
                0x0800605c                lps22df_mode_set
 .text.lps22df_mode_get
                0x08006118      0x198 ./Drivers/BSP/Components/lps22df/lps22df_reg.o
                0x08006118                lps22df_mode_get
 .text.lps22df_pressure_raw_get
                0x080062b0       0x52 ./Drivers/BSP/Components/lps22df/lps22df_reg.o
                0x080062b0                lps22df_pressure_raw_get
 .text.lps22df_temperature_raw_get
                0x08006302       0x44 ./Drivers/BSP/Components/lps22df/lps22df_reg.o
                0x08006302                lps22df_temperature_raw_get
 *fill*         0x08006346        0x2 
 .text.LSM6DSO16IS_RegisterBusIO
                0x08006348       0xcc ./Drivers/BSP/Components/lsm6dso16is/lsm6dso16is.o
                0x08006348                LSM6DSO16IS_RegisterBusIO
 .text.LSM6DSO16IS_Init
                0x08006414       0xd8 ./Drivers/BSP/Components/lsm6dso16is/lsm6dso16is.o
                0x08006414                LSM6DSO16IS_Init
 .text.LSM6DSO16IS_DeInit
                0x080064ec       0x58 ./Drivers/BSP/Components/lsm6dso16is/lsm6dso16is.o
                0x080064ec                LSM6DSO16IS_DeInit
 .text.LSM6DSO16IS_ReadID
                0x08006544       0x30 ./Drivers/BSP/Components/lsm6dso16is/lsm6dso16is.o
                0x08006544                LSM6DSO16IS_ReadID
 .text.LSM6DSO16IS_GetCapabilities
                0x08006574       0x5c ./Drivers/BSP/Components/lsm6dso16is/lsm6dso16is.o
                0x08006574                LSM6DSO16IS_GetCapabilities
 .text.LSM6DSO16IS_ACC_Enable
                0x080065d0       0x4e ./Drivers/BSP/Components/lsm6dso16is/lsm6dso16is.o
                0x080065d0                LSM6DSO16IS_ACC_Enable
 .text.LSM6DSO16IS_ACC_Disable
                0x0800661e       0x64 ./Drivers/BSP/Components/lsm6dso16is/lsm6dso16is.o
                0x0800661e                LSM6DSO16IS_ACC_Disable
 *fill*         0x08006682        0x2 
 .text.LSM6DSO16IS_ACC_GetSensitivity
                0x08006684       0x8c ./Drivers/BSP/Components/lsm6dso16is/lsm6dso16is.o
                0x08006684                LSM6DSO16IS_ACC_GetSensitivity
 .text.LSM6DSO16IS_ACC_GetOutputDataRate
                0x08006710      0x148 ./Drivers/BSP/Components/lsm6dso16is/lsm6dso16is.o
                0x08006710                LSM6DSO16IS_ACC_GetOutputDataRate
 .text.LSM6DSO16IS_ACC_SetOutputDataRate
                0x08006858       0x3a ./Drivers/BSP/Components/lsm6dso16is/lsm6dso16is.o
                0x08006858                LSM6DSO16IS_ACC_SetOutputDataRate
 *fill*         0x08006892        0x2 
 .text.LSM6DSO16IS_ACC_GetFullScale
                0x08006894       0x7c ./Drivers/BSP/Components/lsm6dso16is/lsm6dso16is.o
                0x08006894                LSM6DSO16IS_ACC_GetFullScale
 .text.LSM6DSO16IS_ACC_SetFullScale
                0x08006910       0x54 ./Drivers/BSP/Components/lsm6dso16is/lsm6dso16is.o
                0x08006910                LSM6DSO16IS_ACC_SetFullScale
 .text.LSM6DSO16IS_ACC_GetAxesRaw
                0x08006964       0x4c ./Drivers/BSP/Components/lsm6dso16is/lsm6dso16is.o
                0x08006964                LSM6DSO16IS_ACC_GetAxesRaw
 .text.LSM6DSO16IS_ACC_GetAxes
                0x080069b0       0xb2 ./Drivers/BSP/Components/lsm6dso16is/lsm6dso16is.o
                0x080069b0                LSM6DSO16IS_ACC_GetAxes
 .text.LSM6DSO16IS_GYRO_Enable
                0x08006a62       0x4e ./Drivers/BSP/Components/lsm6dso16is/lsm6dso16is.o
                0x08006a62                LSM6DSO16IS_GYRO_Enable
 .text.LSM6DSO16IS_GYRO_Disable
                0x08006ab0       0x64 ./Drivers/BSP/Components/lsm6dso16is/lsm6dso16is.o
                0x08006ab0                LSM6DSO16IS_GYRO_Disable
 .text.LSM6DSO16IS_GYRO_GetSensitivity
                0x08006b14       0xcc ./Drivers/BSP/Components/lsm6dso16is/lsm6dso16is.o
                0x08006b14                LSM6DSO16IS_GYRO_GetSensitivity
 .text.LSM6DSO16IS_GYRO_GetOutputDataRate
                0x08006be0      0x138 ./Drivers/BSP/Components/lsm6dso16is/lsm6dso16is.o
                0x08006be0                LSM6DSO16IS_GYRO_GetOutputDataRate
 .text.LSM6DSO16IS_GYRO_SetOutputDataRate
                0x08006d18       0x3a ./Drivers/BSP/Components/lsm6dso16is/lsm6dso16is.o
                0x08006d18                LSM6DSO16IS_GYRO_SetOutputDataRate
 *fill*         0x08006d52        0x2 
 .text.LSM6DSO16IS_GYRO_GetFullScale
                0x08006d54       0xbc ./Drivers/BSP/Components/lsm6dso16is/lsm6dso16is.o
                0x08006d54                LSM6DSO16IS_GYRO_GetFullScale
 .text.LSM6DSO16IS_GYRO_SetFullScale
                0x08006e10       0x62 ./Drivers/BSP/Components/lsm6dso16is/lsm6dso16is.o
                0x08006e10                LSM6DSO16IS_GYRO_SetFullScale
 .text.LSM6DSO16IS_GYRO_GetAxesRaw
                0x08006e72       0x4c ./Drivers/BSP/Components/lsm6dso16is/lsm6dso16is.o
                0x08006e72                LSM6DSO16IS_GYRO_GetAxesRaw
 .text.LSM6DSO16IS_GYRO_GetAxes
                0x08006ebe       0xb2 ./Drivers/BSP/Components/lsm6dso16is/lsm6dso16is.o
                0x08006ebe                LSM6DSO16IS_GYRO_GetAxes
 .text.LSM6DSO16IS_Write_Reg
                0x08006f70       0x3a ./Drivers/BSP/Components/lsm6dso16is/lsm6dso16is.o
                0x08006f70                LSM6DSO16IS_Write_Reg
 .text.LSM6DSO16IS_Set_Mem_Bank
                0x08006faa       0x4c ./Drivers/BSP/Components/lsm6dso16is/lsm6dso16is.o
                0x08006faa                LSM6DSO16IS_Set_Mem_Bank
 *fill*         0x08006ff6        0x2 
 .text.LSM6DSO16IS_ACC_SetOutputDataRate_When_Enabled
                0x08006ff8      0x11c ./Drivers/BSP/Components/lsm6dso16is/lsm6dso16is.o
 .text.LSM6DSO16IS_ACC_SetOutputDataRate_When_Disabled
                0x08007114      0x104 ./Drivers/BSP/Components/lsm6dso16is/lsm6dso16is.o
 .text.LSM6DSO16IS_GYRO_SetOutputDataRate_When_Enabled
                0x08007218      0x11c ./Drivers/BSP/Components/lsm6dso16is/lsm6dso16is.o
 .text.LSM6DSO16IS_GYRO_SetOutputDataRate_When_Disabled
                0x08007334      0x104 ./Drivers/BSP/Components/lsm6dso16is/lsm6dso16is.o
 .text.ReadRegWrap
                0x08007438       0x36 ./Drivers/BSP/Components/lsm6dso16is/lsm6dso16is.o
 .text.WriteRegWrap
                0x0800746e       0x36 ./Drivers/BSP/Components/lsm6dso16is/lsm6dso16is.o
 .text.lsm6dso16is_read_reg
                0x080074a4       0x3c ./Drivers/BSP/Components/lsm6dso16is/lsm6dso16is_reg.o
                0x080074a4                lsm6dso16is_read_reg
 .text.lsm6dso16is_write_reg
                0x080074e0       0x3c ./Drivers/BSP/Components/lsm6dso16is/lsm6dso16is_reg.o
                0x080074e0                lsm6dso16is_write_reg
 .text.lsm6dso16is_mem_bank_set
                0x0800751c       0x52 ./Drivers/BSP/Components/lsm6dso16is/lsm6dso16is_reg.o
                0x0800751c                lsm6dso16is_mem_bank_set
 .text.lsm6dso16is_device_id_get
                0x0800756e       0x22 ./Drivers/BSP/Components/lsm6dso16is/lsm6dso16is_reg.o
                0x0800756e                lsm6dso16is_device_id_get
 .text.lsm6dso16is_xl_hm_mode_set
                0x08007590       0x4c ./Drivers/BSP/Components/lsm6dso16is/lsm6dso16is_reg.o
                0x08007590                lsm6dso16is_xl_hm_mode_set
 .text.lsm6dso16is_xl_full_scale_set
                0x080075dc       0x4c ./Drivers/BSP/Components/lsm6dso16is/lsm6dso16is_reg.o
                0x080075dc                lsm6dso16is_xl_full_scale_set
 .text.lsm6dso16is_xl_full_scale_get
                0x08007628       0x70 ./Drivers/BSP/Components/lsm6dso16is/lsm6dso16is_reg.o
                0x08007628                lsm6dso16is_xl_full_scale_get
 .text.lsm6dso16is_xl_data_rate_set
                0x08007698       0x7e ./Drivers/BSP/Components/lsm6dso16is/lsm6dso16is_reg.o
                0x08007698                lsm6dso16is_xl_data_rate_set
 *fill*         0x08007716        0x2 
 .text.lsm6dso16is_xl_data_rate_get
                0x08007718      0x184 ./Drivers/BSP/Components/lsm6dso16is/lsm6dso16is_reg.o
                0x08007718                lsm6dso16is_xl_data_rate_get
 .text.lsm6dso16is_gy_hm_mode_set
                0x0800789c       0x4c ./Drivers/BSP/Components/lsm6dso16is/lsm6dso16is_reg.o
                0x0800789c                lsm6dso16is_gy_hm_mode_set
 .text.lsm6dso16is_gy_full_scale_set
                0x080078e8       0x60 ./Drivers/BSP/Components/lsm6dso16is/lsm6dso16is_reg.o
                0x080078e8                lsm6dso16is_gy_full_scale_set
 .text.lsm6dso16is_gy_full_scale_get
                0x08007948       0xb8 ./Drivers/BSP/Components/lsm6dso16is/lsm6dso16is_reg.o
                0x08007948                lsm6dso16is_gy_full_scale_get
 .text.lsm6dso16is_gy_data_rate_set
                0x08007a00       0x7e ./Drivers/BSP/Components/lsm6dso16is/lsm6dso16is_reg.o
                0x08007a00                lsm6dso16is_gy_data_rate_set
 *fill*         0x08007a7e        0x2 
 .text.lsm6dso16is_gy_data_rate_get
                0x08007a80      0x178 ./Drivers/BSP/Components/lsm6dso16is/lsm6dso16is_reg.o
                0x08007a80                lsm6dso16is_gy_data_rate_get
 .text.lsm6dso16is_auto_increment_set
                0x08007bf8       0x4c ./Drivers/BSP/Components/lsm6dso16is/lsm6dso16is_reg.o
                0x08007bf8                lsm6dso16is_auto_increment_set
 .text.lsm6dso16is_block_data_update_set
                0x08007c44       0x4c ./Drivers/BSP/Components/lsm6dso16is/lsm6dso16is_reg.o
                0x08007c44                lsm6dso16is_block_data_update_set
 .text.lsm6dso16is_angular_rate_raw_get
                0x08007c90       0x90 ./Drivers/BSP/Components/lsm6dso16is/lsm6dso16is_reg.o
                0x08007c90                lsm6dso16is_angular_rate_raw_get
 .text.lsm6dso16is_acceleration_raw_get
                0x08007d20       0x90 ./Drivers/BSP/Components/lsm6dso16is/lsm6dso16is_reg.o
                0x08007d20                lsm6dso16is_acceleration_raw_get
 .text.LSM6DSV16X_RegisterBusIO
                0x08007db0       0xec ./Drivers/BSP/Components/lsm6dsv16x/lsm6dsv16x.o
                0x08007db0                LSM6DSV16X_RegisterBusIO
 .text.LSM6DSV16X_Init
                0x08007e9c      0x106 ./Drivers/BSP/Components/lsm6dsv16x/lsm6dsv16x.o
                0x08007e9c                LSM6DSV16X_Init
 .text.LSM6DSV16X_DeInit
                0x08007fa2       0x6e ./Drivers/BSP/Components/lsm6dsv16x/lsm6dsv16x.o
                0x08007fa2                LSM6DSV16X_DeInit
 .text.LSM6DSV16X_ReadID
                0x08008010       0x2c ./Drivers/BSP/Components/lsm6dsv16x/lsm6dsv16x.o
                0x08008010                LSM6DSV16X_ReadID
 .text.LSM6DSV16X_GetCapabilities
                0x0800803c       0x5c ./Drivers/BSP/Components/lsm6dsv16x/lsm6dsv16x.o
                0x0800803c                LSM6DSV16X_GetCapabilities
 .text.LSM6DSV16X_ACC_Enable
                0x08008098       0x48 ./Drivers/BSP/Components/lsm6dsv16x/lsm6dsv16x.o
                0x08008098                LSM6DSV16X_ACC_Enable
 .text.LSM6DSV16X_ACC_Disable
                0x080080e0       0x5e ./Drivers/BSP/Components/lsm6dsv16x/lsm6dsv16x.o
                0x080080e0                LSM6DSV16X_ACC_Disable
 *fill*         0x0800813e        0x2 
 .text.LSM6DSV16X_ACC_GetSensitivity
                0x08008140       0x8c ./Drivers/BSP/Components/lsm6dsv16x/lsm6dsv16x.o
                0x08008140                LSM6DSV16X_ACC_GetSensitivity
 .text.LSM6DSV16X_ACC_GetOutputDataRate
                0x080081cc      0x288 ./Drivers/BSP/Components/lsm6dsv16x/lsm6dsv16x.o
                0x080081cc                LSM6DSV16X_ACC_GetOutputDataRate
 .text.LSM6DSV16X_ACC_SetOutputDataRate
                0x08008454       0x38 ./Drivers/BSP/Components/lsm6dsv16x/lsm6dsv16x.o
                0x08008454                LSM6DSV16X_ACC_SetOutputDataRate
 .text.LSM6DSV16X_ACC_GetFullScale
                0x0800848c       0x7c ./Drivers/BSP/Components/lsm6dsv16x/lsm6dsv16x.o
                0x0800848c                LSM6DSV16X_ACC_GetFullScale
 .text.LSM6DSV16X_ACC_SetFullScale
                0x08008508       0x50 ./Drivers/BSP/Components/lsm6dsv16x/lsm6dsv16x.o
                0x08008508                LSM6DSV16X_ACC_SetFullScale
 .text.LSM6DSV16X_ACC_GetAxesRaw
                0x08008558       0x48 ./Drivers/BSP/Components/lsm6dsv16x/lsm6dsv16x.o
                0x08008558                LSM6DSV16X_ACC_GetAxesRaw
 .text.LSM6DSV16X_ACC_GetAxes
                0x080085a0       0xae ./Drivers/BSP/Components/lsm6dsv16x/lsm6dsv16x.o
                0x080085a0                LSM6DSV16X_ACC_GetAxes
 .text.LSM6DSV16X_GYRO_Enable
                0x0800864e       0x48 ./Drivers/BSP/Components/lsm6dsv16x/lsm6dsv16x.o
                0x0800864e                LSM6DSV16X_GYRO_Enable
 .text.LSM6DSV16X_GYRO_Disable
                0x08008696       0x5e ./Drivers/BSP/Components/lsm6dsv16x/lsm6dsv16x.o
                0x08008696                LSM6DSV16X_GYRO_Disable
 .text.LSM6DSV16X_GYRO_GetSensitivity
                0x080086f4       0xc8 ./Drivers/BSP/Components/lsm6dsv16x/lsm6dsv16x.o
                0x080086f4                LSM6DSV16X_GYRO_GetSensitivity
 .text.LSM6DSV16X_GYRO_GetOutputDataRate
                0x080087bc      0x288 ./Drivers/BSP/Components/lsm6dsv16x/lsm6dsv16x.o
                0x080087bc                LSM6DSV16X_GYRO_GetOutputDataRate
 .text.LSM6DSV16X_GYRO_SetOutputDataRate
                0x08008a44       0x38 ./Drivers/BSP/Components/lsm6dsv16x/lsm6dsv16x.o
                0x08008a44                LSM6DSV16X_GYRO_SetOutputDataRate
 .text.LSM6DSV16X_GYRO_GetFullScale
                0x08008a7c       0xb8 ./Drivers/BSP/Components/lsm6dsv16x/lsm6dsv16x.o
                0x08008a7c                LSM6DSV16X_GYRO_GetFullScale
 .text.LSM6DSV16X_GYRO_SetFullScale
                0x08008b34       0x6a ./Drivers/BSP/Components/lsm6dsv16x/lsm6dsv16x.o
                0x08008b34                LSM6DSV16X_GYRO_SetFullScale
 .text.LSM6DSV16X_GYRO_GetAxesRaw
                0x08008b9e       0x48 ./Drivers/BSP/Components/lsm6dsv16x/lsm6dsv16x.o
                0x08008b9e                LSM6DSV16X_GYRO_GetAxesRaw
 .text.LSM6DSV16X_GYRO_GetAxes
                0x08008be6       0xae ./Drivers/BSP/Components/lsm6dsv16x/lsm6dsv16x.o
                0x08008be6                LSM6DSV16X_GYRO_GetAxes
 .text.LSM6DSV16X_Write_Reg
                0x08008c94       0x36 ./Drivers/BSP/Components/lsm6dsv16x/lsm6dsv16x.o
                0x08008c94                LSM6DSV16X_Write_Reg
 .text.LSM6DSV16X_Set_Mem_Bank
                0x08008cca       0x4c ./Drivers/BSP/Components/lsm6dsv16x/lsm6dsv16x.o
                0x08008cca                LSM6DSV16X_Set_Mem_Bank
 *fill*         0x08008d16        0x2 
 .text.LSM6DSV16X_ACC_SetOutputDataRate_When_Enabled
                0x08008d18      0x144 ./Drivers/BSP/Components/lsm6dsv16x/lsm6dsv16x.o
 .text.LSM6DSV16X_ACC_SetOutputDataRate_When_Disabled
                0x08008e5c      0x130 ./Drivers/BSP/Components/lsm6dsv16x/lsm6dsv16x.o
 .text.LSM6DSV16X_GYRO_SetOutputDataRate_When_Enabled
                0x08008f8c      0x12c ./Drivers/BSP/Components/lsm6dsv16x/lsm6dsv16x.o
 .text.LSM6DSV16X_GYRO_SetOutputDataRate_When_Disabled
                0x080090b8      0x11c ./Drivers/BSP/Components/lsm6dsv16x/lsm6dsv16x.o
 .text.ReadRegWrap
                0x080091d4       0x36 ./Drivers/BSP/Components/lsm6dsv16x/lsm6dsv16x.o
 .text.WriteRegWrap
                0x0800920a       0x36 ./Drivers/BSP/Components/lsm6dsv16x/lsm6dsv16x.o
 .text.lsm6dsv16x_read_reg
                0x08009240       0x3c ./Drivers/BSP/Components/lsm6dsv16x/lsm6dsv16x_reg.o
                0x08009240                lsm6dsv16x_read_reg
 .text.lsm6dsv16x_write_reg
                0x0800927c       0x3c ./Drivers/BSP/Components/lsm6dsv16x/lsm6dsv16x_reg.o
                0x0800927c                lsm6dsv16x_write_reg
 .text.lsm6dsv16x_mem_bank_set
                0x080092b8       0x62 ./Drivers/BSP/Components/lsm6dsv16x/lsm6dsv16x_reg.o
                0x080092b8                lsm6dsv16x_mem_bank_set
 .text.lsm6dsv16x_device_id_get
                0x0800931a       0x22 ./Drivers/BSP/Components/lsm6dsv16x/lsm6dsv16x_reg.o
                0x0800931a                lsm6dsv16x_device_id_get
 .text.lsm6dsv16x_xl_data_rate_set
                0x0800933c       0xa2 ./Drivers/BSP/Components/lsm6dsv16x/lsm6dsv16x_reg.o
                0x0800933c                lsm6dsv16x_xl_data_rate_set
 *fill*         0x080093de        0x2 
 .text.lsm6dsv16x_xl_data_rate_get
                0x080093e0      0x220 ./Drivers/BSP/Components/lsm6dsv16x/lsm6dsv16x_reg.o
                0x080093e0                lsm6dsv16x_xl_data_rate_get
 .text.lsm6dsv16x_gy_data_rate_set
                0x08009600       0x9e ./Drivers/BSP/Components/lsm6dsv16x/lsm6dsv16x_reg.o
                0x08009600                lsm6dsv16x_gy_data_rate_set
 *fill*         0x0800969e        0x2 
 .text.lsm6dsv16x_gy_data_rate_get
                0x080096a0      0x220 ./Drivers/BSP/Components/lsm6dsv16x/lsm6dsv16x_reg.o
                0x080096a0                lsm6dsv16x_gy_data_rate_get
 .text.lsm6dsv16x_auto_increment_set
                0x080098c0       0x4c ./Drivers/BSP/Components/lsm6dsv16x/lsm6dsv16x_reg.o
                0x080098c0                lsm6dsv16x_auto_increment_set
 .text.lsm6dsv16x_block_data_update_set
                0x0800990c       0x4c ./Drivers/BSP/Components/lsm6dsv16x/lsm6dsv16x_reg.o
                0x0800990c                lsm6dsv16x_block_data_update_set
 .text.lsm6dsv16x_gy_full_scale_set
                0x08009958       0x4c ./Drivers/BSP/Components/lsm6dsv16x/lsm6dsv16x_reg.o
                0x08009958                lsm6dsv16x_gy_full_scale_set
 .text.lsm6dsv16x_gy_full_scale_get
                0x080099a4       0xb0 ./Drivers/BSP/Components/lsm6dsv16x/lsm6dsv16x_reg.o
                0x080099a4                lsm6dsv16x_gy_full_scale_get
 .text.lsm6dsv16x_xl_full_scale_set
                0x08009a54       0x4c ./Drivers/BSP/Components/lsm6dsv16x/lsm6dsv16x_reg.o
                0x08009a54                lsm6dsv16x_xl_full_scale_set
 .text.lsm6dsv16x_xl_full_scale_get
                0x08009aa0       0x7c ./Drivers/BSP/Components/lsm6dsv16x/lsm6dsv16x_reg.o
                0x08009aa0                lsm6dsv16x_xl_full_scale_get
 .text.lsm6dsv16x_angular_rate_raw_get
                0x08009b1c       0x9a ./Drivers/BSP/Components/lsm6dsv16x/lsm6dsv16x_reg.o
                0x08009b1c                lsm6dsv16x_angular_rate_raw_get
 .text.lsm6dsv16x_acceleration_raw_get
                0x08009bb6       0x9a ./Drivers/BSP/Components/lsm6dsv16x/lsm6dsv16x_reg.o
                0x08009bb6                lsm6dsv16x_acceleration_raw_get
 .text.lsm6dsv16x_fifo_mode_set
                0x08009c50       0x4c ./Drivers/BSP/Components/lsm6dsv16x/lsm6dsv16x_reg.o
                0x08009c50                lsm6dsv16x_fifo_mode_set
 .text.lsm6dsv16x_ah_qvar_mode_set
                0x08009c9c       0x4a ./Drivers/BSP/Components/lsm6dsv16x/lsm6dsv16x_reg.o
                0x08009c9c                lsm6dsv16x_ah_qvar_mode_set
 *fill*         0x08009ce6        0x2 
 .text.SHT40AD1B_RegisterBusIO
                0x08009ce8       0x94 ./Drivers/BSP/Components/sht40ad1b/sht40ad1b.o
                0x08009ce8                SHT40AD1B_RegisterBusIO
 .text.SHT40AD1B_Init
                0x08009d7c       0x2e ./Drivers/BSP/Components/sht40ad1b/sht40ad1b.o
                0x08009d7c                SHT40AD1B_Init
 .text.SHT40AD1B_DeInit
                0x08009daa       0x1e ./Drivers/BSP/Components/sht40ad1b/sht40ad1b.o
                0x08009daa                SHT40AD1B_DeInit
 .text.SHT40AD1B_ReadID
                0x08009dc8       0x20 ./Drivers/BSP/Components/sht40ad1b/sht40ad1b.o
                0x08009dc8                SHT40AD1B_ReadID
 .text.SHT40AD1B_GetCapabilities
                0x08009de8       0x56 ./Drivers/BSP/Components/sht40ad1b/sht40ad1b.o
                0x08009de8                SHT40AD1B_GetCapabilities
 .text.SHT40AD1B_HUM_Enable
                0x08009e3e       0x2c ./Drivers/BSP/Components/sht40ad1b/sht40ad1b.o
                0x08009e3e                SHT40AD1B_HUM_Enable
 .text.SHT40AD1B_HUM_Disable
                0x08009e6a       0x2c ./Drivers/BSP/Components/sht40ad1b/sht40ad1b.o
                0x08009e6a                SHT40AD1B_HUM_Disable
 .text.SHT40AD1B_HUM_GetOutputDataRate
                0x08009e96       0x20 ./Drivers/BSP/Components/sht40ad1b/sht40ad1b.o
                0x08009e96                SHT40AD1B_HUM_GetOutputDataRate
 .text.SHT40AD1B_HUM_SetOutputDataRate
                0x08009eb6       0x1a ./Drivers/BSP/Components/sht40ad1b/sht40ad1b.o
                0x08009eb6                SHT40AD1B_HUM_SetOutputDataRate
 .text.SHT40AD1B_HUM_GetHumidity
                0x08009ed0       0x2e ./Drivers/BSP/Components/sht40ad1b/sht40ad1b.o
                0x08009ed0                SHT40AD1B_HUM_GetHumidity
 .text.SHT40AD1B_TEMP_Enable
                0x08009efe       0x2c ./Drivers/BSP/Components/sht40ad1b/sht40ad1b.o
                0x08009efe                SHT40AD1B_TEMP_Enable
 .text.SHT40AD1B_TEMP_Disable
                0x08009f2a       0x2c ./Drivers/BSP/Components/sht40ad1b/sht40ad1b.o
                0x08009f2a                SHT40AD1B_TEMP_Disable
 .text.SHT40AD1B_TEMP_GetOutputDataRate
                0x08009f56       0x20 ./Drivers/BSP/Components/sht40ad1b/sht40ad1b.o
                0x08009f56                SHT40AD1B_TEMP_GetOutputDataRate
 .text.SHT40AD1B_TEMP_SetOutputDataRate
                0x08009f76       0x1a ./Drivers/BSP/Components/sht40ad1b/sht40ad1b.o
                0x08009f76                SHT40AD1B_TEMP_SetOutputDataRate
 .text.SHT40AD1B_TEMP_GetTemperature
                0x08009f90       0x2e ./Drivers/BSP/Components/sht40ad1b/sht40ad1b.o
                0x08009f90                SHT40AD1B_TEMP_GetTemperature
 .text.GetData  0x08009fbe       0x3a ./Drivers/BSP/Components/sht40ad1b/sht40ad1b.o
 .text.ReadRegWrap
                0x08009ff8       0x40 ./Drivers/BSP/Components/sht40ad1b/sht40ad1b.o
 .text.WriteRegWrap
                0x0800a038       0x40 ./Drivers/BSP/Components/sht40ad1b/sht40ad1b.o
 .text.sht40ad1b_read_reg
                0x0800a078       0x30 ./Drivers/BSP/Components/sht40ad1b/sht40ad1b_reg.o
                0x0800a078                sht40ad1b_read_reg
 .text.sht40ad1b_write_reg
                0x0800a0a8       0x30 ./Drivers/BSP/Components/sht40ad1b/sht40ad1b_reg.o
                0x0800a0a8                sht40ad1b_write_reg
 .text.sht40ad1b_data_get
                0x0800a0d8      0x14c ./Drivers/BSP/Components/sht40ad1b/sht40ad1b_reg.o
                0x0800a0d8                sht40ad1b_data_get
 .text.sht40ad1b_device_id_get
                0x0800a224       0x1e ./Drivers/BSP/Components/sht40ad1b/sht40ad1b_reg.o
                0x0800a224                sht40ad1b_device_id_get
 .text.crc_calculate
                0x0800a242       0x7a ./Drivers/BSP/Components/sht40ad1b/sht40ad1b_reg.o
 .text.crc_check
                0x0800a2bc       0x32 ./Drivers/BSP/Components/sht40ad1b/sht40ad1b_reg.o
 *fill*         0x0800a2ee        0x2 
 .text.STTS22H_RegisterBusIO
                0x0800a2f0       0x94 ./Drivers/BSP/Components/stts22h/stts22h.o
                0x0800a2f0                STTS22H_RegisterBusIO
 .text.STTS22H_Init
                0x0800a384       0x74 ./Drivers/BSP/Components/stts22h/stts22h.o
                0x0800a384                STTS22H_Init
 .text.STTS22H_DeInit
                0x0800a3f8       0x36 ./Drivers/BSP/Components/stts22h/stts22h.o
                0x0800a3f8                STTS22H_DeInit
 .text.STTS22H_ReadID
                0x0800a42e       0x36 ./Drivers/BSP/Components/stts22h/stts22h.o
                0x0800a42e                STTS22H_ReadID
 .text.STTS22H_GetCapabilities
                0x0800a464       0x58 ./Drivers/BSP/Components/stts22h/stts22h.o
                0x0800a464                STTS22H_GetCapabilities
 .text.STTS22H_TEMP_Enable
                0x0800a4bc       0x44 ./Drivers/BSP/Components/stts22h/stts22h.o
                0x0800a4bc                STTS22H_TEMP_Enable
 .text.STTS22H_TEMP_Disable
                0x0800a500       0x58 ./Drivers/BSP/Components/stts22h/stts22h.o
                0x0800a500                STTS22H_TEMP_Disable
 .text.STTS22H_TEMP_GetOutputDataRate
                0x0800a558      0x15c ./Drivers/BSP/Components/stts22h/stts22h.o
                0x0800a558                STTS22H_TEMP_GetOutputDataRate
 .text.STTS22H_TEMP_SetOutputDataRate
                0x0800a6b4       0x94 ./Drivers/BSP/Components/stts22h/stts22h.o
                0x0800a6b4                STTS22H_TEMP_SetOutputDataRate
 .text.STTS22H_TEMP_GetTemperature
                0x0800a748       0x44 ./Drivers/BSP/Components/stts22h/stts22h.o
                0x0800a748                STTS22H_TEMP_GetTemperature
 .text.ReadRegWrap
                0x0800a78c       0x6e ./Drivers/BSP/Components/stts22h/stts22h.o
 .text.WriteRegWrap
                0x0800a7fa       0x6e ./Drivers/BSP/Components/stts22h/stts22h.o
 .text.stts22h_read_reg
                0x0800a868       0x3c ./Drivers/BSP/Components/stts22h/stts22h_reg.o
                0x0800a868                stts22h_read_reg
 .text.stts22h_write_reg
                0x0800a8a4       0x3c ./Drivers/BSP/Components/stts22h/stts22h_reg.o
                0x0800a8a4                stts22h_write_reg
 .text.stts22h_from_lsb_to_celsius
                0x0800a8e0       0x34 ./Drivers/BSP/Components/stts22h/stts22h_reg.o
                0x0800a8e0                stts22h_from_lsb_to_celsius
 .text.stts22h_temp_data_rate_set
                0x0800a914       0x82 ./Drivers/BSP/Components/stts22h/stts22h_reg.o
                0x0800a914                stts22h_temp_data_rate_set
 *fill*         0x0800a996        0x2 
 .text.stts22h_temp_data_rate_get
                0x0800a998      0x16c ./Drivers/BSP/Components/stts22h/stts22h_reg.o
                0x0800a998                stts22h_temp_data_rate_get
 .text.stts22h_block_data_update_set
                0x0800ab04       0x4c ./Drivers/BSP/Components/stts22h/stts22h_reg.o
                0x0800ab04                stts22h_block_data_update_set
 .text.stts22h_temperature_raw_get
                0x0800ab50       0x44 ./Drivers/BSP/Components/stts22h/stts22h_reg.o
                0x0800ab50                stts22h_temperature_raw_get
 .text.stts22h_dev_id_get
                0x0800ab94       0x22 ./Drivers/BSP/Components/stts22h/stts22h_reg.o
                0x0800ab94                stts22h_dev_id_get
 .text.stts22h_auto_increment_set
                0x0800abb6       0x4c ./Drivers/BSP/Components/stts22h/stts22h_reg.o
                0x0800abb6                stts22h_auto_increment_set
 *fill*         0x0800ac02        0x2 
 .text.IKS4A1_ENV_SENSOR_Init
                0x0800ac04      0x21c ./Drivers/BSP/IKS4A1/iks4a1_env_sensors.o
                0x0800ac04                IKS4A1_ENV_SENSOR_Init
 .text.IKS4A1_ENV_SENSOR_GetCapabilities
                0x0800ae20       0x54 ./Drivers/BSP/IKS4A1/iks4a1_env_sensors.o
                0x0800ae20                IKS4A1_ENV_SENSOR_GetCapabilities
 .text.STTS22H_0_Probe
                0x0800ae74      0x16c ./Drivers/BSP/IKS4A1/iks4a1_env_sensors.o
 .text.LPS22DF_0_Probe
                0x0800afe0      0x1a0 ./Drivers/BSP/IKS4A1/iks4a1_env_sensors.o
 .text.SHT40AD1B_0_Probe
                0x0800b180      0x1a0 ./Drivers/BSP/IKS4A1/iks4a1_env_sensors.o
 .text.IKS4A1_MOTION_SENSOR_Init
                0x0800b320      0x264 ./Drivers/BSP/IKS4A1/iks4a1_motion_sensors.o
                0x0800b320                IKS4A1_MOTION_SENSOR_Init
 .text.IKS4A1_MOTION_SENSOR_GetCapabilities
                0x0800b584       0x54 ./Drivers/BSP/IKS4A1/iks4a1_motion_sensors.o
                0x0800b584                IKS4A1_MOTION_SENSOR_GetCapabilities
 .text.IKS4A1_MOTION_SENSOR_GetAxes
                0x0800b5d8       0x88 ./Drivers/BSP/IKS4A1/iks4a1_motion_sensors.o
                0x0800b5d8                IKS4A1_MOTION_SENSOR_GetAxes
 .text.LIS2MDL_0_Probe
                0x0800b660      0x150 ./Drivers/BSP/IKS4A1/iks4a1_motion_sensors.o
 .text.LSM6DSV16X_0_Probe
                0x0800b7b0      0x198 ./Drivers/BSP/IKS4A1/iks4a1_motion_sensors.o
 .text.LIS2DUXS12_0_Probe
                0x0800b948      0x16c ./Drivers/BSP/IKS4A1/iks4a1_motion_sensors.o
 .text.LSM6DSO16IS_0_Probe
                0x0800bab4      0x198 ./Drivers/BSP/IKS4A1/iks4a1_motion_sensors.o
 .text.BSP_LED_Init
                0x0800bc4c       0x24 ./Drivers/BSP/STM32F4xx_Nucleo/stm32f4xx_nucleo.o
                0x0800bc4c                BSP_LED_Init
 .text.LED_USER_GPIO_Init
                0x0800bc70       0x84 ./Drivers/BSP/STM32F4xx_Nucleo/stm32f4xx_nucleo.o
 .text.BSP_PB_Init
                0x0800bcf4       0xa8 ./Drivers/BSP/STM32F4xx_Nucleo/stm32f4xx_nucleo.o
                0x0800bcf4                BSP_PB_Init
 .text.BSP_PB_GetState
                0x0800bd9c       0x38 ./Drivers/BSP/STM32F4xx_Nucleo/stm32f4xx_nucleo.o
                0x0800bd9c                BSP_PB_GetState
 .text.BUTTON_USER_EXTI_Callback
                0x0800bdd4        0xe ./Drivers/BSP/STM32F4xx_Nucleo/stm32f4xx_nucleo.o
 *fill*         0x0800bde2        0x2 
 .text.BUTTON_USER_GPIO_Init
                0x0800bde4       0x7c ./Drivers/BSP/STM32F4xx_Nucleo/stm32f4xx_nucleo.o
 .text.BSP_COM_Init
                0x0800be60       0x7c ./Drivers/BSP/STM32F4xx_Nucleo/stm32f4xx_nucleo.o
                0x0800be60                BSP_COM_Init
 .text.MX_USART2_UART_Init
                0x0800bedc       0x5c ./Drivers/BSP/STM32F4xx_Nucleo/stm32f4xx_nucleo.o
                0x0800bedc                MX_USART2_UART_Init
 .text.USART2_MspInit
                0x0800bf38       0x90 ./Drivers/BSP/STM32F4xx_Nucleo/stm32f4xx_nucleo.o
 .text.HAL_Init
                0x0800bfc8       0x44 ./Drivers/STM32F4xx_HAL_Driver/Src/stm32f4xx_hal.o
                0x0800bfc8                HAL_Init
 .text.HAL_InitTick
                0x0800c00c       0x60 ./Drivers/STM32F4xx_HAL_Driver/Src/stm32f4xx_hal.o
                0x0800c00c                HAL_InitTick
 .text.HAL_IncTick
                0x0800c06c       0x28 ./Drivers/STM32F4xx_HAL_Driver/Src/stm32f4xx_hal.o
                0x0800c06c                HAL_IncTick
 .text.HAL_GetTick
                0x0800c094       0x18 ./Drivers/STM32F4xx_HAL_Driver/Src/stm32f4xx_hal.o
                0x0800c094                HAL_GetTick
 .text.HAL_Delay
                0x0800c0ac       0x48 ./Drivers/STM32F4xx_HAL_Driver/Src/stm32f4xx_hal.o
                0x0800c0ac                HAL_Delay
 .text.__NVIC_SetPriorityGrouping
                0x0800c0f4       0x48 ./Drivers/STM32F4xx_HAL_Driver/Src/stm32f4xx_hal_cortex.o
 .text.__NVIC_GetPriorityGrouping
                0x0800c13c       0x1c ./Drivers/STM32F4xx_HAL_Driver/Src/stm32f4xx_hal_cortex.o
 .text.__NVIC_EnableIRQ
                0x0800c158       0x3c ./Drivers/STM32F4xx_HAL_Driver/Src/stm32f4xx_hal_cortex.o
 .text.__NVIC_SetPriority
                0x0800c194       0x54 ./Drivers/STM32F4xx_HAL_Driver/Src/stm32f4xx_hal_cortex.o
 .text.NVIC_EncodePriority
                0x0800c1e8       0x66 ./Drivers/STM32F4xx_HAL_Driver/Src/stm32f4xx_hal_cortex.o
 *fill*         0x0800c24e        0x2 
 .text.SysTick_Config
                0x0800c250       0x44 ./Drivers/STM32F4xx_HAL_Driver/Src/stm32f4xx_hal_cortex.o
 .text.HAL_NVIC_SetPriorityGrouping
                0x0800c294       0x16 ./Drivers/STM32F4xx_HAL_Driver/Src/stm32f4xx_hal_cortex.o
                0x0800c294                HAL_NVIC_SetPriorityGrouping
 .text.HAL_NVIC_SetPriority
                0x0800c2aa       0x38 ./Drivers/STM32F4xx_HAL_Driver/Src/stm32f4xx_hal_cortex.o
                0x0800c2aa                HAL_NVIC_SetPriority
 .text.HAL_NVIC_EnableIRQ
                0x0800c2e2       0x1c ./Drivers/STM32F4xx_HAL_Driver/Src/stm32f4xx_hal_cortex.o
                0x0800c2e2                HAL_NVIC_EnableIRQ
 .text.HAL_SYSTICK_Config
                0x0800c2fe       0x18 ./Drivers/STM32F4xx_HAL_Driver/Src/stm32f4xx_hal_cortex.o
                0x0800c2fe                HAL_SYSTICK_Config
 *fill*         0x0800c316        0x2 
 .text.HAL_DMA_Init
                0x0800c318      0x15c ./Drivers/STM32F4xx_HAL_Driver/Src/stm32f4xx_hal_dma.o
                0x0800c318                HAL_DMA_Init
 .text.HAL_DMA_Start_IT
                0x0800c474       0xb0 ./Drivers/STM32F4xx_HAL_Driver/Src/stm32f4xx_hal_dma.o
                0x0800c474                HAL_DMA_Start_IT
 .text.HAL_DMA_IRQHandler
                0x0800c524      0x314 ./Drivers/STM32F4xx_HAL_Driver/Src/stm32f4xx_hal_dma.o
                0x0800c524                HAL_DMA_IRQHandler
 .text.DMA_SetConfig
                0x0800c838       0x5c ./Drivers/STM32F4xx_HAL_Driver/Src/stm32f4xx_hal_dma.o
 .text.DMA_CalcBaseAndBitshift
                0x0800c894       0x6c ./Drivers/STM32F4xx_HAL_Driver/Src/stm32f4xx_hal_dma.o
 .text.DMA_CheckFifoParam
                0x0800c900       0xf8 ./Drivers/STM32F4xx_HAL_Driver/Src/stm32f4xx_hal_dma.o
 .text.HAL_EXTI_RegisterCallback
                0x0800c9f8       0x34 ./Drivers/STM32F4xx_HAL_Driver/Src/stm32f4xx_hal_exti.o
                0x0800c9f8                HAL_EXTI_RegisterCallback
 .text.HAL_EXTI_GetHandle
                0x0800ca2c       0x28 ./Drivers/STM32F4xx_HAL_Driver/Src/stm32f4xx_hal_exti.o
                0x0800ca2c                HAL_EXTI_GetHandle
 .text.HAL_GPIO_Init
                0x0800ca54      0x308 ./Drivers/STM32F4xx_HAL_Driver/Src/stm32f4xx_hal_gpio.o
                0x0800ca54                HAL_GPIO_Init
 .text.HAL_GPIO_DeInit
                0x0800cd5c      0x1c8 ./Drivers/STM32F4xx_HAL_Driver/Src/stm32f4xx_hal_gpio.o
                0x0800cd5c                HAL_GPIO_DeInit
 .text.HAL_GPIO_ReadPin
                0x0800cf24       0x30 ./Drivers/STM32F4xx_HAL_Driver/Src/stm32f4xx_hal_gpio.o
                0x0800cf24                HAL_GPIO_ReadPin
 .text.HAL_GPIO_WritePin
                0x0800cf54       0x32 ./Drivers/STM32F4xx_HAL_Driver/Src/stm32f4xx_hal_gpio.o
                0x0800cf54                HAL_GPIO_WritePin
 *fill*         0x0800cf86        0x2 
 .text.HAL_I2C_Init
                0x0800cf88      0x288 ./Drivers/STM32F4xx_HAL_Driver/Src/stm32f4xx_hal_i2c.o
                0x0800cf88                HAL_I2C_Init
 .text.HAL_I2C_DeInit
                0x0800d210       0x5e ./Drivers/STM32F4xx_HAL_Driver/Src/stm32f4xx_hal_i2c.o
                0x0800d210                HAL_I2C_DeInit
 .text.HAL_I2C_MspInit
                0x0800d26e       0x14 ./Drivers/STM32F4xx_HAL_Driver/Src/stm32f4xx_hal_i2c.o
                0x0800d26e                HAL_I2C_MspInit
 .text.HAL_I2C_MspDeInit
                0x0800d282       0x14 ./Drivers/STM32F4xx_HAL_Driver/Src/stm32f4xx_hal_i2c.o
                0x0800d282                HAL_I2C_MspDeInit
 *fill*         0x0800d296        0x2 
 .text.HAL_I2C_Master_Transmit
                0x0800d298      0x1fc ./Drivers/STM32F4xx_HAL_Driver/Src/stm32f4xx_hal_i2c.o
                0x0800d298                HAL_I2C_Master_Transmit
 .text.HAL_I2C_Master_Receive
                0x0800d494      0x464 ./Drivers/STM32F4xx_HAL_Driver/Src/stm32f4xx_hal_i2c.o
                0x0800d494                HAL_I2C_Master_Receive
 .text.HAL_I2C_Mem_Write
                0x0800d8f8      0x1f4 ./Drivers/STM32F4xx_HAL_Driver/Src/stm32f4xx_hal_i2c.o
                0x0800d8f8                HAL_I2C_Mem_Write
 .text.HAL_I2C_Mem_Read
                0x0800daec      0x464 ./Drivers/STM32F4xx_HAL_Driver/Src/stm32f4xx_hal_i2c.o
                0x0800daec                HAL_I2C_Mem_Read
 .text.HAL_I2C_GetState
                0x0800df50       0x1c ./Drivers/STM32F4xx_HAL_Driver/Src/stm32f4xx_hal_i2c.o
                0x0800df50                HAL_I2C_GetState
 .text.HAL_I2C_GetError
                0x0800df6c       0x18 ./Drivers/STM32F4xx_HAL_Driver/Src/stm32f4xx_hal_i2c.o
                0x0800df6c                HAL_I2C_GetError
 .text.I2C_MasterRequestWrite
                0x0800df84      0x104 ./Drivers/STM32F4xx_HAL_Driver/Src/stm32f4xx_hal_i2c.o
 .text.I2C_MasterRequestRead
                0x0800e088      0x19c ./Drivers/STM32F4xx_HAL_Driver/Src/stm32f4xx_hal_i2c.o
 .text.I2C_RequestMemoryWrite
                0x0800e224      0x12c ./Drivers/STM32F4xx_HAL_Driver/Src/stm32f4xx_hal_i2c.o
 .text.I2C_RequestMemoryRead
                0x0800e350      0x1d0 ./Drivers/STM32F4xx_HAL_Driver/Src/stm32f4xx_hal_i2c.o
 .text.I2C_WaitOnFlagUntilTimeout
                0x0800e520       0xf4 ./Drivers/STM32F4xx_HAL_Driver/Src/stm32f4xx_hal_i2c.o
 .text.I2C_WaitOnMasterAddressFlagUntilTimeout
                0x0800e614      0x140 ./Drivers/STM32F4xx_HAL_Driver/Src/stm32f4xx_hal_i2c.o
 .text.I2C_WaitOnTXEFlagUntilTimeout
                0x0800e754       0x90 ./Drivers/STM32F4xx_HAL_Driver/Src/stm32f4xx_hal_i2c.o
 .text.I2C_WaitOnBTFFlagUntilTimeout
                0x0800e7e4       0x90 ./Drivers/STM32F4xx_HAL_Driver/Src/stm32f4xx_hal_i2c.o
 .text.I2C_WaitOnRXNEFlagUntilTimeout
                0x0800e874       0xba ./Drivers/STM32F4xx_HAL_Driver/Src/stm32f4xx_hal_i2c.o
 .text.I2C_IsAcknowledgeFailed
                0x0800e92e       0x5e ./Drivers/STM32F4xx_HAL_Driver/Src/stm32f4xx_hal_i2c.o
 .text.HAL_RCC_OscConfig
                0x0800e98c      0x4f0 ./Drivers/STM32F4xx_HAL_Driver/Src/stm32f4xx_hal_rcc.o
                0x0800e98c                HAL_RCC_OscConfig
 .text.HAL_RCC_ClockConfig
                0x0800ee7c      0x1cc ./Drivers/STM32F4xx_HAL_Driver/Src/stm32f4xx_hal_rcc.o
                0x0800ee7c                HAL_RCC_ClockConfig
 .text.HAL_RCC_GetSysClockFreq
                0x0800f048      0x20c ./Drivers/STM32F4xx_HAL_Driver/Src/stm32f4xx_hal_rcc.o
                0x0800f048                HAL_RCC_GetSysClockFreq
 .text.HAL_RCC_GetHCLKFreq
                0x0800f254       0x18 ./Drivers/STM32F4xx_HAL_Driver/Src/stm32f4xx_hal_rcc.o
                0x0800f254                HAL_RCC_GetHCLKFreq
 .text.HAL_RCC_GetPCLK1Freq
                0x0800f26c       0x28 ./Drivers/STM32F4xx_HAL_Driver/Src/stm32f4xx_hal_rcc.o
                0x0800f26c                HAL_RCC_GetPCLK1Freq
 .text.HAL_RCC_GetPCLK2Freq
                0x0800f294       0x28 ./Drivers/STM32F4xx_HAL_Driver/Src/stm32f4xx_hal_rcc.o
                0x0800f294                HAL_RCC_GetPCLK2Freq
 .text.HAL_SPI_Init
                0x0800f2bc      0x112 ./Drivers/STM32F4xx_HAL_Driver/Src/stm32f4xx_hal_spi.o
                0x0800f2bc                HAL_SPI_Init
 .text.HAL_SPI_Transmit
                0x0800f3ce      0x288 ./Drivers/STM32F4xx_HAL_Driver/Src/stm32f4xx_hal_spi.o
                0x0800f3ce                HAL_SPI_Transmit
 .text.HAL_SPI_TransmitReceive
                0x0800f656      0x352 ./Drivers/STM32F4xx_HAL_Driver/Src/stm32f4xx_hal_spi.o
                0x0800f656                HAL_SPI_TransmitReceive
 .text.HAL_SPI_Transmit_DMA
                0x0800f9a8      0x164 ./Drivers/STM32F4xx_HAL_Driver/Src/stm32f4xx_hal_spi.o
                0x0800f9a8                HAL_SPI_Transmit_DMA
 .text.HAL_SPI_TransmitReceive_DMA
                0x0800fb0c      0x1f8 ./Drivers/STM32F4xx_HAL_Driver/Src/stm32f4xx_hal_spi.o
                0x0800fb0c                HAL_SPI_TransmitReceive_DMA
 .text.HAL_SPI_RxCpltCallback
                0x0800fd04       0x14 ./Drivers/STM32F4xx_HAL_Driver/Src/stm32f4xx_hal_spi.o
                0x0800fd04                HAL_SPI_RxCpltCallback
 .text.HAL_SPI_TxHalfCpltCallback
                0x0800fd18       0x14 ./Drivers/STM32F4xx_HAL_Driver/Src/stm32f4xx_hal_spi.o
                0x0800fd18                HAL_SPI_TxHalfCpltCallback
 .text.HAL_SPI_RxHalfCpltCallback
                0x0800fd2c       0x14 ./Drivers/STM32F4xx_HAL_Driver/Src/stm32f4xx_hal_spi.o
                0x0800fd2c                HAL_SPI_RxHalfCpltCallback
 .text.HAL_SPI_TxRxHalfCpltCallback
                0x0800fd40       0x14 ./Drivers/STM32F4xx_HAL_Driver/Src/stm32f4xx_hal_spi.o
                0x0800fd40                HAL_SPI_TxRxHalfCpltCallback
 .text.HAL_SPI_ErrorCallback
                0x0800fd54       0x14 ./Drivers/STM32F4xx_HAL_Driver/Src/stm32f4xx_hal_spi.o
                0x0800fd54                HAL_SPI_ErrorCallback
 .text.SPI_DMATransmitCplt
                0x0800fd68       0xa8 ./Drivers/STM32F4xx_HAL_Driver/Src/stm32f4xx_hal_spi.o
 .text.SPI_DMAReceiveCplt
                0x0800fe10       0xa8 ./Drivers/STM32F4xx_HAL_Driver/Src/stm32f4xx_hal_spi.o
 .text.SPI_DMATransmitReceiveCplt
                0x0800feb8       0x90 ./Drivers/STM32F4xx_HAL_Driver/Src/stm32f4xx_hal_spi.o
 .text.SPI_DMAHalfTransmitCplt
                0x0800ff48       0x1c ./Drivers/STM32F4xx_HAL_Driver/Src/stm32f4xx_hal_spi.o
 .text.SPI_DMAHalfReceiveCplt
                0x0800ff64       0x1c ./Drivers/STM32F4xx_HAL_Driver/Src/stm32f4xx_hal_spi.o
 .text.SPI_DMAHalfTransmitReceiveCplt
                0x0800ff80       0x1c ./Drivers/STM32F4xx_HAL_Driver/Src/stm32f4xx_hal_spi.o
 .text.SPI_DMAError
                0x0800ff9c       0x40 ./Drivers/STM32F4xx_HAL_Driver/Src/stm32f4xx_hal_spi.o
 .text.SPI_WaitFlagStateUntilTimeout
                0x0800ffdc      0x110 ./Drivers/STM32F4xx_HAL_Driver/Src/stm32f4xx_hal_spi.o
 .text.SPI_EndRxTransaction
                0x080100ec       0xca ./Drivers/STM32F4xx_HAL_Driver/Src/stm32f4xx_hal_spi.o
 *fill*         0x080101b6        0x2 
 .text.SPI_EndRxTxTransaction
                0x080101b8       0xa8 ./Drivers/STM32F4xx_HAL_Driver/Src/stm32f4xx_hal_spi.o
 .text.HAL_TIM_Base_Init
                0x08010260       0x9e ./Drivers/STM32F4xx_HAL_Driver/Src/stm32f4xx_hal_tim.o
                0x08010260                HAL_TIM_Base_Init
 *fill*         0x080102fe        0x2 
 .text.HAL_TIM_Base_Start_IT
                0x08010300       0xc4 ./Drivers/STM32F4xx_HAL_Driver/Src/stm32f4xx_hal_tim.o
                0x08010300                HAL_TIM_Base_Start_IT
 .text.HAL_TIM_IRQHandler
                0x080103c4      0x1e0 ./Drivers/STM32F4xx_HAL_Driver/Src/stm32f4xx_hal_tim.o
                0x080103c4                HAL_TIM_IRQHandler
 .text.HAL_TIM_ConfigClockSource
                0x080105a4      0x18e ./Drivers/STM32F4xx_HAL_Driver/Src/stm32f4xx_hal_tim.o
                0x080105a4                HAL_TIM_ConfigClockSource
 .text.HAL_TIM_OC_DelayElapsedCallback
                0x08010732       0x14 ./Drivers/STM32F4xx_HAL_Driver/Src/stm32f4xx_hal_tim.o
                0x08010732                HAL_TIM_OC_DelayElapsedCallback
 .text.HAL_TIM_IC_CaptureCallback
                0x08010746       0x14 ./Drivers/STM32F4xx_HAL_Driver/Src/stm32f4xx_hal_tim.o
                0x08010746                HAL_TIM_IC_CaptureCallback
 .text.HAL_TIM_PWM_PulseFinishedCallback
                0x0801075a       0x14 ./Drivers/STM32F4xx_HAL_Driver/Src/stm32f4xx_hal_tim.o
                0x0801075a                HAL_TIM_PWM_PulseFinishedCallback
 .text.HAL_TIM_TriggerCallback
                0x0801076e       0x14 ./Drivers/STM32F4xx_HAL_Driver/Src/stm32f4xx_hal_tim.o
                0x0801076e                HAL_TIM_TriggerCallback
 *fill*         0x08010782        0x2 
 .text.TIM_Base_SetConfig
                0x08010784      0x10c ./Drivers/STM32F4xx_HAL_Driver/Src/stm32f4xx_hal_tim.o
                0x08010784                TIM_Base_SetConfig
 .text.TIM_TI1_ConfigInputStage
                0x08010890       0x5e ./Drivers/STM32F4xx_HAL_Driver/Src/stm32f4xx_hal_tim.o
 .text.TIM_TI2_ConfigInputStage
                0x080108ee       0x60 ./Drivers/STM32F4xx_HAL_Driver/Src/stm32f4xx_hal_tim.o
 .text.TIM_ITRx_SetConfig
                0x0801094e       0x36 ./Drivers/STM32F4xx_HAL_Driver/Src/stm32f4xx_hal_tim.o
 .text.TIM_ETR_SetConfig
                0x08010984       0x40 ./Drivers/STM32F4xx_HAL_Driver/Src/stm32f4xx_hal_tim.o
                0x08010984                TIM_ETR_SetConfig
 .text.HAL_TIMEx_MasterConfigSynchronization
                0x080109c4       0xdc ./Drivers/STM32F4xx_HAL_Driver/Src/stm32f4xx_hal_tim_ex.o
                0x080109c4                HAL_TIMEx_MasterConfigSynchronization
 .text.HAL_TIMEx_CommutCallback
                0x08010aa0       0x14 ./Drivers/STM32F4xx_HAL_Driver/Src/stm32f4xx_hal_tim_ex.o
                0x08010aa0                HAL_TIMEx_CommutCallback
 .text.HAL_TIMEx_BreakCallback
                0x08010ab4       0x14 ./Drivers/STM32F4xx_HAL_Driver/Src/stm32f4xx_hal_tim_ex.o
                0x08010ab4                HAL_TIMEx_BreakCallback
 .text.HAL_UART_Init
                0x08010ac8       0xa0 ./Drivers/STM32F4xx_HAL_Driver/Src/stm32f4xx_hal_uart.o
                0x08010ac8                HAL_UART_Init
 .text.HAL_UART_MspInit
                0x08010b68       0x14 ./Drivers/STM32F4xx_HAL_Driver/Src/stm32f4xx_hal_uart.o
                0x08010b68                HAL_UART_MspInit
 .text.UART_SetConfig
                0x08010b7c      0x4e8 ./Drivers/STM32F4xx_HAL_Driver/Src/stm32f4xx_hal_uart.o
 .text.get_fattime
                0x08011064       0x10 ./FATFS/App/fatfs.o
                0x08011064                get_fattime
 .text.MX_MEMS_Init
                0x08011074        0xc ./MEMS/App/app_mems.o
                0x08011074                MX_MEMS_Init
 .text.MX_IKS4A1_DataLogTerminal_Init
                0x08011080      0x3f0 ./MEMS/App/app_mems.o
 .text.BSP_PB_Callback
                0x08011470       0x20 ./MEMS/App/app_mems.o
                0x08011470                BSP_PB_Callback
 .text.floatToInt
                0x08011490      0x100 ./MEMS/App/app_mems.o
 .text.disk_status
                0x08011590       0x34 ./Middlewares/Third_Party/FatFs/src/diskio.o
                0x08011590                disk_status
 .text.disk_initialize
                0x080115c4       0x50 ./Middlewares/Third_Party/FatFs/src/diskio.o
                0x080115c4                disk_initialize
 .text.disk_read
                0x08011614       0x40 ./Middlewares/Third_Party/FatFs/src/diskio.o
                0x08011614                disk_read
 .text.disk_write
                0x08011654       0x40 ./Middlewares/Third_Party/FatFs/src/diskio.o
                0x08011654                disk_write
 .text.disk_ioctl
                0x08011694       0x3c ./Middlewares/Third_Party/FatFs/src/diskio.o
                0x08011694                disk_ioctl
 .text.ld_word  0x080116d0       0x32 ./Middlewares/Third_Party/FatFs/src/ff.o
 .text.ld_dword
                0x08011702       0x46 ./Middlewares/Third_Party/FatFs/src/ff.o
 .text.st_word  0x08011748       0x36 ./Middlewares/Third_Party/FatFs/src/ff.o
 .text.st_dword
                0x0801177e       0x58 ./Middlewares/Third_Party/FatFs/src/ff.o
 .text.mem_cpy  0x080117d6       0x42 ./Middlewares/Third_Party/FatFs/src/ff.o
 .text.mem_set  0x08011818       0x36 ./Middlewares/Third_Party/FatFs/src/ff.o
 .text.mem_cmp  0x0801184e       0x4e ./Middlewares/Third_Party/FatFs/src/ff.o
 .text.chk_chr  0x0801189c       0x36 ./Middlewares/Third_Party/FatFs/src/ff.o
 *fill*         0x080118d2        0x2 
 .text.chk_lock
                0x080118d4       0xb8 ./Middlewares/Third_Party/FatFs/src/ff.o
 .text.enq_lock
                0x0801198c       0x44 ./Middlewares/Third_Party/FatFs/src/ff.o
 .text.inc_lock
                0x080119d0      0x11c ./Middlewares/Third_Party/FatFs/src/ff.o
 .text.dec_lock
                0x08011aec       0x78 ./Middlewares/Third_Party/FatFs/src/ff.o
 .text.clear_lock
                0x08011b64       0x48 ./Middlewares/Third_Party/FatFs/src/ff.o
 .text.sync_window
                0x08011bac       0x88 ./Middlewares/Third_Party/FatFs/src/ff.o
 .text.move_window
                0x08011c34       0x5a ./Middlewares/Third_Party/FatFs/src/ff.o
 *fill*         0x08011c8e        0x2 
 .text.sync_fs  0x08011c90       0xdc ./Middlewares/Third_Party/FatFs/src/ff.o
 .text.clust2sect
                0x08011d6c       0x3e ./Middlewares/Third_Party/FatFs/src/ff.o
 .text.get_fat  0x08011daa      0x14e ./Middlewares/Third_Party/FatFs/src/ff.o
 .text.put_fat  0x08011ef8      0x1d4 ./Middlewares/Third_Party/FatFs/src/ff.o
 .text.remove_chain
                0x080120cc       0xca ./Middlewares/Third_Party/FatFs/src/ff.o
 .text.create_chain
                0x08012196      0x130 ./Middlewares/Third_Party/FatFs/src/ff.o
 .text.clmt_clust
                0x080122c6       0x68 ./Middlewares/Third_Party/FatFs/src/ff.o
 .text.dir_sdi  0x0801232e       0xf6 ./Middlewares/Third_Party/FatFs/src/ff.o
 .text.dir_next
                0x08012424      0x18a ./Middlewares/Third_Party/FatFs/src/ff.o
 .text.dir_alloc
                0x080125ae       0x8e ./Middlewares/Third_Party/FatFs/src/ff.o
 .text.ld_clust
                0x0801263c       0x3e ./Middlewares/Third_Party/FatFs/src/ff.o
 .text.st_clust
                0x0801267a       0x40 ./Middlewares/Third_Party/FatFs/src/ff.o
 *fill*         0x080126ba        0x2 
 .text.cmp_lfn  0x080126bc       0xe0 ./Middlewares/Third_Party/FatFs/src/ff.o
 .text.put_lfn  0x0801279c       0xd0 ./Middlewares/Third_Party/FatFs/src/ff.o
 .text.gen_numname
                0x0801286c      0x11c ./Middlewares/Third_Party/FatFs/src/ff.o
 .text.sum_sfn  0x08012988       0x42 ./Middlewares/Third_Party/FatFs/src/ff.o
 .text.dir_find
                0x080129ca      0x180 ./Middlewares/Third_Party/FatFs/src/ff.o
 *fill*         0x08012b4a        0x2 
 .text.dir_register
                0x08012b4c      0x1f0 ./Middlewares/Third_Party/FatFs/src/ff.o
 .text.create_name
                0x08012d3c      0x370 ./Middlewares/Third_Party/FatFs/src/ff.o
 .text.follow_path
                0x080130ac       0xe2 ./Middlewares/Third_Party/FatFs/src/ff.o
 .text.get_ldnumber
                0x0801318e       0x88 ./Middlewares/Third_Party/FatFs/src/ff.o
 *fill*         0x08013216        0x2 
 .text.check_fs
                0x08013218       0xac ./Middlewares/Third_Party/FatFs/src/ff.o
 .text.find_volume
                0x080132c4      0x498 ./Middlewares/Third_Party/FatFs/src/ff.o
 .text.validate
                0x0801375c       0x6a ./Middlewares/Third_Party/FatFs/src/ff.o
 *fill*         0x080137c6        0x2 
 .text.f_mount  0x080137c8       0x8c ./Middlewares/Third_Party/FatFs/src/ff.o
                0x080137c8                f_mount
 .text.f_open   0x08013854      0x394 ./Middlewares/Third_Party/FatFs/src/ff.o
                0x08013854                f_open
 .text.f_write  0x08013be8      0x2ea ./Middlewares/Third_Party/FatFs/src/ff.o
                0x08013be8                f_write
 .text.f_sync   0x08013ed2       0xfc ./Middlewares/Third_Party/FatFs/src/ff.o
                0x08013ed2                f_sync
 .text.f_close  0x08013fce       0x54 ./Middlewares/Third_Party/FatFs/src/ff.o
                0x08013fce                f_close
 .text.f_lseek  0x08014022      0x412 ./Middlewares/Third_Party/FatFs/src/ff.o
                0x08014022                f_lseek
 .text.f_getfree
                0x08014434      0x16a ./Middlewares/Third_Party/FatFs/src/ff.o
                0x08014434                f_getfree
 *fill*         0x0801459e        0x2 
 .text.FATFS_LinkDriverEx
                0x080145a0       0x98 ./Middlewares/Third_Party/FatFs/src/ff_gen_drv.o
                0x080145a0                FATFS_LinkDriverEx
 .text.FATFS_LinkDriver
                0x08014638       0x1e ./Middlewares/Third_Party/FatFs/src/ff_gen_drv.o
                0x08014638                FATFS_LinkDriver
 *fill*         0x08014656        0x2 
 .text.ff_convert
                0x08014658       0x78 ./Middlewares/Third_Party/FatFs/src/option/ccsbcs.o
                0x08014658                ff_convert
 .text.ff_wtoupper