Archive member included to satisfy reference by file (symbol)

C:/ST/STM32CubeIDE_1.19.0/STM32CubeIDE/plugins/com.st.stm32cube.ide.mcu.externaltools.gnu-tools-for-stm32.13.3.rel1.win32_1.0.0.202411081344/tools/bin/../lib/gcc/arm-none-eabi/13.3.1/../../../../arm-none-eabi/lib/thumb/v7e-m+fp/hard\libc_nano.a(libc_a-atoi.o)
                              ./Core/Src/sd_functions.o (atoi)
C:/ST/STM32CubeIDE_1.19.0/STM32CubeIDE/plugins/com.st.stm32cube.ide.mcu.externaltools.gnu-tools-for-stm32.13.3.rel1.win32_1.0.0.202411081344/tools/bin/../lib/gcc/arm-none-eabi/13.3.1/../../../../arm-none-eabi/lib/thumb/v7e-m+fp/hard\libc_nano.a(libc_a-exit.o)
                              C:/ST/STM32CubeIDE_1.19.0/STM32CubeIDE/plugins/com.st.stm32cube.ide.mcu.externaltools.gnu-tools-for-stm32.13.3.rel1.win32_1.0.0.202411081344/tools/bin/../lib/gcc/arm-none-eabi/13.3.1/../../../../arm-none-eabi/lib/thumb/v7e-m+fp/hard/crt0.o (exit)
C:/ST/STM32CubeIDE_1.19.0/STM32CubeIDE/plugins/com.st.stm32cube.ide.mcu.externaltools.gnu-tools-for-stm32.13.3.rel1.win32_1.0.0.202411081344/tools/bin/../lib/gcc/arm-none-eabi/13.3.1/../../../../arm-none-eabi/lib/thumb/v7e-m+fp/hard\libc_nano.a(libc_a-malloc.o)
                              ./Middlewares/Third_Party/FatFs/src/option/syscall.o (malloc)
C:/ST/STM32CubeIDE_1.19.0/STM32CubeIDE/plugins/com.st.stm32cube.ide.mcu.externaltools.gnu-tools-for-stm32.13.3.rel1.win32_1.0.0.202411081344/tools/bin/../lib/gcc/arm-none-eabi/13.3.1/../../../../arm-none-eabi/lib/thumb/v7e-m+fp/hard\libc_nano.a(libc_a-mallocr.o)
                              C:/ST/STM32CubeIDE_1.19.0/STM32CubeIDE/plugins/com.st.stm32cube.ide.mcu.externaltools.gnu-tools-for-stm32.13.3.rel1.win32_1.0.0.202411081344/tools/bin/../lib/gcc/arm-none-eabi/13.3.1/../../../../arm-none-eabi/lib/thumb/v7e-m+fp/hard\libc_nano.a(libc_a-malloc.o) (_malloc_r)
C:/ST/STM32CubeIDE_1.19.0/STM32CubeIDE/plugins/com.st.stm32cube.ide.mcu.externaltools.gnu-tools-for-stm32.13.3.rel1.win32_1.0.0.202411081344/tools/bin/../lib/gcc/arm-none-eabi/13.3.1/../../../../arm-none-eabi/lib/thumb/v7e-m+fp/hard\libc_nano.a(libc_a-mlock.o)
                              C:/ST/STM32CubeIDE_1.19.0/STM32CubeIDE/plugins/com.st.stm32cube.ide.mcu.externaltools.gnu-tools-for-stm32.13.3.rel1.win32_1.0.0.202411081344/tools/bin/../lib/gcc/arm-none-eabi/13.3.1/../../../../arm-none-eabi/lib/thumb/v7e-m+fp/hard\libc_nano.a(libc_a-mallocr.o) (__malloc_lock)
C:/ST/STM32CubeIDE_1.19.0/STM32CubeIDE/plugins/com.st.stm32cube.ide.mcu.externaltools.gnu-tools-for-stm32.13.3.rel1.win32_1.0.0.202411081344/tools/bin/../lib/gcc/arm-none-eabi/13.3.1/../../../../arm-none-eabi/lib/thumb/v7e-m+fp/hard\libc_nano.a(libc_a-strtol.o)
                              C:/ST/STM32CubeIDE_1.19.0/STM32CubeIDE/plugins/com.st.stm32cube.ide.mcu.externaltools.gnu-tools-for-stm32.13.3.rel1.win32_1.0.0.202411081344/tools/bin/../lib/gcc/arm-none-eabi/13.3.1/../../../../arm-none-eabi/lib/thumb/v7e-m+fp/hard\libc_nano.a(libc_a-atoi.o) (_strtol_r)
C:/ST/STM32CubeIDE_1.19.0/STM32CubeIDE/plugins/com.st.stm32cube.ide.mcu.externaltools.gnu-tools-for-stm32.13.3.rel1.win32_1.0.0.202411081344/tools/bin/../lib/gcc/arm-none-eabi/13.3.1/../../../../arm-none-eabi/lib/thumb/v7e-m+fp/hard\libc_nano.a(libc_a-ctype_.o)
                              C:/ST/STM32CubeIDE_1.19.0/STM32CubeIDE/plugins/com.st.stm32cube.ide.mcu.externaltools.gnu-tools-for-stm32.13.3.rel1.win32_1.0.0.202411081344/tools/bin/../lib/gcc/arm-none-eabi/13.3.1/../../../../arm-none-eabi/lib/thumb/v7e-m+fp/hard\libc_nano.a(libc_a-strtol.o) (_ctype_)
C:/ST/STM32CubeIDE_1.19.0/STM32CubeIDE/plugins/com.st.stm32cube.ide.mcu.externaltools.gnu-tools-for-stm32.13.3.rel1.win32_1.0.0.202411081344/tools/bin/../lib/gcc/arm-none-eabi/13.3.1/../../../../arm-none-eabi/lib/thumb/v7e-m+fp/hard\libc_nano.a(libc_a-findfp.o)
                              C:/ST/STM32CubeIDE_1.19.0/STM32CubeIDE/plugins/com.st.stm32cube.ide.mcu.externaltools.gnu-tools-for-stm32.13.3.rel1.win32_1.0.0.202411081344/tools/bin/../lib/gcc/arm-none-eabi/13.3.1/../../../../arm-none-eabi/lib/thumb/v7e-m+fp/hard\libc_nano.a(libc_a-exit.o) (__stdio_exit_handler)
C:/ST/STM32CubeIDE_1.19.0/STM32CubeIDE/plugins/com.st.stm32cube.ide.mcu.externaltools.gnu-tools-for-stm32.13.3.rel1.win32_1.0.0.202411081344/tools/bin/../lib/gcc/arm-none-eabi/13.3.1/../../../../arm-none-eabi/lib/thumb/v7e-m+fp/hard\libc_nano.a(libc_a-fwalk.o)
                              C:/ST/STM32CubeIDE_1.19.0/STM32CubeIDE/plugins/com.st.stm32cube.ide.mcu.externaltools.gnu-tools-for-stm32.13.3.rel1.win32_1.0.0.202411081344/tools/bin/../lib/gcc/arm-none-eabi/13.3.1/../../../../arm-none-eabi/lib/thumb/v7e-m+fp/hard\libc_nano.a(libc_a-findfp.o) (_fwalk_sglue)
C:/ST/STM32CubeIDE_1.19.0/STM32CubeIDE/plugins/com.st.stm32cube.ide.mcu.externaltools.gnu-tools-for-stm32.13.3.rel1.win32_1.0.0.202411081344/tools/bin/../lib/gcc/arm-none-eabi/13.3.1/../../../../arm-none-eabi/lib/thumb/v7e-m+fp/hard\libc_nano.a(libc_a-printf.o)
[...]
Memory Configuration

Name             Origin             Length             Attributes
RAM              0x20000000         0x00018000         xrw
FLASH            0x08000000         0x00080000         xr
*default*        0x00000000         0xffffffff

Linker script and memory map

LOAD C:/ST/STM32CubeIDE_1.19.0/STM32CubeIDE/plugins/com.st.stm32cube.ide.mcu.externaltools.gnu-tools-for-stm32.13.3.rel1.win32_1.0.0.202411081344/tools/bin/../lib/gcc/arm-none-eabi/13.3.1/thumb/v7e-m+fp/hard/crti.o
LOAD C:/ST/STM32CubeIDE_1.19.0/STM32CubeIDE/plugins/com.st.stm32cube.ide.mcu.externaltools.gnu-tools-for-stm32.13.3.rel1.win32_1.0.0.202411081344/tools/bin/../lib/gcc/arm-none-eabi/13.3.1/thumb/v7e-m+fp/hard/crtbegin.o
LOAD C:/ST/STM32CubeIDE_1.19.0/STM32CubeIDE/plugins/com.st.stm32cube.ide.mcu.externaltools.gnu-tools-for-stm32.13.3.rel1.win32_1.0.0.202411081344/tools/bin/../lib/gcc/arm-none-eabi/13.3.1/../../../../arm-none-eabi/lib/thumb/v7e-m+fp/hard/crt0.o
LOAD ./Core/Src/main.o
LOAD ./Core/Src/sd_benchmark.o
LOAD ./Core/Src/sd_diskio_spi.o
LOAD ./Core/Src/sd_functions.o
LOAD ./Core/Src/sd_spi.o
LOAD ./Core/Src/stm32f4xx_hal_msp.o
LOAD ./Core/Src/stm32f4xx_it.o
LOAD ./Core/Src/stm32f4xx_nucleo_bus.o
LOAD ./Core/Src/syscalls.o
LOAD ./Core/Src/sysmem.o
LOAD ./Core/Src/system_stm32f4xx.o
LOAD ./Core/Startup/startup_stm32f401retx.o
LOAD ./Drivers/BSP/Components/lis2duxs12/lis2duxs12.o
LOAD ./Drivers/BSP/Components/lis2duxs12/lis2duxs12_reg.o
LOAD ./Drivers/BSP/Components/lis2mdl/lis2mdl.o
LOAD ./Drivers/BSP/Components/lis2mdl/lis2mdl_reg.o
LOAD ./Drivers/BSP/Components/lps22df/lps22df.o
LOAD ./Drivers/BSP/Components/lps22df/lps22df_reg.o
LOAD ./Drivers/BSP/Components/lsm6dso16is/lsm6dso16is.o
LOAD ./Drivers/BSP/Components/lsm6dso16is/lsm6dso16is_reg.o
LOAD ./Drivers/BSP/Components/lsm6dsv16x/lsm6dsv16x.o
LOAD ./Drivers/BSP/Components/lsm6dsv16x/lsm6dsv16x_reg.o
LOAD ./Drivers/BSP/Components/sht40ad1b/sht40ad1b.o
LOAD ./Drivers/BSP/Components/sht40ad1b/sht40ad1b_reg.o
LOAD ./Drivers/BSP/Components/stts22h/stts22h.o
LOAD ./Drivers/BSP/Components/stts22h/stts22h_reg.o
LOAD ./Drivers/BSP/IKS4A1/iks4a1_env_sensors.o
LOAD ./Drivers/BSP/IKS4A1/iks4a1_env_sensors_ex.o
LOAD ./Drivers/BSP/IKS4A1/iks4a1_motion_sensors.o
LOAD ./Drivers/BSP/IKS4A1/iks4a1_motion_sensors_ex.o
LOAD ./Drivers/BSP/STM32F4xx_Nucleo/stm32f4xx_nucleo.o
LOAD ./Drivers/STM32F4xx_HAL_Driver/Src/stm32f4xx_hal.o
LOAD ./Drivers/STM32F4xx_HAL_Driver/Src/stm32f4xx_hal_cortex.o
LOAD ./Drivers/STM32F4xx_HAL_Driver/Src/stm32f4xx_hal_dma.o
LOAD ./Drivers/STM32F4xx_HAL_Driver/Src/stm32f4xx_hal_dma_ex.o
LOAD ./Drivers/STM32F4xx_HAL_Driver/Src/stm32f4xx_hal_exti.o
LOAD ./Drivers/STM32F4xx_HAL_Driver/Src/stm32f4xx_hal_flash.o
LOAD ./Drivers/STM32F4xx_HAL_Driver/Src/stm32f4xx_hal_flash_ex.o
LOAD ./Drivers/STM32F4xx_HAL_Driver/Src/stm32f4xx_hal_flash_ramfunc.o
LOAD ./Drivers/STM32F4xx_HAL_Driver/Src/stm32f4xx_hal_gpio.o
LOAD ./Drivers/STM32F4xx_HAL_Driver/Src/stm32f4xx_hal_i2c.o
LOAD ./Drivers/STM32F4xx_HAL_Driver/Src/stm32f4xx_hal_i2c_ex.o
LOAD ./Drivers/STM32F4xx_HAL_Driver/Src/stm32f4xx_hal_pwr.o
LOAD ./Drivers/STM32F4xx_HAL_Driver/Src/stm32f4xx_hal_pwr_ex.o
LOAD ./Drivers/STM32F4xx_HAL_Driver/Src/stm32f4xx_hal_rcc.o
LOAD ./Drivers/STM32F4xx_HAL_Driver/Src/stm32f4xx_hal_rcc_ex.o
LOAD ./Drivers/STM32F4xx_HAL_Driver/Src/stm32f4xx_hal_spi.o
LOAD ./Drivers/STM32F4xx_HAL_Driver/Src/stm32f4xx_hal_tim.o
LOAD ./Drivers/STM32F4xx_HAL_Driver/Src/stm32f4xx_hal_tim_ex.o
LOAD ./Drivers/STM32F4xx_HAL_Driver/Src/stm32f4xx_hal_uart.o
LOAD ./FATFS/App/fatfs.o
LOAD ./FATFS/Target/user_diskio.o
LOAD ./MEMS/App/app_mems.o
LOAD ./Middlewares/Third_Party/FatFs/src/diskio.o
LOAD ./Middlewares/Third_Party/FatFs/src/ff.o
LOAD ./Middlewares/Third_Party/FatFs/src/ff_gen_drv.o
LOAD ./Middlewares/Third_Party/FatFs/src/option/ccsbcs.o
LOAD ./Middlewares/Third_Party/FatFs/src/option/syscall.o
START GROUP
LOAD C:/ST/STM32CubeIDE_1.19.0/STM32CubeIDE/plugins/com.st.stm32cube.ide.mcu.externaltools.gnu-tools-for-stm32.13.3.rel1.win32_1.0.0.202411081344/tools/bin/../lib/gcc/arm-none-eabi/13.3.1/../../../../arm-none-eabi/lib/thumb/v7e-m+fp/hard\libc_nano.a
LOAD C:/ST/STM32CubeIDE_1.19.0/STM32CubeIDE/plugins/com.st.stm32cube.ide.mcu.externaltools.gnu-tools-for-stm32.13.3.rel1.win32_1.0.0.202411081344/tools/bin/../lib/gcc/arm-none-eabi/13.3.1/../../../../arm-none-eabi/lib/thumb/v7e-m+fp/hard\libm.a
END GROUP
START GROUP
LOAD C:/ST/STM32CubeIDE_1.19.0/STM32CubeIDE/plugins/com.st.stm32cube.ide.mcu.externaltools.gnu-tools-for-stm32.13.3.rel1.win32_1.0.0.202411081344/tools/bin/../lib/gcc/arm-none-eabi/13.3.1/thumb/v7e-m+fp/hard\libgcc.a
LOAD C:/ST/STM32CubeIDE_1.19.0/STM32CubeIDE/plugins/com.st.stm32cube.ide.mcu.externaltools.gnu-tools-for-stm32.13.3.rel1.win32_1.0.0.202411081344/tools/bin/../lib/gcc/arm-none-eabi/13.3.1/../../../../arm-none-eabi/lib/thumb/v7e-m+fp/hard\libc_nano.a
END GROUP
START GROUP
LOAD C:/ST/STM32CubeIDE_1.19.0/STM32CubeIDE/plugins/com.st.stm32cube.ide.mcu.externaltools.gnu-tools-for-stm32.13.3.rel1.win32_1.0.0.202411081344/tools/bin/../lib/gcc/arm-none-eabi/13.3.1/thumb/v7e-m+fp/hard\libgcc.a
LOAD C:/ST/STM32CubeIDE_1.19.0/STM32CubeIDE/plugins/com.st.stm32cube.ide.mcu.externaltools.gnu-tools-for-stm32.13.3.rel1.win32_1.0.0.202411081344/tools/bin/../lib/gcc/arm-none-eabi/13.3.1/../../../../arm-none-eabi/lib/thumb/v7e-m+fp/hard\libc_nano.a
LOAD C:/ST/STM32CubeIDE_1.19.0/STM32CubeIDE/plugins/com.st.stm32cube.ide.mcu.externaltools.gnu-tools-for-stm32.13.3.rel1.win32_1.0.0.202411081344/tools/bin/../lib/gcc/arm-none-eabi/13.3.1/../../../../arm-none-eabi/lib/thumb/v7e-m+fp/hard\libnosys.a
END GROUP
START GROUP
LOAD C:/ST/STM32CubeIDE_1.19.0/STM32CubeIDE/plugins/com.st.stm32cube.ide.mcu.externaltools.gnu-tools-for-stm32.13.3.rel1.win32_1.0.0.202411081344/tools/bin/../lib/gcc/arm-none-eabi/13.3.1/thumb/v7e-m+fp/hard\libgcc.a
LOAD C:/ST/STM32CubeIDE_1.19.0/STM32CubeIDE/plugins/com.st.stm32cube.ide.mcu.externaltools.gnu-tools-for-stm32.13.3.rel1.win32_1.0.0.202411081344/tools/bin/../lib/gcc/arm-none-eabi/13.3.1/../../../../arm-none-eabi/lib/thumb/v7e-m+fp/hard\libc_nano.a
LOAD C:/ST/STM32CubeIDE_1.19.0/STM32CubeIDE/plugins/com.st.stm32cube.ide.mcu.externaltools.gnu-tools-for-stm32.13.3.rel1.win32_1.0.0.202411081344/tools/bin/../lib/gcc/arm-none-eabi/13.3.1/../../../../arm-none-eabi/lib/thumb/v7e-m+fp/hard\libnosys.a
END GROUP
LOAD C:/ST/STM32CubeIDE_1.19.0/STM32CubeIDE/plugins/com.st.stm32cube.ide.mcu.externaltools.gnu-tools-for-stm32.13.3.rel1.win32_1.0.0.202411081344/tools/bin/../lib/gcc/arm-none-eabi/13.3.1/thumb/v7e-m+fp/hard/crtend.o
LOAD C:/ST/STM32CubeIDE_1.19.0/STM32CubeIDE/plugins/com.st.stm32cube.ide.mcu.externaltools.gnu-tools-for-stm32.13.3.rel1.win32_1.0.0.202411081344/tools/bin/../lib/gcc/arm-none-eabi/13.3.1/thumb/v7e-m+fp/hard/crtn.o
                0x20018000                        _estack = (ORIGIN (RAM) + LENGTH (RAM))
                0x00000200                        _Min_Heap_Size = 0x200
                0x00000400                        _Min_Stack_Size = 0x400

.isr_vector     0x08000000      0x194
                0x08000000                        . = ALIGN (0x4)
 *(.isr_vector)
 .isr_vector    0x08000000      0x194 ./Core/Startup/startup_stm32f401retx.o
                0x08000000                g_pfnVectors
                0x08000194                        . = ALIGN (0x4)

.text           0x080001a0    0x1779c
                0x080001a0                        . = ALIGN (0x4)
 *(.text)
 .text          0x080001a0       0x40 C:/ST/STM32CubeIDE_1.19.0/STM32CubeIDE/plugins/com.st.stm32cube.ide.mcu.externaltools.gnu-tools-for-stm32.13.3.rel1.win32_1.0.0.202411081344/tools/bin/../lib/gcc/arm-none-eabi/13.3.1/thumb/v7e-m+fp/hard/crtbegin.o
 .text          0x080001e0       0x10 C:/ST/STM32CubeIDE_1.19.0/STM32CubeIDE/plugins/com.st.stm32cube.ide.mcu.externaltools.gnu-tools-for-stm32.13.3.rel1.win32_1.0.0.202411081344/tools/bin/../lib/gcc/arm-none-eabi/13.3.1/../../../../arm-none-eabi/lib/thumb/v7e-m+fp/hard\libc_nano.a(libc_a-strlen.o)
                0x080001e0                strlen
 .text          0x080001f0       0xa0 C:/ST/STM32CubeIDE_1.19.0/STM32CubeIDE/plugins/com.st.stm32cube.ide.mcu.externaltools.gnu-tools-for-stm32.13.3.rel1.win32_1.0.0.202411081344/tools/bin/../lib/gcc/arm-none-eabi/13.3.1/../../../../arm-none-eabi/lib/thumb/v7e-m+fp/hard\libc_nano.a(libc_a-memchr.o)
                0x080001f0                memchr
 .text          0x08000290      0x378 C:/ST/STM32CubeIDE_1.19.0/STM32CubeIDE/plugins/com.st.stm32cube.ide.mcu.externaltools.gnu-tools-for-stm32.13.3.rel1.win32_1.0.0.202411081344/tools/bin/../lib/gcc/arm-none-eabi/13.3.1/thumb/v7e-m+fp/hard\libgcc.a(_arm_addsubdf3.o)
                0x08000290                __aeabi_drsub
                0x08000298                __aeabi_dsub
                0x08000298                __subdf3
                0x0800029c                __aeabi_dadd
                0x0800029c                __adddf3
                0x08000514                __floatunsidf
                0x08000514                __aeabi_ui2d
                0x08000534                __floatsidf
                0x08000534                __aeabi_i2d
                0x08000558                __aeabi_f2d
                0x08000558                __extendsfdf2
                0x0800059c                __floatundidf
                0x0800059c                __aeabi_ul2d
                0x080005ac                __floatdidf
                0x080005ac                __aeabi_l2d
 .text          0x08000608      0x424 C:/ST/STM32CubeIDE_1.19.0/STM32CubeIDE/plugins/com.st.stm32cube.ide.mcu.externaltools.gnu-tools-for-stm32.13.3.rel1.win32_1.0.0.202411081344/tools/bin/../lib/gcc/arm-none-eabi/13.3.1/thumb/v7e-m+fp/hard\libgcc.a(_arm_muldivdf3.o)
                0x08000608                __aeabi_dmul
                0x08000608                __muldf3
                0x0800085c                __divdf3
                0x0800085c                __aeabi_ddiv
 .text          0x08000a2c      0x110 C:/ST/STM32CubeIDE_1.19.0/STM32CubeIDE/plugins/com.st.stm32cube.ide.mcu.externaltools.gnu-tools-for-stm32.13.3.rel1.win32_1.0.0.202411081344/tools/bin/../lib/gcc/arm-none-eabi/13.3.1/thumb/v7e-m+fp/hard\libgcc.a(_arm_cmpdf2.o)
                0x08000a2c                __gtdf2
                0x08000a2c                __gedf2
                0x08000a34                __ltdf2
                0x08000a34                __ledf2
                0x08000a3c                __nedf2
                0x08000a3c                __eqdf2
                0x08000a3c                __cmpdf2
                0x08000ab8                __aeabi_cdrcmple
                0x08000ac8                __aeabi_cdcmpeq
                0x08000ac8                __aeabi_cdcmple
                0x08000ad8                __aeabi_dcmpeq
                0x08000aec                __aeabi_dcmplt
                0x08000b00                __aeabi_dcmple
                0x08000b14                __aeabi_dcmpge
                0x08000b28                __aeabi_dcmpgt
 .text          0x08000b3c       0x2c C:/ST/STM32CubeIDE_1.19.0/STM32CubeIDE/plugins/com.st.stm32cube.ide.mcu.externaltools.gnu-tools-for-stm32.13.3.rel1.win32_1.0.0.202411081344/tools/bin/../lib/gcc/arm-none-eabi/13.3.1/thumb/v7e-m+fp/hard\libgcc.a(_arm_unorddf2.o)
                0x08000b3c                __unorddf2
                0x08000b3c                __aeabi_dcmpun
 .text          0x08000b68       0x50 C:/ST/STM32CubeIDE_1.19.0/STM32CubeIDE/plugins/com.st.stm32cube.ide.mcu.externaltools.gnu-tools-for-stm32.13.3.rel1.win32_1.0.0.202411081344/tools/bin/../lib/gcc/arm-none-eabi/13.3.1/thumb/v7e-m+fp/hard\libgcc.a(_arm_fixdfsi.o)
                0x08000b68                __aeabi_d2iz
                0x08000b68                __fixdfsi
 .text          0x08000bb8       0xa0 C:/ST/STM32CubeIDE_1.19.0/STM32CubeIDE/plugins/com.st.stm32cube.ide.mcu.externaltools.gnu-tools-for-stm32.13.3.rel1.win32_1.0.0.202411081344/tools/bin/../lib/gcc/arm-none-eabi/13.3.1/thumb/v7e-m+fp/hard\libgcc.a(_arm_truncdfsf2.o)
                0x08000bb8                __truncdfsf2
                0x08000bb8                __aeabi_d2f
 .text          0x08000c58       0x30 C:/ST/STM32CubeIDE_1.19.0/STM32CubeIDE/plugins/com.st.stm32cube.ide.mcu.externaltools.gnu-tools-for-stm32.13.3.rel1.win32_1.0.0.202411081344/tools/bin/../lib/gcc/arm-none-eabi/13.3.1/thumb/v7e-m+fp/hard\libgcc.a(_aeabi_uldivmod.o)
                0x08000c58                __aeabi_uldivmod
 .text          0x08000c88      0x2f8 C:/ST/STM32CubeIDE_1.19.0/STM32CubeIDE/plugins/com.st.stm32cube.ide.mcu.externaltools.gnu-tools-for-stm32.13.3.rel1.win32_1.0.0.202411081344/tools/bin/../lib/gcc/arm-none-eabi/13.3.1/thumb/v7e-m+fp/hard\libgcc.a(_udivmoddi4.o)
                0x08000c88                __udivmoddi4
 .text          0x08000f80        0x4 C:/ST/STM32CubeIDE_1.19.0/STM32CubeIDE/plugins/com.st.stm32cube.ide.mcu.externaltools.gnu-tools-for-stm32.13.3.rel1.win32_1.0.0.202411081344/tools/bin/../lib/gcc/arm-none-eabi/13.3.1/thumb/v7e-m+fp/hard\libgcc.a(_dvmd_tls.o)
                0x08000f80                __aeabi_idiv0
                0x08000f80                __aeabi_ldiv0
 *(.text*)
 .text.main     0x08000f84      0x174 ./Core/Src/main.o
                0x08000f84                main
 .text.SystemClock_Config
                0x080010f8       0xd8 ./Core/Src/main.o
                0x080010f8                SystemClock_Config
 .text.MX_SPI2_Init
                0x080011d0       0x6c ./Core/Src/main.o
 .text.MX_TIM1_Init
                0x0800123c       0xa0 ./Core/Src/main.o
 .text.MX_DMA_Init
                0x080012dc       0x50 ./Core/Src/main.o
 .text.MX_GPIO_Init
                0x0800132c       0xbc ./Core/Src/main.o
 .text.HAL_TIM_PeriodElapsedCallback
                0x080013e8       0xcc ./Core/Src/main.o
                0x080013e8                HAL_TIM_PeriodElapsedCallback
 .text.Error_Handler
                0x080014b4        0xc ./Core/Src/main.o
                0x080014b4                Error_Handler
 .text.SD_disk_status
                0x080014c0       0x22 ./Core/Src/sd_diskio_spi.o
                0x080014c0                SD_disk_status
 .text.SD_disk_initialize
                0x080014e2       0x2c ./Core/Src/sd_diskio_spi.o
                0x080014e2                SD_disk_initialize
 *fill*         0x0800150e        0x2 
 .text.SD_disk_read
                0x08001510       0x50 ./Core/Src/sd_diskio_spi.o
                0x08001510                SD_disk_read
 .text.SD_disk_write
                0x08001560       0x50 ./Core/Src/sd_diskio_spi.o
                0x08001560                SD_disk_write
 .text.SD_disk_ioctl
                0x080015b0       0x6c ./Core/Src/sd_diskio_spi.o
                0x080015b0                SD_disk_ioctl
 .text.sd_get_space_kb
                0x0800161c       0x68 ./Core/Src/sd_functions.o
                0x0800161c                sd_get_space_kb
 .text.sd_mount
                0x08001684       0xe8 ./Core/Src/sd_functions.o
                0x08001684                sd_mount
 .text.sd_unmount
                0x0800176c       0x44 ./Core/Src/sd_functions.o
                0x0800176c                sd_unmount
 .text.sd_write_file
                0x080017b0       0xd0 ./Core/Src/sd_functions.o
                0x080017b0                sd_write_file
 .text.sd_append_file
                0x08001880      0x104 ./Core/Src/sd_functions.o
                0x08001880                sd_append_file
 .text.HAL_SPI_TxCpltCallback
                0x08001984       0x2c ./Core/Src/sd_spi.o
                0x08001984                HAL_SPI_TxCpltCallback
 .text.HAL_SPI_TxRxCpltCallback
                0x080019b0       0x2c ./Core/Src/sd_spi.o
                0x080019b0                HAL_SPI_TxRxCpltCallback
 .text.SD_TransmitByte
                0x080019dc       0x24 ./Core/Src/sd_spi.o
 .text.SD_ReceiveByte
                0x08001a00       0x30 ./Core/Src/sd_spi.o
 .text.SD_TransmitBuffer
                0x08001a30       0x3c ./Core/Src/sd_spi.o
 .text.SD_ReceiveBuffer
                0x08001a6c       0x5c ./Core/Src/sd_spi.o
 .text.SD_WaitReady
                0x08001ac8       0x3a ./Core/Src/sd_spi.o
 .text.SD_SendCommand
                0x08001b02       0x82 ./Core/Src/sd_spi.o
 .text.sd_is_sdhc
                0x08001b84       0x18 ./Core/Src/sd_spi.o
                0x08001b84                sd_is_sdhc
 .text.SD_SPI_Init
                0x08001b9c      0x1e4 ./Core/Src/sd_spi.o
                0x08001b9c                SD_SPI_Init
 .text.SD_ReadBlocks
                0x08001d80       0xd0 ./Core/Src/sd_spi.o
                0x08001d80                SD_ReadBlocks
 .text.SD_ReadMultiBlocks
                0x08001e50       0xd8 ./Core/Src/sd_spi.o
                0x08001e50                SD_ReadMultiBlocks
 .text.SD_WriteBlocks
                0x08001f28       0xcc ./Core/Src/sd_spi.o
                0x08001f28                SD_WriteBlocks
 .text.SD_WriteMultiBlocks
                0x08001ff4       0xdc ./Core/Src/sd_spi.o
                0x08001ff4                SD_WriteMultiBlocks
 .text.HAL_MspInit
                0x080020d0       0x50 ./Core/Src/stm32f4xx_hal_msp.o
                0x080020d0                HAL_MspInit
 .text.HAL_SPI_MspInit
                0x08002120      0x158 ./Core/Src/stm32f4xx_hal_msp.o
                0x08002120                HAL_SPI_MspInit
 .text.HAL_TIM_Base_MspInit
                0x08002278       0x60 ./Core/Src/stm32f4xx_hal_msp.o
                0x08002278                HAL_TIM_Base_MspInit
 .text.NMI_Handler
                0x080022d8        0x8 ./Core/Src/stm32f4xx_it.o
                0x080022d8                NMI_Handler
 .text.HardFault_Handler
                0x080022e0        0x8 ./Core/Src/stm32f4xx_it.o
                0x080022e0                HardFault_Handler
 .text.MemManage_Handler
                0x080022e8        0x8 ./Core/Src/stm32f4xx_it.o
                0x080022e8                MemManage_Handler
 .text.BusFault_Handler
                0x080022f0        0x8 ./Core/Src/stm32f4xx_it.o
                0x080022f0                BusFault_Handler
 .text.UsageFault_Handler
                0x080022f8        0x8 ./Core/Src/stm32f4xx_it.o
                0x080022f8                UsageFault_Handler
 .text.SVC_Handler
                0x08002300        0xe ./Core/Src/stm32f4xx_it.o
                0x08002300                SVC_Handler
 .text.DebugMon_Handler
                0x0800230e        0xe ./Core/Src/stm32f4xx_it.o
                0x0800230e                DebugMon_Handler
 .text.PendSV_Handler
                0x0800231c        0xe ./Core/Src/stm32f4xx_it.o
                0x0800231c                PendSV_Handler
 .text.SysTick_Handler
                0x0800232a        0xc ./Core/Src/stm32f4xx_it.o
                0x0800232a                SysTick_Handler
 *fill*         0x08002336        0x2 
 .text.DMA1_Stream3_IRQHandler
                0x08002338       0x14 ./Core/Src/stm32f4xx_it.o
                0x08002338                DMA1_Stream3_IRQHandler
 .text.DMA1_Stream4_IRQHandler
                0x0800234c       0x14 ./Core/Src/stm32f4xx_it.o
                0x0800234c                DMA1_Stream4_IRQHandler
 .text.TIM1_BRK_TIM9_IRQHandler
                0x08002360       0x14 ./Core/Src/stm32f4xx_it.o
                0x08002360                TIM1_BRK_TIM9_IRQHandler
 .text.TIM1_UP_TIM10_IRQHandler
                0x08002374       0x14 ./Core/Src/stm32f4xx_it.o
                0x08002374                TIM1_UP_TIM10_IRQHandler
 .text.BSP_I2C1_Init
                0x08002388       0x64 ./Core/Src/stm32f4xx_nucleo_bus.o
                0x08002388                BSP_I2C1_Init
 .text.BSP_I2C1_DeInit
                0x080023ec       0x50 ./Core/Src/stm32f4xx_nucleo_bus.o
                0x080023ec                BSP_I2C1_DeInit
 .text.BSP_I2C1_WriteReg
                0x0800243c       0x64 ./Core/Src/stm32f4xx_nucleo_bus.o
                0x0800243c                BSP_I2C1_WriteReg
 .text.BSP_I2C1_ReadReg
                0x080024a0       0x64 ./Core/Src/stm32f4xx_nucleo_bus.o
                0x080024a0                BSP_I2C1_ReadReg
 .text.BSP_I2C1_Send
                0x08002504       0x54 ./Core/Src/stm32f4xx_nucleo_bus.o
                0x08002504                BSP_I2C1_Send
 .text.BSP_I2C1_Recv
                0x08002558       0x54 ./Core/Src/stm32f4xx_nucleo_bus.o
                0x08002558                BSP_I2C1_Recv
 .text.BSP_GetTick
                0x080025ac        0xe ./Core/Src/stm32f4xx_nucleo_bus.o
                0x080025ac                BSP_GetTick
 *fill*         0x080025ba        0x2 
 .text.MX_I2C1_Init
                0x080025bc       0x68 ./Core/Src/stm32f4xx_nucleo_bus.o
                0x080025bc                MX_I2C1_Init
 .text.I2C1_MspInit
                0x08002624       0x90 ./Core/Src/stm32f4xx_nucleo_bus.o
 .text.I2C1_MspDeInit
                0x080026b4       0x34 ./Core/Src/stm32f4xx_nucleo_bus.o
 .text._read    0x080026e8       0x3a ./Core/Src/syscalls.o
                0x080026e8                _read
 .text._write   0x08002722       0x38 ./Core/Src/syscalls.o
                0x08002722                _write
 .text._close   0x0800275a       0x18 ./Core/Src/syscalls.o
                0x0800275a                _close
 .text._fstat   0x08002772       0x20 ./Core/Src/syscalls.o
                0x08002772                _fstat
 .text._isatty  0x08002792       0x16 ./Core/Src/syscalls.o
                0x08002792                _isatty
 .text._lseek   0x080027a8       0x1a ./Core/Src/syscalls.o
                0x080027a8                _lseek
 *fill*         0x080027c2        0x2 
 .text._sbrk    0x080027c4       0x6c ./Core/Src/sysmem.o
                0x080027c4                _sbrk
 .text.SystemInit
                0x08002830       0x24 ./Core/Src/system_stm32f4xx.o
                0x08002830                SystemInit
 .text.Reset_Handler
                0x08002854       0x50 ./Core/Startup/startup_stm32f401retx.o
                0x08002854                Reset_Handler
 .text.Default_Handler
                0x080028a4        0x2 ./Core/Startup/startup_stm32f401retx.o
                0x080028a4                RTC_Alarm_IRQHandler
                0x080028a4                EXTI2_IRQHandler
                0x080028a4                SPI4_IRQHandler
                0x080028a4                TIM1_CC_IRQHandler
                0x080028a4                DMA2_Stream5_IRQHandler
                0x080028a4                DMA1_Stream5_IRQHandler
                0x080028a4                PVD_IRQHandler
                0x080028a4                SDIO_IRQHandler
                0x080028a4                TAMP_STAMP_IRQHandler
                0x080028a4                EXTI3_IRQHandler
                0x080028a4                I2C3_ER_IRQHandler
                0x080028a4                EXTI0_IRQHandler
                0x080028a4                I2C2_EV_IRQHandler
                0x080028a4                DMA1_Stream2_IRQHandler
                0x080028a4                FPU_IRQHandler
                0x080028a4                DMA2_Stream2_IRQHandler
                0x080028a4                SPI1_IRQHandler
                0x080028a4                DMA2_Stream3_IRQHandler
                0x080028a4                USART6_IRQHandler
                0x080028a4                DMA2_Stream0_IRQHandler
                0x080028a4                TIM4_IRQHandler
                0x080028a4                I2C1_EV_IRQHandler
                0x080028a4                DMA1_Stream6_IRQHandler
                0x080028a4                DMA1_Stream1_IRQHandler
                0x080028a4                TIM3_IRQHandler
                0x080028a4                RCC_IRQHandler
                0x080028a4                Default_Handler
                0x080028a4                EXTI15_10_IRQHandler
                0x080028a4                ADC_IRQHandler
                0x080028a4                DMA1_Stream7_IRQHandler
                0x080028a4                TIM5_IRQHandler
                0x080028a4                DMA2_Stream7_IRQHandler
                0x080028a4                I2C3_EV_IRQHandler
                0x080028a4                EXTI9_5_IRQHandler
                0x080028a4                RTC_WKUP_IRQHandler
                0x080028a4                SPI2_IRQHandler
                0x080028a4                DMA1_Stream0_IRQHandler
                0x080028a4                EXTI4_IRQHandler
                0x080028a4                WWDG_IRQHandler
                0x080028a4                TIM2_IRQHandler
                0x080028a4                OTG_FS_WKUP_IRQHandler
                0x080028a4                TIM1_TRG_COM_TIM11_IRQHandler
                0x080028a4                EXTI1_IRQHandler
                0x080028a4                USART2_IRQHandler
                0x080028a4                I2C2_ER_IRQHandler
                0x080028a4                DMA2_Stream1_IRQHandler
                0x080028a4                FLASH_IRQHandler
                0x080028a4                DMA2_Stream4_IRQHandler
                0x080028a4                USART1_IRQHandler
                0x080028a4                OTG_FS_IRQHandler
                0x080028a4                SPI3_IRQHandler
                0x080028a4                I2C1_ER_IRQHandler
                0x080028a4                DMA2_Stream6_IRQHandler
 *fill*         0x080028a6        0x2 
 .text.LIS2DUXS12_RegisterBusIO
                0x080028a8      0x140 ./Drivers/BSP/Components/lis2duxs12/lis2duxs12.o
                0x080028a8                LIS2DUXS12_RegisterBusIO
 .text.LIS2DUXS12_Init
                0x080029e8       0xf4 ./Drivers/BSP/Components/lis2duxs12/lis2duxs12.o
                0x080029e8                LIS2DUXS12_Init
 .text.LIS2DUXS12_DeInit
                0x08002adc       0x3c ./Drivers/BSP/Components/lis2duxs12/lis2duxs12.o
                0x08002adc                LIS2DUXS12_DeInit
 .text.LIS2DUXS12_ExitDeepPowerDownI2C
                0x08002b18       0x2a ./Drivers/BSP/Components/lis2duxs12/lis2duxs12.o
                0x08002b18                LIS2DUXS12_ExitDeepPowerDownI2C
 .text.LIS2DUXS12_ExitDeepPowerDownSPI
                0x08002b42       0x24 ./Drivers/BSP/Components/lis2duxs12/lis2duxs12.o
                0x08002b42                LIS2DUXS12_ExitDeepPowerDownSPI
 .text.LIS2DUXS12_ReadID
                0x08002b66       0x36 ./Drivers/BSP/Components/lis2duxs12/lis2duxs12.o
                0x08002b66                LIS2DUXS12_ReadID
 .text.LIS2DUXS12_GetCapabilities
                0x08002b9c       0x5c ./Drivers/BSP/Components/lis2duxs12/lis2duxs12.o
                0x08002b9c                LIS2DUXS12_GetCapabilities
 .text.LIS2DUXS12_ACC_Enable
                0x08002bf8       0x4c ./Drivers/BSP/Components/lis2duxs12/lis2duxs12.o
                0x08002bf8                LIS2DUXS12_ACC_Enable
 .text.LIS2DUXS12_ACC_Disable
                0x08002c44       0xb4 ./Drivers/BSP/Components/lis2duxs12/lis2duxs12.o
                0x08002c44                LIS2DUXS12_ACC_Disable
 .text.LIS2DUXS12_ACC_GetSensitivity
                0x08002cf8       0x94 ./Drivers/BSP/Components/lis2duxs12/lis2duxs12.o
                0x08002cf8                LIS2DUXS12_ACC_GetSensitivity
 .text.LIS2DUXS12_ACC_GetOutputDataRate
                0x08002d8c      0x198 ./Drivers/BSP/Components/lis2duxs12/lis2duxs12.o
                0x08002d8c                LIS2DUXS12_ACC_GetOutputDataRate
 .text.LIS2DUXS12_ACC_SetOutputDataRate
                0x08002f24       0x22 ./Drivers/BSP/Components/lis2duxs12/lis2duxs12.o
                0x08002f24                LIS2DUXS12_ACC_SetOutputDataRate
 .text.LIS2DUXS12_ACC_SetOutputDataRate_With_Mode
                0x08002f46       0x44 ./Drivers/BSP/Components/lis2duxs12/lis2duxs12.o
                0x08002f46                LIS2DUXS12_ACC_SetOutputDataRate_With_Mode
 *fill*         0x08002f8a        0x2 
 .text.LIS2DUXS12_ACC_GetFullScale
                0x08002f8c       0x84 ./Drivers/BSP/Components/lis2duxs12/lis2duxs12.o
                0x08002f8c                LIS2DUXS12_ACC_GetFullScale
 .text.LIS2DUXS12_ACC_SetFullScale
                0x08003010       0x6e ./Drivers/BSP/Components/lis2duxs12/lis2duxs12.o
                0x08003010                LIS2DUXS12_ACC_SetFullScale
 .text.LIS2DUXS12_ACC_GetAxesRaw
                0x0800307e       0x66 ./Drivers/BSP/Components/lis2duxs12/lis2duxs12.o
                0x0800307e                LIS2DUXS12_ACC_GetAxesRaw
 .text.LIS2DUXS12_ACC_GetAxes
                0x080030e4       0x7e ./Drivers/BSP/Components/lis2duxs12/lis2duxs12.o
                0x080030e4                LIS2DUXS12_ACC_GetAxes
 .text.LIS2DUXS12_Write_Reg
                0x08003162       0x36 ./Drivers/BSP/Components/lis2duxs12/lis2duxs12.o
                0x08003162                LIS2DUXS12_Write_Reg
 .text.LIS2DUXS12_Set_Mem_Bank
                0x08003198       0x42 ./Drivers/BSP/Components/lis2duxs12/lis2duxs12.o
                0x08003198                LIS2DUXS12_Set_Mem_Bank
 *fill*         0x080031da        0x2 
 .text.LIS2DUXS12_ACC_SetOutputDataRate_When_Enabled
                0x080031dc      0x2fc ./Drivers/BSP/Components/lis2duxs12/lis2duxs12.o
 .text.LIS2DUXS12_ACC_SetOutputDataRate_When_Disabled
                0x080034d8      0x144 ./Drivers/BSP/Components/lis2duxs12/lis2duxs12.o
 .text.ReadRegWrap
                0x0800361c       0x36 ./Drivers/BSP/Components/lis2duxs12/lis2duxs12.o
 .text.WriteRegWrap
                0x08003652       0x36 ./Drivers/BSP/Components/lis2duxs12/lis2duxs12.o
 .text.lis2duxs12_read_reg
                0x08003688       0x3a ./Drivers/BSP/Components/lis2duxs12/lis2duxs12_reg.o
                0x08003688                lis2duxs12_read_reg
 .text.lis2duxs12_write_reg
                0x080036c2       0x3a ./Drivers/BSP/Components/lis2duxs12/lis2duxs12_reg.o
                0x080036c2                lis2duxs12_write_reg
 .text.lis2duxs12_from_fs2g_to_mg
                0x080036fc       0x30 ./Drivers/BSP/Components/lis2duxs12/lis2duxs12_reg.o
                0x080036fc                lis2duxs12_from_fs2g_to_mg
 .text.lis2duxs12_from_fs4g_to_mg
                0x0800372c       0x30 ./Drivers/BSP/Components/lis2duxs12/lis2duxs12_reg.o
                0x0800372c                lis2duxs12_from_fs4g_to_mg
 .text.lis2duxs12_from_fs8g_to_mg
                0x0800375c       0x30 ./Drivers/BSP/Components/lis2duxs12/lis2duxs12_reg.o
                0x0800375c                lis2duxs12_from_fs8g_to_mg
 .text.lis2duxs12_from_fs16g_to_mg
                0x0800378c       0x30 ./Drivers/BSP/Components/lis2duxs12/lis2duxs12_reg.o
                0x0800378c                lis2duxs12_from_fs16g_to_mg
 .text.lis2duxs12_device_id_get
                0x080037bc       0x22 ./Drivers/BSP/Components/lis2duxs12/lis2duxs12_reg.o
                0x080037bc                lis2duxs12_device_id_get
 *fill*         0x080037de        0x2 
 .text.lis2duxs12_init_set
                0x080037e0      0x214 ./Drivers/BSP/Components/lis2duxs12/lis2duxs12_reg.o
                0x080037e0                lis2duxs12_init_set
 .text.lis2duxs12_status_get
                0x080039f4       0x86 ./Drivers/BSP/Components/lis2duxs12/lis2duxs12_reg.o
                0x080039f4                lis2duxs12_status_get
 *fill*         0x08003a7a        0x2 
 .text.lis2duxs12_mode_set
                0x08003a7c      0x178 ./Drivers/BSP/Components/lis2duxs12/lis2duxs12_reg.o
                0x08003a7c                lis2duxs12_mode_set
 .text.lis2duxs12_mode_get
                0x08003bf4      0x220 ./Drivers/BSP/Components/lis2duxs12/lis2duxs12_reg.o
                0x08003bf4                lis2duxs12_mode_get
 .text.lis2duxs12_exit_deep_power_down
                0x08003e14       0x3e ./Drivers/BSP/Components/lis2duxs12/lis2duxs12_reg.o
                0x08003e14                lis2duxs12_exit_deep_power_down
 *fill*         0x08003e52        0x2 
 .text.lis2duxs12_xl_data_get
                0x08003e54      0x158 ./Drivers/BSP/Components/lis2duxs12/lis2duxs12_reg.o
                0x08003e54                lis2duxs12_xl_data_get
 .text.lis2duxs12_i3c_configure_set
                0x08003fac       0x70 ./Drivers/BSP/Components/lis2duxs12/lis2duxs12_reg.o
                0x08003fac                lis2duxs12_i3c_configure_set
 .text.lis2duxs12_i3c_configure_get
                0x0800401c       0x7e ./Drivers/BSP/Components/lis2duxs12/lis2duxs12_reg.o
                0x0800401c                lis2duxs12_i3c_configure_get
 .text.lis2duxs12_mem_bank_set
                0x0800409a       0x4c ./Drivers/BSP/Components/lis2duxs12/lis2duxs12_reg.o
                0x0800409a                lis2duxs12_mem_bank_set
 .text.lis2duxs12_fifo_mode_set
                0x080040e6      0x186 ./Drivers/BSP/Components/lis2duxs12/lis2duxs12_reg.o
                0x080040e6                lis2duxs12_fifo_mode_set
 .text.LIS2MDL_RegisterBusIO
                0x0800426c      0x100 ./Drivers/BSP/Components/lis2mdl/lis2mdl.o
                0x0800426c                LIS2MDL_RegisterBusIO
 .text.LIS2MDL_Init
                0x0800436c      0x10c ./Drivers/BSP/Components/lis2mdl/lis2mdl.o
                0x0800436c                LIS2MDL_Init
 .text.LIS2MDL_DeInit
                0x08004478       0x2c ./Drivers/BSP/Components/lis2mdl/lis2mdl.o
                0x08004478                LIS2MDL_DeInit
 .text.LIS2MDL_ReadID
                0x080044a4       0x4c ./Drivers/BSP/Components/lis2mdl/lis2mdl.o
                0x080044a4                LIS2MDL_ReadID
 .text.LIS2MDL_GetCapabilities
                0x080044f0       0x5c ./Drivers/BSP/Components/lis2mdl/lis2mdl.o
                0x080044f0                LIS2MDL_GetCapabilities
 .text.LIS2MDL_MAG_Enable
                0x0800454c       0x84 ./Drivers/BSP/Components/lis2mdl/lis2mdl.o
                0x0800454c                LIS2MDL_MAG_Enable
 .text.LIS2MDL_MAG_Disable
                0x080045d0       0x86 ./Drivers/BSP/Components/lis2mdl/lis2mdl.o
                0x080045d0                LIS2MDL_MAG_Disable
 .text.LIS2MDL_MAG_GetSensitivity
                0x08004656       0x20 ./Drivers/BSP/Components/lis2mdl/lis2mdl.o
                0x08004656                LIS2MDL_MAG_GetSensitivity
 *fill*         0x08004676        0x2 
 .text.LIS2MDL_MAG_GetOutputDataRate
                0x08004678       0x8c ./Drivers/BSP/Components/lis2mdl/lis2mdl.o
                0x08004678                LIS2MDL_MAG_GetOutputDataRate
 .text.LIS2MDL_MAG_SetOutputDataRate
                0x08004704       0xc8 ./Drivers/BSP/Components/lis2mdl/lis2mdl.o
                0x08004704                LIS2MDL_MAG_SetOutputDataRate
 .text.LIS2MDL_MAG_GetFullScale
                0x080047cc       0x1e ./Drivers/BSP/Components/lis2mdl/lis2mdl.o
                0x080047cc                LIS2MDL_MAG_GetFullScale
 .text.LIS2MDL_MAG_SetFullScale
                0x080047ea       0x18 ./Drivers/BSP/Components/lis2mdl/lis2mdl.o
                0x080047ea                LIS2MDL_MAG_SetFullScale
 .text.LIS2MDL_MAG_GetAxesRaw
                0x08004802       0x48 ./Drivers/BSP/Components/lis2mdl/lis2mdl.o
                0x08004802                LIS2MDL_MAG_GetAxesRaw
 .text.LIS2MDL_MAG_GetAxes
                0x0800484a      0x114 ./Drivers/BSP/Components/lis2mdl/lis2mdl.o
                0x0800484a                LIS2MDL_MAG_GetAxes
 .text.LIS2MDL_Write_Reg
                0x0800495e       0x56 ./Drivers/BSP/Components/lis2mdl/lis2mdl.o
                0x0800495e                LIS2MDL_Write_Reg
 .text.ReadMagRegWrap
                0x080049b4       0x82 ./Drivers/BSP/Components/lis2mdl/lis2mdl.o
 .text.WriteMagRegWrap
                0x08004a36       0x82 ./Drivers/BSP/Components/lis2mdl/lis2mdl.o
 .text.LSM6DSOX_SENSORHUB_LIS2MDL_ReadShData
                0x08004ab8      0x27e ./Drivers/BSP/Components/lis2mdl/lis2mdl.o
 .text.LSM6DSOX_SENSORHUB_LIS2MDL_WriteShData
                0x08004d36      0x23c ./Drivers/BSP/Components/lis2mdl/lis2mdl.o
 .text.lis2mdl_read_reg
                0x08004f72       0x3c ./Drivers/BSP/Components/lis2mdl/lis2mdl_reg.o
                0x08004f72                lis2mdl_read_reg
 .text.lis2mdl_write_reg
                0x08004fae       0x3c ./Drivers/BSP/Components/lis2mdl/lis2mdl_reg.o
                0x08004fae                lis2mdl_write_reg
 .text.lis2mdl_operating_mode_set
                0x08004fea       0x4c ./Drivers/BSP/Components/lis2mdl/lis2mdl_reg.o
                0x08004fea                lis2mdl_operating_mode_set
 .text.lis2mdl_data_rate_set
                0x08005036       0x4c ./Drivers/BSP/Components/lis2mdl/lis2mdl_reg.o
                0x08005036                lis2mdl_data_rate_set
 *fill*         0x08005082        0x2 
 .text.lis2mdl_data_rate_get
                0x08005084       0x70 ./Drivers/BSP/Components/lis2mdl/lis2mdl_reg.o
                0x08005084                lis2mdl_data_rate_get
 .text.lis2mdl_block_data_update_set
                0x080050f4       0x4c ./Drivers/BSP/Components/lis2mdl/lis2mdl_reg.o
                0x080050f4                lis2mdl_block_data_update_set
 .text.lis2mdl_magnetic_raw_get
                0x08005140       0x90 ./Drivers/BSP/Components/lis2mdl/lis2mdl_reg.o
                0x08005140                lis2mdl_magnetic_raw_get
 .text.lis2mdl_device_id_get
                0x080051d0       0x22 ./Drivers/BSP/Components/lis2mdl/lis2mdl_reg.o
                0x080051d0                lis2mdl_device_id_get
 .text.lis2mdl_self_test_set
                0x080051f2       0x4c ./Drivers/BSP/Components/lis2mdl/lis2mdl_reg.o
                0x080051f2                lis2mdl_self_test_set
 .text.lis2mdl_i2c_interface_set
                0x0800523e       0x4c ./Drivers/BSP/Components/lis2mdl/lis2mdl_reg.o
                0x0800523e                lis2mdl_i2c_interface_set
 *fill*         0x0800528a        0x2 
 .text.LPS22DF_RegisterBusIO
                0x0800528c       0xd4 ./Drivers/BSP/Components/lps22df/lps22df.o
                0x0800528c                LPS22DF_RegisterBusIO
 .text.LPS22DF_Init
                0x08005360       0x36 ./Drivers/BSP/Components/lps22df/lps22df.o
                0x08005360                LPS22DF_Init
 .text.LPS22DF_DeInit
                0x08005396       0x48 ./Drivers/BSP/Components/lps22df/lps22df.o
                0x08005396                LPS22DF_DeInit
 .text.LPS22DF_ReadID
                0x080053de       0x36 ./Drivers/BSP/Components/lps22df/lps22df.o
                0x080053de                LPS22DF_ReadID
 .text.LPS22DF_GetCapabilities
                0x08005414       0x58 ./Drivers/BSP/Components/lps22df/lps22df.o
                0x08005414                LPS22DF_GetCapabilities
 .text.LPS22DF_PRESS_Enable
                0x0800546c       0x46 ./Drivers/BSP/Components/lps22df/lps22df.o
                0x0800546c                LPS22DF_PRESS_Enable
 .text.LPS22DF_PRESS_Disable
                0x080054b2       0x80 ./Drivers/BSP/Components/lps22df/lps22df.o
                0x080054b2                LPS22DF_PRESS_Disable
 .text.LPS22DF_PRESS_GetOutputDataRate
                0x08005532       0x1c ./Drivers/BSP/Components/lps22df/lps22df.o
                0x08005532                LPS22DF_PRESS_GetOutputDataRate
 .text.LPS22DF_PRESS_SetOutputDataRate
                0x0800554e       0x38 ./Drivers/BSP/Components/lps22df/lps22df.o
                0x0800554e                LPS22DF_PRESS_SetOutputDataRate
 .text.LPS22DF_PRESS_GetPressure
                0x08005586       0x42 ./Drivers/BSP/Components/lps22df/lps22df.o
                0x08005586                LPS22DF_PRESS_GetPressure
 .text.LPS22DF_TEMP_Enable
                0x080055c8       0x46 ./Drivers/BSP/Components/lps22df/lps22df.o
                0x080055c8                LPS22DF_TEMP_Enable
 .text.LPS22DF_TEMP_Disable
                0x0800560e       0x80 ./Drivers/BSP/Components/lps22df/lps22df.o
                0x0800560e                LPS22DF_TEMP_Disable
 .text.LPS22DF_TEMP_GetOutputDataRate
                0x0800568e       0x1c ./Drivers/BSP/Components/lps22df/lps22df.o
                0x0800568e                LPS22DF_TEMP_GetOutputDataRate
 .text.LPS22DF_TEMP_SetOutputDataRate
                0x080056aa       0x38 ./Drivers/BSP/Components/lps22df/lps22df.o
                0x080056aa                LPS22DF_TEMP_SetOutputDataRate
 .text.LPS22DF_TEMP_GetTemperature
                0x080056e2       0x44 ./Drivers/BSP/Components/lps22df/lps22df.o
                0x080056e2                LPS22DF_TEMP_GetTemperature
 .text.LPS22DF_Write_Reg
                0x08005726       0x36 ./Drivers/BSP/Components/lps22df/lps22df.o
                0x08005726                LPS22DF_Write_Reg
 .text.LPS22DF_GetOutputDataRate
                0x0800575c       0xd4 ./Drivers/BSP/Components/lps22df/lps22df.o
 .text.LPS22DF_SetOutputDataRate_When_Enabled
                0x08005830      0x118 ./Drivers/BSP/Components/lps22df/lps22df.o
 .text.LPS22DF_SetOutputDataRate_When_Disabled
                0x08005948       0xc8 ./Drivers/BSP/Components/lps22df/lps22df.o
 .text.LPS22DF_Initialize
                0x08005a10       0xb8 ./Drivers/BSP/Components/lps22df/lps22df.o
 .text.ReadRegWrap
                0x08005ac8       0x36 ./Drivers/BSP/Components/lps22df/lps22df.o
 .text.WriteRegWrap
                0x08005afe       0x36 ./Drivers/BSP/Components/lps22df/lps22df.o
 .text.lps22df_read_reg
                0x08005b34       0x3c ./Drivers/BSP/Components/lps22df/lps22df_reg.o
                0x08005b34                lps22df_read_reg
 .text.lps22df_write_reg
                0x08005b70       0x3c ./Drivers/BSP/Components/lps22df/lps22df_reg.o
                0x08005b70                lps22df_write_reg
 .text.bytecpy  0x08005bac       0x2a ./Drivers/BSP/Components/lps22df/lps22df_reg.o
 *fill*         0x08005bd6        0x2 
 .text.lps22df_from_lsb_to_hPa
                0x08005bd8       0x30 ./Drivers/BSP/Components/lps22df/lps22df_reg.o
                0x08005bd8                lps22df_from_lsb_to_hPa
 .text.lps22df_from_lsb_to_celsius
                0x08005c08       0x34 ./Drivers/BSP/Components/lps22df/lps22df_reg.o
                0x08005c08                lps22df_from_lsb_to_celsius
 .text.lps22df_id_get
                0x08005c3c       0x2a ./Drivers/BSP/Components/lps22df/lps22df_reg.o
                0x08005c3c                lps22df_id_get
 .text.lps22df_bus_mode_set
                0x08005c66       0xc4 ./Drivers/BSP/Components/lps22df/lps22df_reg.o
                0x08005c66                lps22df_bus_mode_set
 .text.lps22df_init_set
                0x08005d2a      0x1c4 ./Drivers/BSP/Components/lps22df/lps22df_reg.o
                0x08005d2a                lps22df_init_set
 .text.lps22df_status_get
                0x08005eee      0x10a ./Drivers/BSP/Components/lps22df/lps22df_reg.o
                0x08005eee                lps22df_status_get
 .text.lps22df_mode_set
                0x08005ff8       0xbc ./Drivers/BSP/Components/lps22df/lps22df_reg.o
                0x08005ff8                lps22df_mode_set
 .text.lps22df_mode_get
                0x080060b4      0x198 ./Drivers/BSP/Components/lps22df/lps22df_reg.o
                0x080060b4                lps22df_mode_get
 .text.lps22df_pressure_raw_get
                0x0800624c       0x52 ./Drivers/BSP/Components/lps22df/lps22df_reg.o
                0x0800624c                lps22df_pressure_raw_get
 .text.lps22df_temperature_raw_get
                0x0800629e       0x44 ./Drivers/BSP/Components/lps22df/lps22df_reg.o
                0x0800629e                lps22df_temperature_raw_get
 *fill*         0x080062e2        0x2 
 .text.LSM6DSO16IS_RegisterBusIO
                0x080062e4       0xcc ./Drivers/BSP/Components/lsm6dso16is/lsm6dso16is.o
                0x080062e4                LSM6DSO16IS_RegisterBusIO
 .text.LSM6DSO16IS_Init
                0x080063b0       0xd8 ./Drivers/BSP/Components/lsm6dso16is/lsm6dso16is.o
                0x080063b0                LSM6DSO16IS_Init
 .text.LSM6DSO16IS_DeInit
                0x08006488       0x58 ./Drivers/BSP/Components/lsm6dso16is/lsm6dso16is.o
                0x08006488                LSM6DSO16IS_DeInit
 .text.LSM6DSO16IS_ReadID
                0x080064e0       0x30 ./Drivers/BSP/Components/lsm6dso16is/lsm6dso16is.o
                0x080064e0                LSM6DSO16IS_ReadID
 .text.LSM6DSO16IS_GetCapabilities
                0x08006510       0x5c ./Drivers/BSP/Components/lsm6dso16is/lsm6dso16is.o
                0x08006510                LSM6DSO16IS_GetCapabilities
 .text.LSM6DSO16IS_ACC_Enable
                0x0800656c       0x4e ./Drivers/BSP/Components/lsm6dso16is/lsm6dso16is.o
                0x0800656c                LSM6DSO16IS_ACC_Enable
 .text.LSM6DSO16IS_ACC_Disable
                0x080065ba       0x64 ./Drivers/BSP/Components/lsm6dso16is/lsm6dso16is.o
                0x080065ba                LSM6DSO16IS_ACC_Disable
 *fill*         0x0800661e        0x2 
 .text.LSM6DSO16IS_ACC_GetSensitivity
                0x08006620       0x8c ./Drivers/BSP/Components/lsm6dso16is/lsm6dso16is.o
                0x08006620                LSM6DSO16IS_ACC_GetSensitivity
 .text.LSM6DSO16IS_ACC_GetOutputDataRate
                0x080066ac      0x148 ./Drivers/BSP/Components/lsm6dso16is/lsm6dso16is.o
                0x080066ac                LSM6DSO16IS_ACC_GetOutputDataRate
 .text.LSM6DSO16IS_ACC_SetOutputDataRate
                0x080067f4       0x3a ./Drivers/BSP/Components/lsm6dso16is/lsm6dso16is.o
                0x080067f4                LSM6DSO16IS_ACC_SetOutputDataRate
 *fill*         0x0800682e        0x2 
 .text.LSM6DSO16IS_ACC_GetFullScale
                0x08006830       0x7c ./Drivers/BSP/Components/lsm6dso16is/lsm6dso16is.o
                0x08006830                LSM6DSO16IS_ACC_GetFullScale
 .text.LSM6DSO16IS_ACC_SetFullScale
                0x080068ac       0x54 ./Drivers/BSP/Components/lsm6dso16is/lsm6dso16is.o
                0x080068ac                LSM6DSO16IS_ACC_SetFullScale
 .text.LSM6DSO16IS_ACC_GetAxesRaw
                0x08006900       0x4c ./Drivers/BSP/Components/lsm6dso16is/lsm6dso16is.o
                0x08006900                LSM6DSO16IS_ACC_GetAxesRaw
 .text.LSM6DSO16IS_ACC_GetAxes
                0x0800694c       0xb2 ./Drivers/BSP/Components/lsm6dso16is/lsm6dso16is.o
                0x0800694c                LSM6DSO16IS_ACC_GetAxes
 .text.LSM6DSO16IS_GYRO_Enable
                0x080069fe       0x4e ./Drivers/BSP/Components/lsm6dso16is/lsm6dso16is.o
                0x080069fe                LSM6DSO16IS_GYRO_Enable
 .text.LSM6DSO16IS_GYRO_Disable
                0x08006a4c       0x64 ./Drivers/BSP/Components/lsm6dso16is/lsm6dso16is.o
                0x08006a4c                LSM6DSO16IS_GYRO_Disable
 .text.LSM6DSO16IS_GYRO_GetSensitivity
                0x08006ab0       0xcc ./Drivers/BSP/Components/lsm6dso16is/lsm6dso16is.o
                0x08006ab0                LSM6DSO16IS_GYRO_GetSensitivity
 .text.LSM6DSO16IS_GYRO_GetOutputDataRate
                0x08006b7c      0x138 ./Drivers/BSP/Components/lsm6dso16is/lsm6dso16is.o
                0x08006b7c                LSM6DSO16IS_GYRO_GetOutputDataRate
 .text.LSM6DSO16IS_GYRO_SetOutputDataRate
                0x08006cb4       0x3a ./Drivers/BSP/Components/lsm6dso16is/lsm6dso16is.o
                0x08006cb4                LSM6DSO16IS_GYRO_SetOutputDataRate
 *fill*         0x08006cee        0x2 
 .text.LSM6DSO16IS_GYRO_GetFullScale
                0x08006cf0       0xbc ./Drivers/BSP/Components/lsm6dso16is/lsm6dso16is.o
                0x08006cf0                LSM6DSO16IS_GYRO_GetFullScale
 .text.LSM6DSO16IS_GYRO_SetFullScale
                0x08006dac       0x62 ./Drivers/BSP/Components/lsm6dso16is/lsm6dso16is.o
                0x08006dac                LSM6DSO16IS_GYRO_SetFullScale
 .text.LSM6DSO16IS_GYRO_GetAxesRaw
                0x08006e0e       0x4c ./Drivers/BSP/Components/lsm6dso16is/lsm6dso16is.o
                0x08006e0e                LSM6DSO16IS_GYRO_GetAxesRaw
 .text.LSM6DSO16IS_GYRO_GetAxes
                0x08006e5a       0xb2 ./Drivers/BSP/Components/lsm6dso16is/lsm6dso16is.o
                0x08006e5a                LSM6DSO16IS_GYRO_GetAxes
 .text.LSM6DSO16IS_Write_Reg
                0x08006f0c       0x3a ./Drivers/BSP/Components/lsm6dso16is/lsm6dso16is.o
                0x08006f0c                LSM6DSO16IS_Write_Reg
 .text.LSM6DSO16IS_Set_Mem_Bank
                0x08006f46       0x4c ./Drivers/BSP/Components/lsm6dso16is/lsm6dso16is.o
                0x08006f46                LSM6DSO16IS_Set_Mem_Bank
 *fill*         0x08006f92        0x2 
 .text.LSM6DSO16IS_ACC_SetOutputDataRate_When_Enabled
                0x08006f94      0x11c ./Drivers/BSP/Components/lsm6dso16is/lsm6dso16is.o
 .text.LSM6DSO16IS_ACC_SetOutputDataRate_When_Disabled
                0x080070b0      0x104 ./Drivers/BSP/Components/lsm6dso16is/lsm6dso16is.o
 .text.LSM6DSO16IS_GYRO_SetOutputDataRate_When_Enabled
                0x080071b4      0x11c ./Drivers/BSP/Components/lsm6dso16is/lsm6dso16is.o
 .text.LSM6DSO16IS_GYRO_SetOutputDataRate_When_Disabled
                0x080072d0      0x104 ./Drivers/BSP/Components/lsm6dso16is/lsm6dso16is.o
 .text.ReadRegWrap
                0x080073d4       0x36 ./Drivers/BSP/Components/lsm6dso16is/lsm6dso16is.o
 .text.WriteRegWrap
                0x0800740a       0x36 ./Drivers/BSP/Components/lsm6dso16is/lsm6dso16is.o
 .text.lsm6dso16is_read_reg
                0x08007440       0x3c ./Drivers/BSP/Components/lsm6dso16is/lsm6dso16is_reg.o
                0x08007440                lsm6dso16is_read_reg
 .text.lsm6dso16is_write_reg
                0x0800747c       0x3c ./Drivers/BSP/Components/lsm6dso16is/lsm6dso16is_reg.o
                0x0800747c                lsm6dso16is_write_reg
 .text.lsm6dso16is_mem_bank_set
                0x080074b8       0x52 ./Drivers/BSP/Components/lsm6dso16is/lsm6dso16is_reg.o
                0x080074b8                lsm6dso16is_mem_bank_set
 .text.lsm6dso16is_device_id_get
                0x0800750a       0x22 ./Drivers/BSP/Components/lsm6dso16is/lsm6dso16is_reg.o
                0x0800750a                lsm6dso16is_device_id_get
 .text.lsm6dso16is_xl_hm_mode_set
                0x0800752c       0x4c ./Drivers/BSP/Components/lsm6dso16is/lsm6dso16is_reg.o
                0x0800752c                lsm6dso16is_xl_hm_mode_set
 .text.lsm6dso16is_xl_full_scale_set
                0x08007578       0x4c ./Drivers/BSP/Components/lsm6dso16is/lsm6dso16is_reg.o
                0x08007578                lsm6dso16is_xl_full_scale_set
 .text.lsm6dso16is_xl_full_scale_get
                0x080075c4       0x70 ./Drivers/BSP/Components/lsm6dso16is/lsm6dso16is_reg.o
                0x080075c4                lsm6dso16is_xl_full_scale_get
 .text.lsm6dso16is_xl_data_rate_set
                0x08007634       0x7e ./Drivers/BSP/Components/lsm6dso16is/lsm6dso16is_reg.o
                0x08007634                lsm6dso16is_xl_data_rate_set
 *fill*         0x080076b2        0x2 
 .text.lsm6dso16is_xl_data_rate_get
                0x080076b4      0x184 ./Drivers/BSP/Components/lsm6dso16is/lsm6dso16is_reg.o
                0x080076b4                lsm6dso16is_xl_data_rate_get
 .text.lsm6dso16is_gy_hm_mode_set
                0x08007838       0x4c ./Drivers/BSP/Components/lsm6dso16is/lsm6dso16is_reg.o
                0x08007838                lsm6dso16is_gy_hm_mode_set
 .text.lsm6dso16is_gy_full_scale_set
                0x08007884       0x60 ./Drivers/BSP/Components/lsm6dso16is/lsm6dso16is_reg.o
                0x08007884                lsm6dso16is_gy_full_scale_set
 .text.lsm6dso16is_gy_full_scale_get
                0x080078e4       0xb8 ./Drivers/BSP/Components/lsm6dso16is/lsm6dso16is_reg.o
                0x080078e4                lsm6dso16is_gy_full_scale_get
 .text.lsm6dso16is_gy_data_rate_set
                0x0800799c       0x7e ./Drivers/BSP/Components/lsm6dso16is/lsm6dso16is_reg.o
                0x0800799c                lsm6dso16is_gy_data_rate_set
 *fill*         0x08007a1a        0x2 
 .text.lsm6dso16is_gy_data_rate_get
                0x08007a1c      0x178 ./Drivers/BSP/Components/lsm6dso16is/lsm6dso16is_reg.o
                0x08007a1c                lsm6dso16is_gy_data_rate_get
 .text.lsm6dso16is_auto_increment_set
                0x08007b94       0x4c ./Drivers/BSP/Components/lsm6dso16is/lsm6dso16is_reg.o
                0x08007b94                lsm6dso16is_auto_increment_set
 .text.lsm6dso16is_block_data_update_set
                0x08007be0       0x4c ./Drivers/BSP/Components/lsm6dso16is/lsm6dso16is_reg.o
                0x08007be0                lsm6dso16is_block_data_update_set
 .text.lsm6dso16is_angular_rate_raw_get
                0x08007c2c       0x90 ./Drivers/BSP/Components/lsm6dso16is/lsm6dso16is_reg.o
                0x08007c2c                lsm6dso16is_angular_rate_raw_get
 .text.lsm6dso16is_acceleration_raw_get
                0x08007cbc       0x90 ./Drivers/BSP/Components/lsm6dso16is/lsm6dso16is_reg.o
                0x08007cbc                lsm6dso16is_acceleration_raw_get
 .text.LSM6DSV16X_RegisterBusIO
                0x08007d4c       0xec ./Drivers/BSP/Components/lsm6dsv16x/lsm6dsv16x.o
                0x08007d4c                LSM6DSV16X_RegisterBusIO
 .text.LSM6DSV16X_Init
                0x08007e38      0x106 ./Drivers/BSP/Components/lsm6dsv16x/lsm6dsv16x.o
                0x08007e38                LSM6DSV16X_Init
 .text.LSM6DSV16X_DeInit
                0x08007f3e       0x6e ./Drivers/BSP/Components/lsm6dsv16x/lsm6dsv16x.o
                0x08007f3e                LSM6DSV16X_DeInit
 .text.LSM6DSV16X_ReadID
                0x08007fac       0x2c ./Drivers/BSP/Components/lsm6dsv16x/lsm6dsv16x.o
                0x08007fac                LSM6DSV16X_ReadID
 .text.LSM6DSV16X_GetCapabilities
                0x08007fd8       0x5c ./Drivers/BSP/Components/lsm6dsv16x/lsm6dsv16x.o
                0x08007fd8                LSM6DSV16X_GetCapabilities
 .text.LSM6DSV16X_ACC_Enable
                0x08008034       0x48 ./Drivers/BSP/Components/lsm6dsv16x/lsm6dsv16x.o
                0x08008034                LSM6DSV16X_ACC_Enable
 .text.LSM6DSV16X_ACC_Disable
                0x0800807c       0x5e ./Drivers/BSP/Components/lsm6dsv16x/lsm6dsv16x.o
                0x0800807c                LSM6DSV16X_ACC_Disable
 *fill*         0x080080da        0x2 
 .text.LSM6DSV16X_ACC_GetSensitivity
                0x080080dc       0x8c ./Drivers/BSP/Components/lsm6dsv16x/lsm6dsv16x.o
                0x080080dc                LSM6DSV16X_ACC_GetSensitivity
 .text.LSM6DSV16X_ACC_GetOutputDataRate
                0x08008168      0x288 ./Drivers/BSP/Components/lsm6dsv16x/lsm6dsv16x.o
                0x08008168                LSM6DSV16X_ACC_GetOutputDataRate
 .text.LSM6DSV16X_ACC_SetOutputDataRate
                0x080083f0       0x38 ./Drivers/BSP/Components/lsm6dsv16x/lsm6dsv16x.o
                0x080083f0                LSM6DSV16X_ACC_SetOutputDataRate
 .text.LSM6DSV16X_ACC_GetFullScale
                0x08008428       0x7c ./Drivers/BSP/Components/lsm6dsv16x/lsm6dsv16x.o
                0x08008428                LSM6DSV16X_ACC_GetFullScale
 .text.LSM6DSV16X_ACC_SetFullScale
                0x080084a4       0x50 ./Drivers/BSP/Components/lsm6dsv16x/lsm6dsv16x.o
                0x080084a4                LSM6DSV16X_ACC_SetFullScale
 .text.LSM6DSV16X_ACC_GetAxesRaw
                0x080084f4       0x48 ./Drivers/BSP/Components/lsm6dsv16x/lsm6dsv16x.o
                0x080084f4                LSM6DSV16X_ACC_GetAxesRaw
 .text.LSM6DSV16X_ACC_GetAxes
                0x0800853c       0xae ./Drivers/BSP/Components/lsm6dsv16x/lsm6dsv16x.o
                0x0800853c                LSM6DSV16X_ACC_GetAxes
 .text.LSM6DSV16X_GYRO_Enable
                0x080085ea       0x48 ./Drivers/BSP/Components/lsm6dsv16x/lsm6dsv16x.o
                0x080085ea                LSM6DSV16X_GYRO_Enable
 .text.LSM6DSV16X_GYRO_Disable
                0x08008632       0x5e ./Drivers/BSP/Components/lsm6dsv16x/lsm6dsv16x.o
                0x08008632                LSM6DSV16X_GYRO_Disable
 .text.LSM6DSV16X_GYRO_GetSensitivity
                0x08008690       0xc8 ./Drivers/BSP/Components/lsm6dsv16x/lsm6dsv16x.o
                0x08008690                LSM6DSV16X_GYRO_GetSensitivity
 .text.LSM6DSV16X_GYRO_GetOutputDataRate
                0x08008758      0x288 ./Drivers/BSP/Components/lsm6dsv16x/lsm6dsv16x.o
                0x08008758                LSM6DSV16X_GYRO_GetOutputDataRate
 .text.LSM6DSV16X_GYRO_SetOutputDataRate
                0x080089e0       0x38 ./Drivers/BSP/Components/lsm6dsv16x/lsm6dsv16x.o
                0x080089e0                LSM6DSV16X_GYRO_SetOutputDataRate
 .text.LSM6DSV16X_GYRO_GetFullScale
                0x08008a18       0xb8 ./Drivers/BSP/Components/lsm6dsv16x/lsm6dsv16x.o
                0x08008a18                LSM6DSV16X_GYRO_GetFullScale
 .text.LSM6DSV16X_GYRO_SetFullScale
                0x08008ad0       0x6a ./Drivers/BSP/Components/lsm6dsv16x/lsm6dsv16x.o
                0x08008ad0                LSM6DSV16X_GYRO_SetFullScale
 .text.LSM6DSV16X_GYRO_GetAxesRaw
                0x08008b3a       0x48 ./Drivers/BSP/Components/lsm6dsv16x/lsm6dsv16x.o
                0x08008b3a                LSM6DSV16X_GYRO_GetAxesRaw
 .text.LSM6DSV16X_GYRO_GetAxes
                0x08008b82       0xae ./Drivers/BSP/Components/lsm6dsv16x/lsm6dsv16x.o
                0x08008b82                LSM6DSV16X_GYRO_GetAxes
 .text.LSM6DSV16X_Write_Reg
                0x08008c30       0x36 ./Drivers/BSP/Components/lsm6dsv16x/lsm6dsv16x.o
                0x08008c30                LSM6DSV16X_Write_Reg
 .text.LSM6DSV16X_Set_Mem_Bank
                0x08008c66       0x4c ./Drivers/BSP/Components/lsm6dsv16x/lsm6dsv16x.o
                0x08008c66                LSM6DSV16X_Set_Mem_Bank
 *fill*         0x08008cb2        0x2 
 .text.LSM6DSV16X_ACC_SetOutputDataRate_When_Enabled
                0x08008cb4      0x144 ./Drivers/BSP/Components/lsm6dsv16x/lsm6dsv16x.o
 .text.LSM6DSV16X_ACC_SetOutputDataRate_When_Disabled
                0x08008df8      0x130 ./Drivers/BSP/Components/lsm6dsv16x/lsm6dsv16x.o
 .text.LSM6DSV16X_GYRO_SetOutputDataRate_When_Enabled
                0x08008f28      0x12c ./Drivers/BSP/Components/lsm6dsv16x/lsm6dsv16x.o
 .text.LSM6DSV16X_GYRO_SetOutputDataRate_When_Disabled
                0x08009054      0x11c ./Drivers/BSP/Components/lsm6dsv16x/lsm6dsv16x.o
 .text.ReadRegWrap
                0x08009170       0x36 ./Drivers/BSP/Components/lsm6dsv16x/lsm6dsv16x.o
 .text.WriteRegWrap
                0x080091a6       0x36 ./Drivers/BSP/Components/lsm6dsv16x/lsm6dsv16x.o
 .text.lsm6dsv16x_read_reg
                0x080091dc       0x3c ./Drivers/BSP/Components/lsm6dsv16x/lsm6dsv16x_reg.o
                0x080091dc                lsm6dsv16x_read_reg
 .text.lsm6dsv16x_write_reg
                0x08009218       0x3c ./Drivers/BSP/Components/lsm6dsv16x/lsm6dsv16x_reg.o
                0x08009218                lsm6dsv16x_write_reg
 .text.lsm6dsv16x_mem_bank_set
                0x08009254       0x62 ./Drivers/BSP/Components/lsm6dsv16x/lsm6dsv16x_reg.o
                0x08009254                lsm6dsv16x_mem_bank_set
 .text.lsm6dsv16x_device_id_get
                0x080092b6       0x22 ./Drivers/BSP/Components/lsm6dsv16x/lsm6dsv16x_reg.o
                0x080092b6                lsm6dsv16x_device_id_get
 .text.lsm6dsv16x_xl_data_rate_set
                0x080092d8       0xa2 ./Drivers/BSP/Components/lsm6dsv16x/lsm6dsv16x_reg.o
                0x080092d8                lsm6dsv16x_xl_data_rate_set
 *fill*         0x0800937a        0x2 
 .text.lsm6dsv16x_xl_data_rate_get
                0x0800937c      0x220 ./Drivers/BSP/Components/lsm6dsv16x/lsm6dsv16x_reg.o
                0x0800937c                lsm6dsv16x_xl_data_rate_get
 .text.lsm6dsv16x_gy_data_rate_set
                0x0800959c       0x9e ./Drivers/BSP/Components/lsm6dsv16x/lsm6dsv16x_reg.o
                0x0800959c                lsm6dsv16x_gy_data_rate_set
 *fill*         0x0800963a        0x2 
 .text.lsm6dsv16x_gy_data_rate_get
                0x0800963c      0x220 ./Drivers/BSP/Components/lsm6dsv16x/lsm6dsv16x_reg.o
                0x0800963c                lsm6dsv16x_gy_data_rate_get
 .text.lsm6dsv16x_auto_increment_set
                0x0800985c       0x4c ./Drivers/BSP/Components/lsm6dsv16x/lsm6dsv16x_reg.o
                0x0800985c                lsm6dsv16x_auto_increment_set
 .text.lsm6dsv16x_block_data_update_set
                0x080098a8       0x4c ./Drivers/BSP/Components/lsm6dsv16x/lsm6dsv16x_reg.o
                0x080098a8                lsm6dsv16x_block_data_update_set
 .text.lsm6dsv16x_gy_full_scale_set
                0x080098f4       0x4c ./Drivers/BSP/Components/lsm6dsv16x/lsm6dsv16x_reg.o
                0x080098f4                lsm6dsv16x_gy_full_scale_set
 .text.lsm6dsv16x_gy_full_scale_get
                0x08009940       0xb0 ./Drivers/BSP/Components/lsm6dsv16x/lsm6dsv16x_reg.o
                0x08009940                lsm6dsv16x_gy_full_scale_get
 .text.lsm6dsv16x_xl_full_scale_set
                0x080099f0       0x4c ./Drivers/BSP/Components/lsm6dsv16x/lsm6dsv16x_reg.o
                0x080099f0                lsm6dsv16x_xl_full_scale_set
 .text.lsm6dsv16x_xl_full_scale_get
                0x08009a3c       0x7c ./Drivers/BSP/Components/lsm6dsv16x/lsm6dsv16x_reg.o
                0x08009a3c                lsm6dsv16x_xl_full_scale_get
 .text.lsm6dsv16x_angular_rate_raw_get
                0x08009ab8       0x9a ./Drivers/BSP/Components/lsm6dsv16x/lsm6dsv16x_reg.o
                0x08009ab8                lsm6dsv16x_angular_rate_raw_get
 .text.lsm6dsv16x_acceleration_raw_get
                0x08009b52       0x9a ./Drivers/BSP/Components/lsm6dsv16x/lsm6dsv16x_reg.o
                0x08009b52                lsm6dsv16x_acceleration_raw_get
 .text.lsm6dsv16x_fifo_mode_set
                0x08009bec       0x4c ./Drivers/BSP/Components/lsm6dsv16x/lsm6dsv16x_reg.o
                0x08009bec                lsm6dsv16x_fifo_mode_set
 .text.lsm6dsv16x_ah_qvar_mode_set
                0x08009c38       0x4a ./Drivers/BSP/Components/lsm6dsv16x/lsm6dsv16x_reg.o
                0x08009c38                lsm6dsv16x_ah_qvar_mode_set
 *fill*         0x08009c82        0x2 
 .text.SHT40AD1B_RegisterBusIO
                0x08009c84       0x94 ./Drivers/BSP/Components/sht40ad1b/sht40ad1b.o
                0x08009c84                SHT40AD1B_RegisterBusIO
 .text.SHT40AD1B_Init
                0x08009d18       0x2e ./Drivers/BSP/Components/sht40ad1b/sht40ad1b.o
                0x08009d18                SHT40AD1B_Init
 .text.SHT40AD1B_DeInit
                0x08009d46       0x1e ./Drivers/BSP/Components/sht40ad1b/sht40ad1b.o
                0x08009d46                SHT40AD1B_DeInit
 .text.SHT40AD1B_ReadID
                0x08009d64       0x20 ./Drivers/BSP/Components/sht40ad1b/sht40ad1b.o
                0x08009d64                SHT40AD1B_ReadID
 .text.SHT40AD1B_GetCapabilities
                0x08009d84       0x56 ./Drivers/BSP/Components/sht40ad1b/sht40ad1b.o
                0x08009d84                SHT40AD1B_GetCapabilities
 .text.SHT40AD1B_HUM_Enable
                0x08009dda       0x2c ./Drivers/BSP/Components/sht40ad1b/sht40ad1b.o
                0x08009dda                SHT40AD1B_HUM_Enable
 .text.SHT40AD1B_HUM_Disable
                0x08009e06       0x2c ./Drivers/BSP/Components/sht40ad1b/sht40ad1b.o
                0x08009e06                SHT40AD1B_HUM_Disable
 .text.SHT40AD1B_HUM_GetOutputDataRate
                0x08009e32       0x20 ./Drivers/BSP/Components/sht40ad1b/sht40ad1b.o
                0x08009e32                SHT40AD1B_HUM_GetOutputDataRate
 .text.SHT40AD1B_HUM_SetOutputDataRate
                0x08009e52       0x1a ./Drivers/BSP/Components/sht40ad1b/sht40ad1b.o
                0x08009e52                SHT40AD1B_HUM_SetOutputDataRate
 .text.SHT40AD1B_HUM_GetHumidity
                0x08009e6c       0x2e ./Drivers/BSP/Components/sht40ad1b/sht40ad1b.o
                0x08009e6c                SHT40AD1B_HUM_GetHumidity
 .text.SHT40AD1B_TEMP_Enable
                0x08009e9a       0x2c ./Drivers/BSP/Components/sht40ad1b/sht40ad1b.o
                0x08009e9a                SHT40AD1B_TEMP_Enable
 .text.SHT40AD1B_TEMP_Disable
                0x08009ec6       0x2c ./Drivers/BSP/Components/sht40ad1b/sht40ad1b.o
                0x08009ec6                SHT40AD1B_TEMP_Disable
 .text.SHT40AD1B_TEMP_GetOutputDataRate
                0x08009ef2       0x20 ./Drivers/BSP/Components/sht40ad1b/sht40ad1b.o
                0x08009ef2                SHT40AD1B_TEMP_GetOutputDataRate
 .text.SHT40AD1B_TEMP_SetOutputDataRate
                0x08009f12       0x1a ./Drivers/BSP/Components/sht40ad1b/sht40ad1b.o
                0x08009f12                SHT40AD1B_TEMP_SetOutputDataRate
 .text.SHT40AD1B_TEMP_GetTemperature
                0x08009f2c       0x2e ./Drivers/BSP/Components/sht40ad1b/sht40ad1b.o
                0x08009f2c                SHT40AD1B_TEMP_GetTemperature
 .text.GetData  0x08009f5a       0x3a ./Drivers/BSP/Components/sht40ad1b/sht40ad1b.o
 .text.ReadRegWrap
                0x08009f94       0x40 ./Drivers/BSP/Components/sht40ad1b/sht40ad1b.o
 .text.WriteRegWrap
                0x08009fd4       0x40 ./Drivers/BSP/Components/sht40ad1b/sht40ad1b.o
 .text.sht40ad1b_read_reg
                0x0800a014       0x30 ./Drivers/BSP/Components/sht40ad1b/sht40ad1b_reg.o
                0x0800a014                sht40ad1b_read_reg
 .text.sht40ad1b_write_reg
                0x0800a044       0x30 ./Drivers/BSP/Components/sht40ad1b/sht40ad1b_reg.o
                0x0800a044                sht40ad1b_write_reg
 .text.sht40ad1b_data_get
                0x0800a074      0x14c ./Drivers/BSP/Components/sht40ad1b/sht40ad1b_reg.o
                0x0800a074                sht40ad1b_data_get
 .text.sht40ad1b_device_id_get
                0x0800a1c0       0x1e ./Drivers/BSP/Components/sht40ad1b/sht40ad1b_reg.o
                0x0800a1c0                sht40ad1b_device_id_get
 .text.crc_calculate
                0x0800a1de       0x7a ./Drivers/BSP/Components/sht40ad1b/sht40ad1b_reg.o
 .text.crc_check
                0x0800a258       0x32 ./Drivers/BSP/Components/sht40ad1b/sht40ad1b_reg.o
 *fill*         0x0800a28a        0x2 
 .text.STTS22H_RegisterBusIO
                0x0800a28c       0x94 ./Drivers/BSP/Components/stts22h/stts22h.o
                0x0800a28c                STTS22H_RegisterBusIO
 .text.STTS22H_Init
                0x0800a320       0x74 ./Drivers/BSP/Components/stts22h/stts22h.o
                0x0800a320                STTS22H_Init
 .text.STTS22H_DeInit
                0x0800a394       0x36 ./Drivers/BSP/Components/stts22h/stts22h.o
                0x0800a394                STTS22H_DeInit
 .text.STTS22H_ReadID
                0x0800a3ca       0x36 ./Drivers/BSP/Components/stts22h/stts22h.o
                0x0800a3ca                STTS22H_ReadID
 .text.STTS22H_GetCapabilities
                0x0800a400       0x58 ./Drivers/BSP/Components/stts22h/stts22h.o
                0x0800a400                STTS22H_GetCapabilities
 .text.STTS22H_TEMP_Enable
                0x0800a458       0x44 ./Drivers/BSP/Components/stts22h/stts22h.o
                0x0800a458                STTS22H_TEMP_Enable
 .text.STTS22H_TEMP_Disable
                0x0800a49c       0x58 ./Drivers/BSP/Components/stts22h/stts22h.o
                0x0800a49c                STTS22H_TEMP_Disable
 .text.STTS22H_TEMP_GetOutputDataRate
                0x0800a4f4      0x15c ./Drivers/BSP/Components/stts22h/stts22h.o
                0x0800a4f4                STTS22H_TEMP_GetOutputDataRate
 .text.STTS22H_TEMP_SetOutputDataRate
                0x0800a650       0x94 ./Drivers/BSP/Components/stts22h/stts22h.o
                0x0800a650                STTS22H_TEMP_SetOutputDataRate
 .text.STTS22H_TEMP_GetTemperature
                0x0800a6e4       0x44 ./Drivers/BSP/Components/stts22h/stts22h.o
                0x0800a6e4                STTS22H_TEMP_GetTemperature
 .text.ReadRegWrap
                0x0800a728       0x6e ./Drivers/BSP/Components/stts22h/stts22h.o
 .text.WriteRegWrap
                0x0800a796       0x6e ./Drivers/BSP/Components/stts22h/stts22h.o
 .text.stts22h_read_reg
                0x0800a804       0x3c ./Drivers/BSP/Components/stts22h/stts22h_reg.o
                0x0800a804                stts22h_read_reg
 .text.stts22h_write_reg
                0x0800a840       0x3c ./Drivers/BSP/Components/stts22h/stts22h_reg.o
                0x0800a840                stts22h_write_reg
 .text.stts22h_from_lsb_to_celsius
                0x0800a87c       0x34 ./Drivers/BSP/Components/stts22h/stts22h_reg.o
                0x0800a87c                stts22h_from_lsb_to_celsius
 .text.stts22h_temp_data_rate_set
                0x0800a8b0       0x82 ./Drivers/BSP/Components/stts22h/stts22h_reg.o
                0x0800a8b0                stts22h_temp_data_rate_set
 *fill*         0x0800a932        0x2 
 .text.stts22h_temp_data_rate_get
                0x0800a934      0x16c ./Drivers/BSP/Components/stts22h/stts22h_reg.o
                0x0800a934                stts22h_temp_data_rate_get
 .text.stts22h_block_data_update_set
                0x0800aaa0       0x4c ./Drivers/BSP/Components/stts22h/stts22h_reg.o
                0x0800aaa0                stts22h_block_data_update_set
 .text.stts22h_temperature_raw_get
                0x0800aaec       0x44 ./Drivers/BSP/Components/stts22h/stts22h_reg.o
                0x0800aaec                stts22h_temperature_raw_get
 .text.stts22h_dev_id_get
                0x0800ab30       0x22 ./Drivers/BSP/Components/stts22h/stts22h_reg.o
                0x0800ab30                stts22h_dev_id_get
 .text.stts22h_auto_increment_set
                0x0800ab52       0x4c ./Drivers/BSP/Components/stts22h/stts22h_reg.o
                0x0800ab52                stts22h_auto_increment_set
 *fill*         0x0800ab9e        0x2 
 .text.IKS4A1_ENV_SENSOR_Init
                0x0800aba0      0x21c ./Drivers/BSP/IKS4A1/iks4a1_env_sensors.o
                0x0800aba0                IKS4A1_ENV_SENSOR_Init
 .text.IKS4A1_ENV_SENSOR_GetCapabilities
                0x0800adbc       0x54 ./Drivers/BSP/IKS4A1/iks4a1_env_sensors.o
                0x0800adbc                IKS4A1_ENV_SENSOR_GetCapabilities
 .text.IKS4A1_ENV_SENSOR_ReadID
                0x0800ae10       0x54 ./Drivers/BSP/IKS4A1/iks4a1_env_sensors.o
                0x0800ae10                IKS4A1_ENV_SENSOR_ReadID
 .text.IKS4A1_ENV_SENSOR_GetOutputDataRate
                0x0800ae64       0x84 ./Drivers/BSP/IKS4A1/iks4a1_env_sensors.o
                0x0800ae64                IKS4A1_ENV_SENSOR_GetOutputDataRate
 .text.IKS4A1_ENV_SENSOR_GetValue
                0x0800aee8       0x84 ./Drivers/BSP/IKS4A1/iks4a1_env_sensors.o
                0x0800aee8                IKS4A1_ENV_SENSOR_GetValue
 .text.STTS22H_0_Probe
                0x0800af6c      0x16c ./Drivers/BSP/IKS4A1/iks4a1_env_sensors.o
 .text.LPS22DF_0_Probe
                0x0800b0d8      0x1a0 ./Drivers/BSP/IKS4A1/iks4a1_env_sensors.o
 .text.SHT40AD1B_0_Probe
                0x0800b278      0x1a0 ./Drivers/BSP/IKS4A1/iks4a1_env_sensors.o
 .text.IKS4A1_MOTION_SENSOR_Init
                0x0800b418      0x264 ./Drivers/BSP/IKS4A1/iks4a1_motion_sensors.o
                0x0800b418                IKS4A1_MOTION_SENSOR_Init
 .text.IKS4A1_MOTION_SENSOR_GetCapabilities
                0x0800b67c       0x54 ./Drivers/BSP/IKS4A1/iks4a1_motion_sensors.o
                0x0800b67c                IKS4A1_MOTION_SENSOR_GetCapabilities
 .text.IKS4A1_MOTION_SENSOR_ReadID
                0x0800b6d0       0x54 ./Drivers/BSP/IKS4A1/iks4a1_motion_sensors.o
                0x0800b6d0                IKS4A1_MOTION_SENSOR_ReadID
 .text.IKS4A1_MOTION_SENSOR_GetAxes
                0x0800b724       0x88 ./Drivers/BSP/IKS4A1/iks4a1_motion_sensors.o
                0x0800b724                IKS4A1_MOTION_SENSOR_GetAxes
 .text.IKS4A1_MOTION_SENSOR_GetOutputDataRate
                0x0800b7ac       0x88 ./Drivers/BSP/IKS4A1/iks4a1_motion_sensors.o
                0x0800b7ac                IKS4A1_MOTION_SENSOR_GetOutputDataRate
 .text.IKS4A1_MOTION_SENSOR_GetFullScale
                0x0800b834       0x88 ./Drivers/BSP/IKS4A1/iks4a1_motion_sensors.o
                0x0800b834                IKS4A1_MOTION_SENSOR_GetFullScale
 .text.LIS2MDL_0_Probe
                0x0800b8bc      0x150 ./Drivers/BSP/IKS4A1/iks4a1_motion_sensors.o
 .text.LSM6DSV16X_0_Probe
                0x0800ba0c      0x198 ./Drivers/BSP/IKS4A1/iks4a1_motion_sensors.o
 .text.LIS2DUXS12_0_Probe
                0x0800bba4      0x16c ./Drivers/BSP/IKS4A1/iks4a1_motion_sensors.o
 .text.LSM6DSO16IS_0_Probe
                0x0800bd10      0x198 ./Drivers/BSP/IKS4A1/iks4a1_motion_sensors.o
 .text.BSP_LED_Init
                0x0800bea8       0x24 ./Drivers/BSP/STM32F4xx_Nucleo/stm32f4xx_nucleo.o
                0x0800bea8                BSP_LED_Init
 .text.LED_USER_GPIO_Init
                0x0800becc       0x84 ./Drivers/BSP/STM32F4xx_Nucleo/stm32f4xx_nucleo.o
 .text.BSP_PB_Init
                0x0800bf50       0xa8 ./Drivers/BSP/STM32F4xx_Nucleo/stm32f4xx_nucleo.o
                0x0800bf50                BSP_PB_Init
 .text.BSP_PB_GetState
                0x0800bff8       0x38 ./Drivers/BSP/STM32F4xx_Nucleo/stm32f4xx_nucleo.o
                0x0800bff8                BSP_PB_GetState
 .text.BUTTON_USER_EXTI_Callback
                0x0800c030        0xe ./Drivers/BSP/STM32F4xx_Nucleo/stm32f4xx_nucleo.o
 *fill*         0x0800c03e        0x2 
 .text.BUTTON_USER_GPIO_Init
                0x0800c040       0x7c ./Drivers/BSP/STM32F4xx_Nucleo/stm32f4xx_nucleo.o
 .text.BSP_COM_Init
                0x0800c0bc       0x7c ./Drivers/BSP/STM32F4xx_Nucleo/stm32f4xx_nucleo.o
                0x0800c0bc                BSP_COM_Init
 .text.MX_USART2_UART_Init
                0x0800c138       0x5c ./Drivers/BSP/STM32F4xx_Nucleo/stm32f4xx_nucleo.o
                0x0800c138                MX_USART2_UART_Init
 .text.__io_putchar
                0x0800c194       0x38 ./Drivers/BSP/STM32F4xx_Nucleo/stm32f4xx_nucleo.o
                0x0800c194                __io_putchar
 .text.USART2_MspInit
                0x0800c1cc       0x90 ./Drivers/BSP/STM32F4xx_Nucleo/stm32f4xx_nucleo.o
 .text.HAL_Init
                0x0800c25c       0x44 ./Drivers/STM32F4xx_HAL_Driver/Src/stm32f4xx_hal.o
                0x0800c25c                HAL_Init
 .text.HAL_InitTick
                0x0800c2a0       0x60 ./Drivers/STM32F4xx_HAL_Driver/Src/stm32f4xx_hal.o
                0x0800c2a0                HAL_InitTick
 .text.HAL_IncTick
                0x0800c300       0x28 ./Drivers/STM32F4xx_HAL_Driver/Src/stm32f4xx_hal.o
                0x0800c300                HAL_IncTick
 .text.HAL_GetTick
                0x0800c328       0x18 ./Drivers/STM32F4xx_HAL_Driver/Src/stm32f4xx_hal.o
                0x0800c328                HAL_GetTick
 .text.HAL_Delay
                0x0800c340       0x48 ./Drivers/STM32F4xx_HAL_Driver/Src/stm32f4xx_hal.o
                0x0800c340                HAL_Delay
 .text.__NVIC_SetPriorityGrouping
                0x0800c388       0x48 ./Drivers/STM32F4xx_HAL_Driver/Src/stm32f4xx_hal_cortex.o
 .text.__NVIC_GetPriorityGrouping
                0x0800c3d0       0x1c ./Drivers/STM32F4xx_HAL_Driver/Src/stm32f4xx_hal_cortex.o
 .text.__NVIC_EnableIRQ
                0x0800c3ec       0x3c ./Drivers/STM32F4xx_HAL_Driver/Src/stm32f4xx_hal_cortex.o
 .text.__NVIC_SetPriority
                0x0800c428       0x54 ./Drivers/STM32F4xx_HAL_Driver/Src/stm32f4xx_hal_cortex.o
 .text.NVIC_EncodePriority
                0x0800c47c       0x66 ./Drivers/STM32F4xx_HAL_Driver/Src/stm32f4xx_hal_cortex.o
 *fill*         0x0800c4e2        0x2 
 .text.SysTick_Config
                0x0800c4e4       0x44 ./Drivers/STM32F4xx_HAL_Driver/Src/stm32f4xx_hal_cortex.o
 .text.HAL_NVIC_SetPriorityGrouping
                0x0800c528       0x16 ./Drivers/STM32F4xx_HAL_Driver/Src/stm32f4xx_hal_cortex.o
                0x0800c528                HAL_NVIC_SetPriorityGrouping
 .text.HAL_NVIC_SetPriority
                0x0800c53e       0x38 ./Drivers/STM32F4xx_HAL_Driver/Src/stm32f4xx_hal_cortex.o
                0x0800c53e                HAL_NVIC_SetPriority
 .text.HAL_NVIC_EnableIRQ
                0x0800c576       0x1c ./Drivers/STM32F4xx_HAL_Driver/Src/stm32f4xx_hal_cortex.o
                0x0800c576                HAL_NVIC_EnableIRQ
 .text.HAL_SYSTICK_Config
                0x0800c592       0x18 ./Drivers/STM32F4xx_HAL_Driver/Src/stm32f4xx_hal_cortex.o
                0x0800c592                HAL_SYSTICK_Config
 *fill*         0x0800c5aa        0x2 
 .text.HAL_DMA_Init
                0x0800c5ac      0x15c ./Drivers/STM32F4xx_HAL_Driver/Src/stm32f4xx_hal_dma.o
                0x0800c5ac                HAL_DMA_Init
 .text.HAL_DMA_Start_IT
                0x0800c708       0xb0 ./Drivers/STM32F4xx_HAL_Driver/Src/stm32f4xx_hal_dma.o
                0x0800c708                HAL_DMA_Start_IT
 .text.HAL_DMA_IRQHandler
                0x0800c7b8      0x314 ./Drivers/STM32F4xx_HAL_Driver/Src/stm32f4xx_hal_dma.o
                0x0800c7b8                HAL_DMA_IRQHandler
 .text.DMA_SetConfig
                0x0800cacc       0x5c ./Drivers/STM32F4xx_HAL_Driver/Src/stm32f4xx_hal_dma.o
 .text.DMA_CalcBaseAndBitshift
                0x0800cb28       0x6c ./Drivers/STM32F4xx_HAL_Driver/Src/stm32f4xx_hal_dma.o
 .text.DMA_CheckFifoParam
                0x0800cb94       0xf8 ./Drivers/STM32F4xx_HAL_Driver/Src/stm32f4xx_hal_dma.o
 .text.HAL_EXTI_RegisterCallback
                0x0800cc8c       0x34 ./Drivers/STM32F4xx_HAL_Driver/Src/stm32f4xx_hal_exti.o
                0x0800cc8c                HAL_EXTI_RegisterCallback
 .text.HAL_EXTI_GetHandle
                0x0800ccc0       0x28 ./Drivers/STM32F4xx_HAL_Driver/Src/stm32f4xx_hal_exti.o
                0x0800ccc0                HAL_EXTI_GetHandle
 .text.HAL_GPIO_Init
                0x0800cce8      0x308 ./Drivers/STM32F4xx_HAL_Driver/Src/stm32f4xx_hal_gpio.o
                0x0800cce8                HAL_GPIO_Init
 .text.HAL_GPIO_DeInit
                0x0800cff0      0x1c8 ./Drivers/STM32F4xx_HAL_Driver/Src/stm32f4xx_hal_gpio.o
                0x0800cff0                HAL_GPIO_DeInit
 .text.HAL_GPIO_ReadPin
                0x0800d1b8       0x30 ./Drivers/STM32F4xx_HAL_Driver/Src/stm32f4xx_hal_gpio.o
                0x0800d1b8                HAL_GPIO_ReadPin
 .text.HAL_GPIO_WritePin
                0x0800d1e8       0x32 ./Drivers/STM32F4xx_HAL_Driver/Src/stm32f4xx_hal_gpio.o
                0x0800d1e8                HAL_GPIO_WritePin
 *fill*         0x0800d21a        0x2 
 .text.HAL_I2C_Init
                0x0800d21c      0x288 ./Drivers/STM32F4xx_HAL_Driver/Src/stm32f4xx_hal_i2c.o
                0x0800d21c                HAL_I2C_Init
 .text.HAL_I2C_DeInit
                0x0800d4a4       0x5e ./Drivers/STM32F4xx_HAL_Driver/Src/stm32f4xx_hal_i2c.o
                0x0800d4a4                HAL_I2C_DeInit
 .text.HAL_I2C_MspInit
                0x0800d502       0x14 ./Drivers/STM32F4xx_HAL_Driver/Src/stm32f4xx_hal_i2c.o
                0x0800d502                HAL_I2C_MspInit
 .text.HAL_I2C_MspDeInit
                0x0800d516       0x14 ./Drivers/STM32F4xx_HAL_Driver/Src/stm32f4xx_hal_i2c.o
                0x0800d516                HAL_I2C_MspDeInit
 *fill*         0x0800d52a        0x2 
 .text.HAL_I2C_Master_Transmit
                0x0800d52c      0x1fc ./Drivers/STM32F4xx_HAL_Driver/Src/stm32f4xx_hal_i2c.o
                0x0800d52c                HAL_I2C_Master_Transmit
 .text.HAL_I2C_Master_Receive
                0x0800d728      0x464 ./Drivers/STM32F4xx_HAL_Driver/Src/stm32f4xx_hal_i2c.o
                0x0800d728                HAL_I2C_Master_Receive
 .text.HAL_I2C_Mem_Write
                0x0800db8c      0x1f4 ./Drivers/STM32F4xx_HAL_Driver/Src/stm32f4xx_hal_i2c.o
                0x0800db8c                HAL_I2C_Mem_Write
 .text.HAL_I2C_Mem_Read
                0x0800dd80      0x464 ./Drivers/STM32F4xx_HAL_Driver/Src/stm32f4xx_hal_i2c.o
                0x0800dd80                HAL_I2C_Mem_Read
 .text.HAL_I2C_GetState
                0x0800e1e4       0x1c ./Drivers/STM32F4xx_HAL_Driver/Src/stm32f4xx_hal_i2c.o
                0x0800e1e4                HAL_I2C_GetState
 .text.HAL_I2C_GetError
                0x0800e200       0x18 ./Drivers/STM32F4xx_HAL_Driver/Src/stm32f4xx_hal_i2c.o
                0x0800e200                HAL_I2C_GetError
 .text.I2C_MasterRequestWrite
                0x0800e218      0x104 ./Drivers/STM32F4xx_HAL_Driver/Src/stm32f4xx_hal_i2c.o
 .text.I2C_MasterRequestRead
                0x0800e31c      0x19c ./Drivers/STM32F4xx_HAL_Driver/Src/stm32f4xx_hal_i2c.o
 .text.I2C_RequestMemoryWrite
                0x0800e4b8      0x12c ./Drivers/STM32F4xx_HAL_Driver/Src/stm32f4xx_hal_i2c.o
 .text.I2C_RequestMemoryRead
                0x0800e5e4      0x1d0 ./Drivers/STM32F4xx_HAL_Driver/Src/stm32f4xx_hal_i2c.o
 .text.I2C_WaitOnFlagUntilTimeout
                0x0800e7b4       0xf4 ./Drivers/STM32F4xx_HAL_Driver/Src/stm32f4xx_hal_i2c.o
 .text.I2C_WaitOnMasterAddressFlagUntilTimeout
                0x0800e8a8      0x140 ./Drivers/STM32F4xx_HAL_Driver/Src/stm32f4xx_hal_i2c.o
 .text.I2C_WaitOnTXEFlagUntilTimeout
                0x0800e9e8       0x90 ./Drivers/STM32F4xx_HAL_Driver/Src/stm32f4xx_hal_i2c.o
 .text.I2C_WaitOnBTFFlagUntilTimeout
                0x0800ea78       0x90 ./Drivers/STM32F4xx_HAL_Driver/Src/stm32f4xx_hal_i2c.o
 .text.I2C_WaitOnRXNEFlagUntilTimeout
                0x0800eb08       0xba ./Drivers/STM32F4xx_HAL_Driver/Src/stm32f4xx_hal_i2c.o
 .text.I2C_IsAcknowledgeFailed
                0x0800ebc2       0x5e ./Drivers/STM32F4xx_HAL_Driver/Src/stm32f4xx_hal_i2c.o
 .text.HAL_RCC_OscConfig
                0x0800ec20      0x4f0 ./Drivers/STM32F4xx_HAL_Driver/Src/stm32f4xx_hal_rcc.o
                0x0800ec20                HAL_RCC_OscConfig
 .text.HAL_RCC_ClockConfig
                0x0800f110      0x1cc ./Drivers/STM32F4xx_HAL_Driver/Src/stm32f4xx_hal_rcc.o
                0x0800f110                HAL_RCC_ClockConfig
 .text.HAL_RCC_GetSysClockFreq
                0x0800f2dc      0x20c ./Drivers/STM32F4xx_HAL_Driver/Src/stm32f4xx_hal_rcc.o
                0x0800f2dc                HAL_RCC_GetSysClockFreq
 .text.HAL_RCC_GetHCLKFreq
                0x0800f4e8       0x18 ./Drivers/STM32F4xx_HAL_Driver/Src/stm32f4xx_hal_rcc.o
                0x0800f4e8                HAL_RCC_GetHCLKFreq
 .text.HAL_RCC_GetPCLK1Freq
                0x0800f500       0x28 ./Drivers/STM32F4xx_HAL_Driver/Src/stm32f4xx_hal_rcc.o
                0x0800f500                HAL_RCC_GetPCLK1Freq
 .text.HAL_RCC_GetPCLK2Freq
                0x0800f528       0x28 ./Drivers/STM32F4xx_HAL_Driver/Src/stm32f4xx_hal_rcc.o
                0x0800f528                HAL_RCC_GetPCLK2Freq
 .text.HAL_SPI_Init
                0x0800f550      0x112 ./Drivers/STM32F4xx_HAL_Driver/Src/stm32f4xx_hal_spi.o
                0x0800f550                HAL_SPI_Init
 .text.HAL_SPI_Transmit
                0x0800f662      0x288 ./Drivers/STM32F4xx_HAL_Driver/Src/stm32f4xx_hal_spi.o
                0x0800f662                HAL_SPI_Transmit
 .text.HAL_SPI_TransmitReceive
                0x0800f8ea      0x352 ./Drivers/STM32F4xx_HAL_Driver/Src/stm32f4xx_hal_spi.o
                0x0800f8ea                HAL_SPI_TransmitReceive
 .text.HAL_SPI_Transmit_DMA
                0x0800fc3c      0x164 ./Drivers/STM32F4xx_HAL_Driver/Src/stm32f4xx_hal_spi.o
                0x0800fc3c                HAL_SPI_Transmit_DMA
 .text.HAL_SPI_TransmitReceive_DMA
                0x0800fda0      0x1f8 ./Drivers/STM32F4xx_HAL_Driver/Src/stm32f4xx_hal_spi.o
                0x0800fda0                HAL_SPI_TransmitReceive_DMA
 .text.HAL_SPI_RxCpltCallback
                0x0800ff98       0x14 ./Drivers/STM32F4xx_HAL_Driver/Src/stm32f4xx_hal_spi.o
                0x0800ff98                HAL_SPI_RxCpltCallback
 .text.HAL_SPI_TxHalfCpltCallback
                0x0800ffac       0x14 ./Drivers/STM32F4xx_HAL_Driver/Src/stm32f4xx_hal_spi.o
                0x0800ffac                HAL_SPI_TxHalfCpltCallback
 .text.HAL_SPI_RxHalfCpltCallback
                0x0800ffc0       0x14 ./Drivers/STM32F4xx_HAL_Driver/Src/stm32f4xx_hal_spi.o
                0x0800ffc0                HAL_SPI_RxHalfCpltCallback
 .text.HAL_SPI_TxRxHalfCpltCallback
                0x0800ffd4       0x14 ./Drivers/STM32F4xx_HAL_Driver/Src/stm32f4xx_hal_spi.o
                0x0800ffd4                HAL_SPI_TxRxHalfCpltCallback
 .text.HAL_SPI_ErrorCallback
                0x0800ffe8       0x14 ./Drivers/STM32F4xx_HAL_Driver/Src/stm32f4xx_hal_spi.o
                0x0800ffe8                HAL_SPI_ErrorCallback
 .text.SPI_DMATransmitCplt
                0x0800fffc       0xa8 ./Drivers/STM32F4xx_HAL_Driver/Src/stm32f4xx_hal_spi.o
 .text.SPI_DMAReceiveCplt
                0x080100a4       0xa8 ./Drivers/STM32F4xx_HAL_Driver/Src/stm32f4xx_hal_spi.o
 .text.SPI_DMATransmitReceiveCplt
                0x0801014c       0x90 ./Drivers/STM32F4xx_HAL_Driver/Src/stm32f4xx_hal_spi.o
 .text.SPI_DMAHalfTransmitCplt
                0x080101dc       0x1c ./Drivers/STM32F4xx_HAL_Driver/Src/stm32f4xx_hal_spi.o
 .text.SPI_DMAHalfReceiveCplt
                0x080101f8       0x1c ./Drivers/STM32F4xx_HAL_Driver/Src/stm32f4xx_hal_spi.o
 .text.SPI_DMAHalfTransmitReceiveCplt
                0x08010214       0x1c ./Drivers/STM32F4xx_HAL_Driver/Src/stm32f4xx_hal_spi.o
 .text.SPI_DMAError
                0x08010230       0x40 ./Drivers/STM32F4xx_HAL_Driver/Src/stm32f4xx_hal_spi.o
 .text.SPI_WaitFlagStateUntilTimeout
                0x08010270      0x110 ./Drivers/STM32F4xx_HAL_Driver/Src/stm32f4xx_hal_spi.o
 .text.SPI_EndRxTransaction
                0x08010380       0xca ./Drivers/STM32F4xx_HAL_Driver/Src/stm32f4xx_hal_spi.o
 *fill*         0x0801044a        0x2 
 .text.SPI_EndRxTxTransaction
                0x0801044c       0xa8 ./Drivers/STM32F4xx_HAL_Driver/Src/stm32f4xx_hal_spi.o
 .text.HAL_TIM_Base_Init
                0x080104f4       0x9e ./Drivers/STM32F4xx_HAL_Driver/Src/stm32f4xx_hal_tim.o
                0x080104f4                HAL_TIM_Base_Init
 *fill*         0x08010592        0x2 
 .text.HAL_TIM_Base_Start_IT
                0x08010594       0xc4 ./Drivers/STM32F4xx_HAL_Driver/Src/stm32f4xx_hal_tim.o
                0x08010594                HAL_TIM_Base_Start_IT
 .text.HAL_TIM_IRQHandler
                0x08010658      0x1e0 ./Drivers/STM32F4xx_HAL_Driver/Src/stm32f4xx_hal_tim.o
                0x08010658                HAL_TIM_IRQHandler
 .text.HAL_TIM_ConfigClockSource
                0x08010838      0x18e ./Drivers/STM32F4xx_HAL_Driver/Src/stm32f4xx_hal_tim.o
                0x08010838                HAL_TIM_ConfigClockSource
 .text.HAL_TIM_OC_DelayElapsedCallback
                0x080109c6       0x14 ./Drivers/STM32F4xx_HAL_Driver/Src/stm32f4xx_hal_tim.o
                0x080109c6                HAL_TIM_OC_DelayElapsedCallback
 .text.HAL_TIM_IC_CaptureCallback
                0x080109da       0x14 ./Drivers/STM32F4xx_HAL_Driver/Src/stm32f4xx_hal_tim.o
                0x080109da                HAL_TIM_IC_CaptureCallback
 .text.HAL_TIM_PWM_PulseFinishedCallback
                0x080109ee       0x14 ./Drivers/STM32F4xx_HAL_Driver/Src/stm32f4xx_hal_tim.o
                0x080109ee                HAL_TIM_PWM_PulseFinishedCallback
 .text.HAL_TIM_TriggerCallback
                0x08010a02       0x14 ./Drivers/STM32F4xx_HAL_Driver/Src/stm32f4xx_hal_tim.o
                0x08010a02                HAL_TIM_TriggerCallback
 *fill*         0x08010a16        0x2 
 .text.TIM_Base_SetConfig
                0x08010a18      0x10c ./Drivers/STM32F4xx_HAL_Driver/Src/stm32f4xx_hal_tim.o
                0x08010a18                TIM_Base_SetConfig
 .text.TIM_TI1_ConfigInputStage
                0x08010b24       0x5e ./Drivers/STM32F4xx_HAL_Driver/Src/stm32f4xx_hal_tim.o
 .text.TIM_TI2_ConfigInputStage
                0x08010b82       0x60 ./Drivers/STM32F4xx_HAL_Driver/Src/stm32f4xx_hal_tim.o
 .text.TIM_ITRx_SetConfig
                0x08010be2       0x36 ./Drivers/STM32F4xx_HAL_Driver/Src/stm32f4xx_hal_tim.o
 .text.TIM_ETR_SetConfig
                0x08010c18       0x40 ./Drivers/STM32F4xx_HAL_Driver/Src/stm32f4xx_hal_tim.o
                0x08010c18                TIM_ETR_SetConfig
 .text.HAL_TIMEx_MasterConfigSynchronization
                0x08010c58       0xdc ./Drivers/STM32F4xx_HAL_Driver/Src/stm32f4xx_hal_tim_ex.o
                0x08010c58                HAL_TIMEx_MasterConfigSynchronization
 .text.HAL_TIMEx_CommutCallback
                0x08010d34       0x14 ./Drivers/STM32F4xx_HAL_Driver/Src/stm32f4xx_hal_tim_ex.o
                0x08010d34                HAL_TIMEx_CommutCallback
 .text.HAL_TIMEx_BreakCallback
                0x08010d48       0x14 ./Drivers/STM32F4xx_HAL_Driver/Src/stm32f4xx_hal_tim_ex.o
                0x08010d48                HAL_TIMEx_BreakCallback
 .text.HAL_UART_Init
                0x08010d5c       0xa0 ./Drivers/STM32F4xx_HAL_Driver/Src/stm32f4xx_hal_uart.o
                0x08010d5c                HAL_UART_Init
 .text.HAL_UART_MspInit
                0x08010dfc       0x14 ./Drivers/STM32F4xx_HAL_Driver/Src/stm32f4xx_hal_uart.o
                0x08010dfc                HAL_UART_MspInit
 .text.HAL_UART_Transmit
                0x08010e10      0x116 ./Drivers/STM32F4xx_HAL_Driver/Src/stm32f4xx_hal_uart.o
                0x08010e10                HAL_UART_Transmit
 .text.UART_WaitOnFlagUntilTimeout
                0x08010f26       0xb2 ./Drivers/STM32F4xx_HAL_Driver/Src/stm32f4xx_hal_uart.o
 .text.UART_EndRxTransfer
                0x08010fd8       0xc6 ./Drivers/STM32F4xx_HAL_Driver/Src/stm32f4xx_hal_uart.o
 *fill*         0x0801109e        0x2 
 .text.UART_SetConfig
                0x080110a0      0x4e8 ./Drivers/STM32F4xx_HAL_Driver/Src/stm32f4xx_hal_uart.o
 .text.get_fattime
                0x08011588       0x10 ./FATFS/App/fatfs.o
                0x08011588                get_fattime
 .text.MX_MEMS_Init
                0x08011598        0xc ./MEMS/App/app_mems.o
                0x08011598                MX_MEMS_Init
 .text.MX_MEMS_Process
                0x080115a4        0xc ./MEMS/App/app_mems.o
                0x080115a4                MX_MEMS_Process
 .text.MX_IKS4A1_DataLogTerminal_Init
                0x080115b0      0x3f0 ./MEMS/App/app_mems.o
 .text.BSP_PB_Callback
                0x080119a0       0x20 ./MEMS/App/app_mems.o
                0x080119a0                BSP_PB_Callback
 .text.MX_IKS4A1_DataLogTerminal_Process
                0x080119c0      0x14c ./MEMS/App/app_mems.o
 *fill*         0x08011b0c        0x4 
 .text.floatToInt
                0x08011b10      0x100 ./MEMS/App/app_mems.o
 .text.Accelero_Sensor_Handler
                0x08011c10      0x180 ./MEMS/App/app_mems.o
 .text.Gyro_Sensor_Handler
                0x08011d90      0x180 ./MEMS/App/app_mems.o
 .text.Magneto_Sensor_Handler
                0x08011f10      0x180 ./MEMS/App/app_mems.o
 .text.Temp_Sensor_Handler
                0x08012090      0x150 ./MEMS/App/app_mems.o
 .text.Press_Sensor_Handler
                0x080121e0      0x140 ./MEMS/App/app_mems.o
 .text.Hum_Sensor_Handler
                0x08012320      0x140 ./MEMS/App/app_mems.o
 .text.disk_status
                0x08012460       0x34 ./Middlewares/Third_Party/FatFs/src/diskio.o
                0x08012460                disk_status
 .text.disk_initialize
                0x08012494       0x50 ./Middlewares/Third_Party/FatFs/src/diskio.o
                0x08012494                disk_initialize
 .text.disk_read
                0x080124e4       0x40 ./Middlewares/Third_Party/FatFs/src/diskio.o
                0x080124e4                disk_read
 .text.disk_write
                0x08012524       0x40 ./Middlewares/Third_Party/FatFs/src/diskio.o
                0x08012524                disk_write
 .text.disk_ioctl
                0x08012564       0x3c ./Middlewares/Third_Party/FatFs/src/diskio.o
                0x08012564                disk_ioctl
 .text.ld_word  0x080125a0       0x32 ./Middlewares/Third_Party/FatFs/src/ff.o
 .text.ld_dword
                0x080125d2       0x46 ./Middlewares/Third_Party/FatFs/src/ff.o
 .text.st_word  0x08012618       0x36 ./Middlewares/Third_Party/FatFs/src/ff.o
 .text.st_dword
                0x0801264e       0x58 ./Middlewares/Third_Party/FatFs/src/ff.o
 .text.mem_cpy  0x080126a6       0x42 ./Middlewares/Third_Party/FatFs/src/ff.o
 .text.mem_set  0x080126e8       0x36 ./Middlewares/Third_Party/FatFs/src/ff.o
 .text.mem_cmp  0x0801271e       0x4e ./Middlewares/Third_Party/FatFs/src/ff.o
 .text.chk_chr  0x0801276c       0x36 ./Middlewares/Third_Party/FatFs/src/ff.o
 *fill*         0x080127a2        0x2 
 .text.chk_lock
                0x080127a4       0xb8 ./Middlewares/Third_Party/FatFs/src/ff.o
 .text.enq_lock
                0x0801285c       0x44 ./Middlewares/Third_Party/FatFs/src/ff.o
 .text.inc_lock
                0x080128a0      0x11c ./Middlewares/Third_Party/FatFs/src/ff.o
 .text.dec_lock
                0x080129bc       0x78 ./Middlewares/Third_Party/FatFs/src/ff.o
 .text.clear_lock
                0x08012a34       0x48 ./Middlewares/Third_Party/FatFs/src/ff.o
 .text.sync_window
                0x08012a7c       0x88 ./Middlewares/Third_Party/FatFs/src/ff.o
 .text.move_window
                0x08012b04       0x5a ./Middlewares/Third_Party/FatFs/src/ff.o
 *fill*         0x08012b5e        0x2 
 .text.sync_fs  0x08012b60       0xdc ./Middlewares/Third_Party/FatFs/src/ff.o
 .text.clust2sect
                0x08012c3c       0x3e ./Middlewares/Third_Party/FatFs/src/ff.o
 .text.get_fat  0x08012c7a      0x14e ./Middlewares/Third_Party/FatFs/src/ff.o
 .text.put_fat  0x08012dc8      0x1d4 ./Middlewares/Third_Party/FatFs/src/ff.o
 .text.remove_chain
                0x08012f9c       0xca ./Middlewares/Third_Party/FatFs/src/ff.o
 .text.create_chain
                0x08013066      0x130 ./Middlewares/Third_Party/FatFs/src/ff.o
 .text.clmt_clust
                0x08013196       0x68 ./Middlewares/Third_Party/FatFs/src/ff.o
 .text.dir_sdi  0x080131fe       0xf6 ./Middlewares/Third_Party/FatFs/src/ff.o
 .text.dir_next
                0x080132f4      0x18a ./Middlewares/Third_Party/FatFs/src/ff.o
 .text.dir_alloc
                0x0801347e       0x8e ./Middlewares/Third_Party/FatFs/src/ff.o
 .text.ld_clust
                0x0801350c       0x3e ./Middlewares/Third_Party/FatFs/src/ff.o
 .text.st_clust
                0x0801354a       0x40 ./Middlewares/Third_Party/FatFs/src/ff.o
 *fill*         0x0801358a        0x2 
 .text.cmp_lfn  0x0801358c       0xe0 ./Middlewares/Third_Party/FatFs/src/ff.o
 .text.put_lfn  0x0801366c       0xd0 ./Middlewares/Third_Party/FatFs/src/ff.o
 .text.gen_numname
                0x0801373c      0x11c ./Middlewares/Third_Party/FatFs/src/ff.o